  Determining projects to restore...
  Restored /Users/silviomartignetti/Developer/Wovera/CsEval/src/CsEval/CsEval.csproj (in 28 ms).
  Restored /Users/silviomartignetti/Developer/Wovera/CsEval/tests/CsEval.Test/CsEval.Test.csproj (in 76 ms).
  CsEval -> /Users/silviomartignetti/Developer/Wovera/CsEval/src/CsEval/bin/Debug/net7.0/CsEval.dll
/Users/silviomartignetti/Developer/Wovera/CsEval/tests/CsEval.Test/Evaluator/AssignmentTests.cs(2344,18): warning CS0108: 'AssignmentTests.TestPerson' hides inherited member 'TestBase.TestPerson'. Use the new keyword if hiding was intended. [/Users/silviomartignetti/Developer/Wovera/CsEval/tests/CsEval.Test/CsEval.Test.csproj]
/Users/silviomartignetti/Developer/Wovera/CsEval/tests/CsEval.Test/Evaluator/ArithmeticTests.cs(7,47): warning CS9124: Parameter 'CompilationMode mode' is captured into the state of the enclosing type and its value is also used to initialize a field, property, or event. [/Users/silviomartignetti/Developer/Wovera/CsEval/tests/CsEval.Test/CsEval.Test.csproj]
/Users/silviomartignetti/Developer/Wovera/CsEval/tests/CsEval.Test/Evaluator/LiteralTests.cs(7,47): warning CS9124: Parameter 'CompilationMode mode' is captured into the state of the enclosing type and its value is also used to initialize a field, property, or event. [/Users/silviomartignetti/Developer/Wovera/CsEval/tests/CsEval.Test/CsEval.Test.csproj]
  CsEval.Test -> /Users/silviomartignetti/Developer/Wovera/CsEval/tests/CsEval.Test/bin/Debug/net7.0/CsEval.Test.dll
Test run for /Users/silviomartignetti/Developer/Wovera/CsEval/tests/CsEval.Test/bin/Debug/net7.0/CsEval.Test.dll (.NETCoreApp,Version=v7.0)
Microsoft (R) Test Execution Command Line Tool Version 17.9.0 (arm64)
Copyright (c) Microsoft Corporation.  All rights reserved.

Starting test execution, please wait...
A total of 1 test files matched the specified pattern.
  Failed Eval_DictionaryMerge_WithVariables(Eager) [4 ms]
  Error Message:
   CsEval.Evaluation.CsEvalException : Cannot add ExpandoObject and ExpandoObject in compiled expression. Object merging requires tree-walking evaluation.
  Stack Trace:
     at CsEval.Evaluation.RuntimeHelpers.Add(Object left, Object right, CsEvalOptions options) in /Users/silviomartignetti/Developer/Wovera/CsEval/src/CsEval/Evaluation/RuntimeHelpers.cs:line 44
   at lambda_method758(Closure, CsEvalContext, CsEvalOptions, CancellationToken)
   at CsEval.Evaluation.ExpressionCompiler.<>c__DisplayClass1_0.<TryCompile>b__0(CsEvalContext ctx, CsEvalOptions opts, CancellationToken ct) in /Users/silviomartignetti/Developer/Wovera/CsEval/src/CsEval/Evaluation/ExpressionCompiler.cs:line 61
   at CsEval.CsEvalEngine.Evaluate(CsEvalExpression expression, IServiceProvider serviceProvider, CancellationToken cancellationToken) in /Users/silviomartignetti/Developer/Wovera/CsEval/src/CsEval/CsEvalEngine.cs:line 115
   at CsEval.CsEvalEngine.Evaluate(String expression, IServiceProvider serviceProvider, CancellationToken cancellationToken) in /Users/silviomartignetti/Developer/Wovera/CsEval/src/CsEval/CsEvalEngine.cs:line 93
   at CsEval.CsEvalEngine.Evaluate(String expression, IServiceProvider serviceProvider) in /Users/silviomartignetti/Developer/Wovera/CsEval/src/CsEval/CsEvalEngine.cs:line 87
   at CsEval.Test.Evaluator.ObjectMergeTests.Eval_DictionaryMerge_WithVariables(CompilationMode mode) in /Users/silviomartignetti/Developer/Wovera/CsEval/tests/CsEval.Test/Evaluator/ObjectMergeTests.cs:line 43
   at System.RuntimeMethodHandle.InvokeMethod(Object target, Void** arguments, Signature sig, Boolean isConstructor)
   at System.Reflection.MethodInvoker.Invoke(Object obj, IntPtr* args, BindingFlags invokeAttr)

  Failed Eval_DictionaryPlusTypedObject(Eager) [< 1 ms]
  Error Message:
   CsEval.Evaluation.CsEvalException : Cannot add ExpandoObject and TestPerson in compiled expression. Object merging requires tree-walking evaluation.
  Stack Trace:
     at CsEval.Evaluation.RuntimeHelpers.Add(Object left, Object right, CsEvalOptions options) in /Users/silviomartignetti/Developer/Wovera/CsEval/src/CsEval/Evaluation/RuntimeHelpers.cs:line 44
   at lambda_method759(Closure, CsEvalContext, CsEvalOptions, CancellationToken)
   at CsEval.Evaluation.ExpressionCompiler.<>c__DisplayClass1_0.<TryCompile>b__0(CsEvalContext ctx, CsEvalOptions opts, CancellationToken ct) in /Users/silviomartignetti/Developer/Wovera/CsEval/src/CsEval/Evaluation/ExpressionCompiler.cs:line 61
   at CsEval.CsEvalEngine.Evaluate(CsEvalExpression expression, IServiceProvider serviceProvider, CancellationToken cancellationToken) in /Users/silviomartignetti/Developer/Wovera/CsEval/src/CsEval/CsEvalEngine.cs:line 115
   at CsEval.CsEvalEngine.Evaluate(String expression, IServiceProvider serviceProvider, CancellationToken cancellationToken) in /Users/silviomartignetti/Developer/Wovera/CsEval/src/CsEval/CsEvalEngine.cs:line 93
   at CsEval.CsEvalEngine.Evaluate(String expression, IServiceProvider serviceProvider) in /Users/silviomartignetti/Developer/Wovera/CsEval/src/CsEval/CsEvalEngine.cs:line 87
   at CsEval.Test.Evaluator.ObjectMergeTests.Eval_DictionaryPlusTypedObject(CompilationMode mode) in /Users/silviomartignetti/Developer/Wovera/CsEval/tests/CsEval.Test/Evaluator/ObjectMergeTests.cs:line 180
   at System.RuntimeMethodHandle.InvokeMethod(Object target, Void** arguments, Signature sig, Boolean isConstructor)
   at System.Reflection.MethodInvoker.Invoke(Object obj, IntPtr* args, BindingFlags invokeAttr)

  Failed Eval_TwoTypedObjects(Eager) [< 1 ms]
  Error Message:
   CsEval.Evaluation.CsEvalException : Cannot add TestPerson and TestAddress in compiled expression. Object merging requires tree-walking evaluation.
  Stack Trace:
     at CsEval.Evaluation.RuntimeHelpers.Add(Object left, Object right, CsEvalOptions options) in /Users/silviomartignetti/Developer/Wovera/CsEval/src/CsEval/Evaluation/RuntimeHelpers.cs:line 44
   at lambda_method762(Closure, CsEvalContext, CsEvalOptions, CancellationToken)
   at CsEval.Evaluation.ExpressionCompiler.<>c__DisplayClass1_0.<TryCompile>b__0(CsEvalContext ctx, CsEvalOptions opts, CancellationToken ct) in /Users/silviomartignetti/Developer/Wovera/CsEval/src/CsEval/Evaluation/ExpressionCompiler.cs:line 61
   at CsEval.CsEvalEngine.Evaluate(CsEvalExpression expression, IServiceProvider serviceProvider, CancellationToken cancellationToken) in /Users/silviomartignetti/Developer/Wovera/CsEval/src/CsEval/CsEvalEngine.cs:line 115
   at CsEval.CsEvalEngine.Evaluate(String expression, IServiceProvider serviceProvider, CancellationToken cancellationToken) in /Users/silviomartignetti/Developer/Wovera/CsEval/src/CsEval/CsEvalEngine.cs:line 93
   at CsEval.CsEvalEngine.Evaluate(String expression, IServiceProvider serviceProvider) in /Users/silviomartignetti/Developer/Wovera/CsEval/src/CsEval/CsEvalEngine.cs:line 87
   at CsEval.Test.Evaluator.ObjectMergeTests.Eval_TwoTypedObjects(CompilationMode mode) in /Users/silviomartignetti/Developer/Wovera/CsEval/tests/CsEval.Test/Evaluator/ObjectMergeTests.cs:line 194
   at System.RuntimeMethodHandle.InvokeMethod(Object target, Void** arguments, Signature sig, Boolean isConstructor)
   at System.Reflection.MethodInvoker.Invoke(Object obj, IntPtr* args, BindingFlags invokeAttr)

  Failed TypedDeclaration_Bool_ThrowsOnIntAssignment(Eager) [10 ms]
  Error Message:
     Assert.That(caughtException, expression)
  Expected: <CsEval.Evaluation.CsEvalException>
  But was:  null

  Stack Trace:
     at CsEval.Test.Evaluator.VariableDeclarationTests.TypedDeclaration_Bool_ThrowsOnIntAssignment(CompilationMode mode) in /Users/silviomartignetti/Developer/Wovera/CsEval/tests/CsEval.Test/Evaluator/VariableDeclarationTests.cs:line 160

1)    at CsEval.Test.Evaluator.VariableDeclarationTests.TypedDeclaration_Bool_ThrowsOnIntAssignment(CompilationMode mode) in /Users/silviomartignetti/Developer/Wovera/CsEval/tests/CsEval.Test/Evaluator/VariableDeclarationTests.cs:line 160


  Failed TypedDeclaration_Double_CoercesFromInt(Eager) [< 1 ms]
  Error Message:
     Assert.That(result, Is.TypeOf<double>())
  Expected: <System.Double>
  But was:  <System.Int32>

  Stack Trace:
     at CsEval.Test.Evaluator.VariableDeclarationTests.TypedDeclaration_Double_CoercesFromInt(CompilationMode mode) in /Users/silviomartignetti/Developer/Wovera/CsEval/tests/CsEval.Test/Evaluator/VariableDeclarationTests.cs:line 127

1)    at CsEval.Test.Evaluator.VariableDeclarationTests.TypedDeclaration_Double_CoercesFromInt(CompilationMode mode) in /Users/silviomartignetti/Developer/Wovera/CsEval/tests/CsEval.Test/Evaluator/VariableDeclarationTests.cs:line 127


  Failed TypedDeclaration_Int_CoercesFromSmaller(Eager) [< 1 ms]
  Error Message:
     Assert.That(result, Is.TypeOf<int>())
  Expected: <System.Int32>
  But was:  <System.Byte>

  Stack Trace:
     at CsEval.Test.Evaluator.VariableDeclarationTests.TypedDeclaration_Int_CoercesFromSmaller(CompilationMode mode) in /Users/silviomartignetti/Developer/Wovera/CsEval/tests/CsEval.Test/Evaluator/VariableDeclarationTests.cs:line 109

1)    at CsEval.Test.Evaluator.VariableDeclarationTests.TypedDeclaration_Int_CoercesFromSmaller(CompilationMode mode) in /Users/silviomartignetti/Developer/Wovera/CsEval/tests/CsEval.Test/Evaluator/VariableDeclarationTests.cs:line 109


  Failed TypedDeclaration_Int_ThrowsOnNullAssignment(Eager) [< 1 ms]
  Error Message:
     Assert.That(caughtException, expression)
  Expected: <CsEval.Evaluation.CsEvalException>
  But was:  null

  Stack Trace:
     at CsEval.Test.Evaluator.VariableDeclarationTests.TypedDeclaration_Int_ThrowsOnNullAssignment(CompilationMode mode) in /Users/silviomartignetti/Developer/Wovera/CsEval/tests/CsEval.Test/Evaluator/VariableDeclarationTests.cs:line 146

1)    at CsEval.Test.Evaluator.VariableDeclarationTests.TypedDeclaration_Int_ThrowsOnNullAssignment(CompilationMode mode) in /Users/silviomartignetti/Developer/Wovera/CsEval/tests/CsEval.Test/Evaluator/VariableDeclarationTests.cs:line 146


  Failed TypedDeclaration_Int_ThrowsOnStringAssignment(Eager) [< 1 ms]
  Error Message:
     Assert.That(caughtException, expression)
  Expected: <CsEval.Evaluation.CsEvalException>
  But was:  null

  Stack Trace:
     at CsEval.Test.Evaluator.VariableDeclarationTests.TypedDeclaration_Int_ThrowsOnStringAssignment(CompilationMode mode) in /Users/silviomartignetti/Developer/Wovera/CsEval/tests/CsEval.Test/Evaluator/VariableDeclarationTests.cs:line 139

1)    at CsEval.Test.Evaluator.VariableDeclarationTests.TypedDeclaration_Int_ThrowsOnStringAssignment(CompilationMode mode) in /Users/silviomartignetti/Developer/Wovera/CsEval/tests/CsEval.Test/Evaluator/VariableDeclarationTests.cs:line 139


  Failed TypedDeclaration_Long(Eager) [< 1 ms]
  Error Message:
     Assert.That(result, Is.TypeOf<long>())
  Expected: <System.Int64>
  But was:  <System.Int32>

  Stack Trace:
     at CsEval.Test.Evaluator.VariableDeclarationTests.TypedDeclaration_Long(CompilationMode mode) in /Users/silviomartignetti/Developer/Wovera/CsEval/tests/CsEval.Test/Evaluator/VariableDeclarationTests.cs:line 42

1)    at CsEval.Test.Evaluator.VariableDeclarationTests.TypedDeclaration_Long(CompilationMode mode) in /Users/silviomartignetti/Developer/Wovera/CsEval/tests/CsEval.Test/Evaluator/VariableDeclarationTests.cs:line 42


  Failed TypedDeclaration_Long_CoercesFromInt(Eager) [< 1 ms]
  Error Message:
     Assert.That(result, Is.TypeOf<long>())
  Expected: <System.Int64>
  But was:  <System.Int32>

  Stack Trace:
     at CsEval.Test.Evaluator.VariableDeclarationTests.TypedDeclaration_Long_CoercesFromInt(CompilationMode mode) in /Users/silviomartignetti/Developer/Wovera/CsEval/tests/CsEval.Test/Evaluator/VariableDeclarationTests.cs:line 118

1)    at CsEval.Test.Evaluator.VariableDeclarationTests.TypedDeclaration_Long_CoercesFromInt(CompilationMode mode) in /Users/silviomartignetti/Developer/Wovera/CsEval/tests/CsEval.Test/Evaluator/VariableDeclarationTests.cs:line 118


  Failed TypedDeclaration_String_ThrowsOnIntAssignment(Eager) [< 1 ms]
  Error Message:
     Assert.That(caughtException, expression)
  Expected: <CsEval.Evaluation.CsEvalException>
  But was:  null

  Stack Trace:
     at CsEval.Test.Evaluator.VariableDeclarationTests.TypedDeclaration_String_ThrowsOnIntAssignment(CompilationMode mode) in /Users/silviomartignetti/Developer/Wovera/CsEval/tests/CsEval.Test/Evaluator/VariableDeclarationTests.cs:line 153

1)    at CsEval.Test.Evaluator.VariableDeclarationTests.TypedDeclaration_String_ThrowsOnIntAssignment(CompilationMode mode) in /Users/silviomartignetti/Developer/Wovera/CsEval/tests/CsEval.Test/Evaluator/VariableDeclarationTests.cs:line 153


CreateChild + Evaluate: 31ms total, 322,581 ops/sec, 3.10μs/op
New engine + Evaluate: 442ms total, 22,624 ops/sec, 44.20μs/op

Property access (IL compiled): 6ms total, 1,666,667 ops/sec, 0.60μs/op

Simple arithmetic (IL compiled): 2ms total, 5,000,000 ops/sec, 0.20μs/op

Ternary (IL compiled): 3ms total, 3,333,333 ops/sec, 0.30μs/op

With variables (IL compiled): 2ms total, 5,000,000 ops/sec, 0.20μs/op

Evaluate anonymous object: 59ms total, 169,492 ops/sec, 5.90μs/op

Evaluate arithmetic: 47ms total, 212,766 ops/sec, 4.70μs/op

Evaluate array literal: 91ms total, 109,890 ops/sec, 9.10μs/op

Evaluate chained lambda: 152ms total, 65,789 ops/sec, 15.20μs/op

Evaluate interpolation: 74ms total, 135,135 ops/sec, 7.40μs/op

Evaluate lambda: 90ms total, 111,111 ops/sec, 9.00μs/op

Evaluate member access: 22ms total, 454,545 ops/sec, 2.20μs/op

Evaluate method call: 44ms total, 227,273 ops/sec, 4.40μs/op

Evaluate with variables: 41ms total, 243,902 ops/sec, 4.10μs/op

Module method call: 75ms total, 133,333 ops/sec, 7.50μs/op

Parse complex expression: 138ms total, 72,464 ops/sec, 13.80μs/op

Parse simple expression: 25ms total, 400,000 ops/sec, 2.50μs/op

Evaluate on-the-fly: 156ms total, 64,103 ops/sec, 15.60μs/op
Evaluate pre-parsed: 34ms total, 294,118 ops/sec, 3.40μs/op
Pre-parsing improvement: 78.2%

Heavy reflection (merge + spread + props): 581ms total, 17,212 ops/sec, 58.10μs/op

Multiple typed objects (3 types, 4 props): 79ms total, 126,582 ops/sec, 7.90μs/op

Method call on string: 29ms total, 344,828 ops/sec, 2.90μs/op

Object merge (typed + anonymous): 137ms total, 72,993 ops/sec, 13.70μs/op

Spread typed object: 71ms total, 140,845 ops/sec, 7.10μs/op

Typed object property access (3 props): 85ms total, 117,647 ops/sec, 8.50μs/op

  Skipped ModifyingParent_WhileChildrenRead_ShouldCrashOrCorrupt [< 1 ms]
  Skipped ModifyingParent_WhileChildrenRead_ShouldCrashOrCorrupt [< 1 ms]
2147483647 + 1 = -2147483648

Recursion test: Unexpected token 'int' at 2:18

'1 + true' => Threw CsEvalException: Cannot add Int32 and Boolean in compiled expression. Object merging requires tree-walking evaluation.
''a' + 1' => a1 (String)
'null + 5' => Threw CsEvalException: Cannot add null and Int32 in compiled expression. Object merging requires tree-walking evaluation.
'5 + null' => Threw CsEvalException: Cannot add Int32 and null in compiled expression. Object merging requires tree-walking evaluation.
'true + false' => Threw CsEvalException: Cannot add Boolean and Boolean in compiled expression. Object merging requires tree-walking evaluation.

2147483647 + 1 = -2147483648

Recursion test: Unexpected token 'int' at 2:18

'1 + true' => System.Collections.Generic.Dictionary`2[System.String,System.Object] (Dictionary`2)
''a' + 1' => a1 (String)
'null + 5' => Threw CsEvalException: Cannot add null and Int32
'5 + null' => Threw CsEvalException: Cannot add Int32 and null
'true + false' => System.Collections.Generic.Dictionary`2[System.String,System.Object] (Dictionary`2)

Fuzz 'Qd-*}P,(&+->-V+&/$>h)]b*9(j](]"Y-]u!")?-W|>*|+(#[)>&o*&,-""--,-/=]|-1!' caused LexerException: Unexpected character '$' at 1:19. Did you mean '$"...'?

Fuzz 'V1--->/=j<=|*;/!]+/=]c1=|*&><*><, +'/-*+)!!>/;|>"-|&{}|+//)<+>2-C|*=<r&/n+=!*->[**P`;":)[>[-`+[=-*' caused LexerException: Unterminated string at 1:99

  Failed NestedLoops_ExponentialComplexity_ShouldRespectMaxIterations [777 ms]
  Error Message:
     Assert.That(caughtException, expression)
  Expected: <CsEval.Evaluation.CsEvalException>
  But was:  null

  Stack Trace:
     at CsEval.Test.Stress.EvaluationChaosTests.NestedLoops_ExponentialComplexity_ShouldRespectMaxIterations() in /Users/silviomartignetti/Developer/Wovera/CsEval/tests/CsEval.Test/Stress/EvaluationChaosTests.cs:line 41
   at InvokeStub_EvaluationChaosTests.NestedLoops_ExponentialComplexity_ShouldRespectMaxIterations(Object, Object, IntPtr*)

1)    at CsEval.Test.Stress.EvaluationChaosTests.NestedLoops_ExponentialComplexity_ShouldRespectMaxIterations() in /Users/silviomartignetti/Developer/Wovera/CsEval/tests/CsEval.Test/Stress/EvaluationChaosTests.cs:line 41
   at InvokeStub_EvaluationChaosTests.NestedLoops_ExponentialComplexity_ShouldRespectMaxIterations(Object, Object, IntPtr*)


Fuzz 'u||&G;>!)<H{]!!|!|A(f"=<|-;!{<q_^.!}]!)<+-][*XD&' caused LexerException: Unterminated string at 1:49

Fuzz ']o$'-|>J--m]|.>-=|[p+-=)|]<-/+o<,+(;;'jT*+./|W'A+/]&;;?k=)|/!!!' caused LexerException: Unexpected character '$' at 1:4. Did you mean '$"...'?

Fuzz 'Jy&+;T<,&>=*=|!"=-+({*/]p*&!S|)!;|3!{{'<*'*}' caused LexerException: Unterminated string at 1:45

Fuzz '/|&<=W{>-6P+wS;<&)+*="B_'](J|{{!;5.D+YW( /]%--nz!c<}==+;|+/[;/g!/T5@' caused LexerException: Unterminated string at 1:69

Fuzz 'A"*='.!+>!>'|&,!))ipg[},R!>;".>><!-+,+<(!>.<!*w++/&G@)&Z,' caused LexerException: Unexpected character '@' at 1:54. Did you mean '@"...'?

Fuzz '!"-,<l !H],{_e6]<\J&<({>),</=&+{)).<|]$+&="("")!&]!]' caused LexerException: Unknown escape sequence '\J' at 1:19

Fuzz 'R<Tb*+X'o-&-Q;&}=4' caused LexerException: Unterminated string at 1:19

Fuzz '=!&*|+H+)+,](!</z'"&=' caused LexerException: Unterminated string at 1:22

Fuzz '-{]|-+$\-+:h/[=;<h+>!!**!/)'>({+//>s->&[+>-{{>[X>P(!>=&Dj:>=*-"!][L,*!{&>{-!!=!*+*W->"*//'i-*n' caused LexerException: Unexpected character '$' at 1:8. Did you mean '$"...'?

Fuzz '+.:|}+*;]'{;</+-%|s|j"&<'T(!lk*&5"_+|*<R+/|Z!|{{/!><-.)|+]b+/r|Q)))1*<"/;=|&"(>w>' caused LexerException: Unterminated string at 1:82

Fuzz '-|<{*+6)+&-+-)|]!{"<(+*',%<-{![&](.' caused LexerException: Unterminated string at 1:36

Fuzz '<+y*<;I!!s+w!*;='|"X&=-AW*",,*>J#w&<|)N!]**yi/<)--/' caused LexerException: Unterminated string at 1:52

Fuzz '={)}.<+2-!!M'>-./;6|{+!/|-l}[7/-]/(!-!&*-=/-<<][&d,_[<;"T&,;[>-![!R}->"<>^)>>;'1(@!!<,=;<Z' caused LexerException: Unexpected character '@' at 1:83. Did you mean '@"...'?

Fuzz '-#+),>t+!}**+!;*|+=]U[&||}'(&-]|*/.]'|},x8|()t[<>%&<}X+]).|&./(' caused LexerException: Unexpected character '#' at 1:3

Fuzz '"+&<>;|'+.+|-,-}*;&{+.//--*'>--/l<)-?u*-^K<}+,+=' caused LexerException: Unterminated string at 1:49

Fuzz '<+,}PU)+|<]/>}>vJ&{+]=<S+/"&(L<)>>1-M!_$<);[<||][/sJ,t-&' caused LexerException: Unterminated string at 1:57

Fuzz '});|i>|=>|{>}+|;&}Wg])"!=<*.=&E+{.X*=' caused LexerException: Unterminated string at 1:38

Fuzz ''<&hg}!]]/Y/+/@|E[+*]+*4==)+0=*+/\"w;}!+*&>hi&&]&!{g(8;/+n' caused LexerException: Unterminated string at 1:59

Fuzz ';>]B>=}@<=|;==/'=<,&!{>*g[=- >^T&7r;-)}<=t[+.,W.Y<}+2,]m-&<;|*(=[[l&&C=.|/-^*A='//-!|h!]&| *&|["+}' caused LexerException: Unexpected character '@' at 1:9. Did you mean '@"...'?

Fuzz '=>]=/|/'|&//J&1>,-++H}Z."/!*'*1|!{+/!+x>]',={-|<&[R!*)]=::' caused LexerException: Unterminated string at 1:59

Fuzz '|/4-'/&|{.G,<v|{(&+,%<3.->}'} .G*H=}<]>&&|<#h{f!-[]t,6U*x]pT;{|+N|A()-4/{]!|<[!*)">=>&' caused LexerException: Unexpected character '#' at 1:45

Fuzz 'lW{+|&&U>*'&N' caused LexerException: Unterminated string at 1:14

Fuzz '!*&H"/>|z=l<|//G![]+!OF]%*<{=-U=<&/-"g"-=',/' caused LexerException: Unterminated string at 1:45

Fuzz '&"=v=5P<][&<g)g*>(*>>&+j].>';N1|*,]!<.+-l/. p;(!>}]+|<>=/f/|/I!-;/-8)//<>}]/;={{*(!>JY/<&<2)(8' caused LexerException: Unterminated string at 1:95

Fuzz ']*};=#>q/!+[ )'+;F[)?'-' caused LexerException: Unexpected character '#' at 1:7

Fuzz '&</(!a)/-L;&}/|[)*!<'4_y>('?:R!53-)G{)&E*-.s!=s!,&;}-!@*&}|>+[.<||<' caused LexerException: Unexpected character '@' at 1:56. Did you mean '@"...'?

Fuzz '3}-((Q)=);+;>=-|!>s/+'<!JD-[|' caused LexerException: Unterminated string at 1:30

Fuzz 'DI+.<i&=<&-*<'-|=y<&,!<,*=m|=:/b*D*Kq">;,*//Q9nj[&6=](}/(9=l/>! .>+-`*9-&SV?;/d*o-,*}}G=>ke/|<[{=,' caused LexerException: Unterminated string at 1:99

Fuzz '(>o>&[>|/-|}P{]{+&>;{!),&)/{}+{/&8e*="=-'&}|&b/i{-*'/!(=x|i/<-&!' caused LexerException: Unterminated string at 1:65

Fuzz '"-=//!{W$wv'n<;.+>-,K/<!I&' caused LexerException: Unterminated string at 1:27

Fuzz '"P*<n=*<",+|)'-&*.r-/>!D-/9%=&_s<(;N/++&=l!=}+>}5{&k+*==>K!&+!!/<*'>>+]&|[+k/<!*}&D"n!;}'-&)I}5,^+' caused LexerException: Unterminated string at 1:99

Fuzz '<dO-ToE+}D>.|m<.|;}>p!&+{l++D,+*EVX)|/;-{-|+&z=&<=-[<?->)*[,'''/*c<*<>K-".+L<]|&=p<*-"<&!&' caused LexerException: Unterminated string at 1:91

Fuzz 'V!)[/$\-K2*+-*s,/))=*(O-&!!#&+{+^,!!/>!=h-+=,<.3||+9d)*</J3{<;n++' caused LexerException: Unexpected character '$' at 1:7. Did you mean '$"...'?

Fuzz '}J/;/<'-fv*]/& (&<=&7&+]./,|o&@&=%*={z#&*>+(/=./<&,+;++]">' caused LexerException: Unterminated string at 1:59

Fuzz '.>!z&>*+/;-,|X>]};h|,;/[!)-k;&K>]{)"&-<-<s|],<])_>/|^+<')&<[EH{"*+>=]{[#</;r,/&>&{ +>+L-<Y<(/&&>' caused LexerException: Unexpected character '#' at 1:73

Fuzz '`i!*/">|='++.!*.P>*#-|*<(|[<.|=],!h-a*!}M|}/|%.-!+;===)}'[.t{',][,/(}' caused LexerException: Unexpected character '`' at 1:2

Fuzz '}!/!+B--+/l,)+D|<;<}&&=-v+&{{[a<,P*[|"}{"X="&(=}!/,}' caused LexerException: Unterminated string at 1:53

Fuzz ''+xD!>5-!<&&&/gn)E[-)[)R^bj|d/]<<-D;X+/{h(;.|>}!&&==!{k=]!o|]M",)sY<[$/(' caused LexerException: Unterminated string at 1:73

Fuzz '}!']-h<Ww`m!(3-|' caused LexerException: Unterminated string at 1:17

Fuzz '>+!&>=-Q-<!&A!"U;{lBG=-/.' caused LexerException: Unterminated string at 1:26

Fuzz '</|!/=,+{/,'}|[{[=)*K<(!&A/s)&[c(&=14*}|\"&-==[y!!{*+/' caused LexerException: Unterminated string at 1:55

Fuzz '"(/J4&}&}?{&*>*`/(=*P|-!'-"=-.*&j;!J-<'-' caused LexerException: Unterminated string at 1:41

Fuzz '-+}>4-$>+!!,(}=G!>;A+'*<!-*</!-&]|=x/<+[;|n)v{*<!=(<P&O!=N=&&>/V=-"+-^{[1='}|0W*' caused LexerException: Unexpected character '$' at 1:8. Did you mean '$"...'?

Fuzz '*!<&;**(>!=!<!"[+]n||>&=' caused LexerException: Unterminated string at 1:25

Fuzz '})i/,="N';{<b}-=b!m' caused LexerException: Unterminated string at 1:20

Fuzz '"<}*=>!]J[]|k{;*>."-N{+!&)/-/+;/-;/4T&=/<!!}Q6[G,"'''/,(>!|\=-/!(>[)=k=-p<{;'=(+|/' caused LexerException: Unknown escape sequence '\=' at 1:61

Fuzz '(=a+/M*!,|&(?"-P*;<*!}>*&./E/*]!{|/<F+.}=/)-!A-J}+' caused LexerException: Unterminated string at 1:51

Fuzz '>]/->,O|@+W<./g(r//*&;>I.c>/{"=>'{&<+,"|nv-(]'v-|+M/!/u\![!>Z|q^}Ir|/A/M&)+}C[/!'<=!}'=)[">|D' caused LexerException: Unexpected character '@' at 1:10. Did you mean '@"...'?

Fuzz '&)!=);]|=.|==./`'Q=O)]>#R/>b!y|**!*,!*;*i&' caused LexerException: Unexpected character '`' at 1:17

Fuzz '.(>.-+S"<{&=[l*v(,-5+!To&-|*|'+*>.&Lc(}--<xb*!-O_[{=G+),g&'*.|2-*=!!=*'/*&*=!,=-<' caused LexerException: Unterminated string at 1:82

Fuzz '%*))">C*\![&|0[&.-*<(|")'o*G=+(-|!(;d<In' caused LexerException: Unknown escape sequence '\!' at 1:10

Fuzz '0([}![.-'5"&<<'|.'&5{*-&{<-)!&|Y/><,o*!/&!zT^S.*"+/;,.|].{|&+'Q=!)<**)6Z<]&<|6.<w&/]+B=,>"Z' caused LexerException: Unterminated string at 1:92

Fuzz ']![-{]+>=+<v=/!I=p/qT}W|&[=]:J>.#0-q=<{||4,&*r->>('>[;"[D<-|>/,,u{/!-&o/+|<)V+*rg("-||;r=&@W-' caused LexerException: Unexpected character '#' at 1:34

Fuzz ''+!/.,-*;B.&a-_-=)e(|>&(P>-<m"{./+!={+;22<''/->|H{S[],}|!<--}"*Q</(;]*/<T+F>(c,<</p&&!"*]>`N*!>!' caused LexerException: Unterminated string at 1:97

Fuzz '<!{$;S->!{(&5;|+/_&<J+&]|C=>=|&<(/=&/]=+*{2$&X"+/<;|(&0/[{{$#]h*S+[' caused LexerException: Unexpected character '$' at 1:5. Did you mean '$"...'?

Fuzz '>M&.%|"_,->+'Z;bH+<(/!!",=[`}&|,!+*!=1,=4'z=/(&=<<q"{&;id)-;<<<$' caused LexerException: Unexpected character '`' at 1:29

Fuzz ',]-.>}++!^OV,.*(+'}.{=!o*&1|/;;'-.+*</!n\;-]>/&{};O*}>),"' caused LexerException: Unexpected character '\' at 1:42

Fuzz '|e&/&[>+!<=-/))]|-y.+.>}b|=&*)W=(g)"A4->S(F!/+Y/|}|+!!<+_+*t/>>P-}2,>*/]'>=/B'!a*<g&ng'{' caused LexerException: Unterminated string at 1:89

Fuzz '+>,&4|]A#Q<-<(=*V=!--O('On=,)/v;]*o;)/>C=6&}+-!]0*q+*<>(=1'' caused LexerException: Unexpected character '#' at 1:10

Fuzz '!#(}E.&/!!+=/)&+1<|&|!,,+(!>*->>{")->,*--.[;)i!"*-9=>$=<<*+h&=-*-*/ (}L\)>+*/'A-&>=]/}==*+!+<+&/' caused LexerException: Unexpected character '#' at 1:3

Fuzz '<=$!=-\><+;!]=&!"<){=2/=!8]*=.(&{{}{"Y12!,>=+=(,["x=-+)|"-i})>/{>0-.=!>*&+=(=>.' caused LexerException: Unexpected character '$' at 1:4. Did you mean '$"...'?

Fuzz '."8{!+!&<*=$<-"'.->n=ac!/b4 >/,=Y7]=3]*=*!/>'[+=;;[]#|/=|=' caused LexerException: Unexpected character '#' at 1:54

Fuzz '&+>'-,.n|&PQ&!h(';!#|"),=]-<8' caused LexerException: Unexpected character '#' at 1:21

Fuzz '-G(-=f'+-[/](/' caused LexerException: Unterminated string at 1:15

Fuzz 'e!1CK<*<|&>f5'+/)2};=|s+H|N=x.>|&&>/=-k<z('?>}S=<4!"X=[!*<|(-;]*-G-&|<>,*&/!&>|X+[((' caused LexerException: Unterminated string at 1:85

Fuzz '#++[m<c||>/>+%++|_!-=,,C!=,:!<>+<|/K<|!' caused LexerException: Unexpected character '#' at 1:2

Fuzz 'fq>!/'<d];,',;>*[.!}|&?|q+*;;-&|'+/|=vw>D,{">|;"[+!/;("?&++y/Ha[/>'}=P|}*=+{[|<=((>vL=<"K#(|;`' caused LexerException: Unterminated string at 1:95

Fuzz '&+"'3F,||=|>-/!j+.[*}>&(!)K=)&*' caused LexerException: Unterminated string at 1:32

Fuzz '{d-8>)|)7=&'<]&/+!j*||[]&>>+<*f+("=++./<(*_!-<"';&+K+eH=&![=()[*4S->}-]T(!!">' caused LexerException: Unterminated string at 1:78

Fuzz '->X>8!*".<$/|*]+!}/-?<}:*-<u' caused LexerException: Unterminated string at 1:29

Fuzz '"}+>+/[;+-^#^<}b=@&l]+&_;|m-,R+j*[]&K`v+&*==!&=;*z''/-!L=&(V!,<<[!]&!+\+Y!,(&<'=Iv+=' caused LexerException: Unknown escape sequence '\+' at 1:72

Fuzz ']io&4}|!!+)=-<=(q<)/!"e-/9<*&].1&--|d<*,}\<+*<]|-[|(0.>=P[W;|a>>|>]++]!4&[.*.},|>k+fH'/,=+""=.!!]' caused LexerException: Unknown escape sequence '\<' at 1:43

Fuzz '><Lw&"4>I|*,>;/a[+&z+[->}&*<n(=<=-(*0/s/&!;;t>J-&}V&--.>l>=!-*!&=&[+]&!;{-' caused LexerException: Unterminated string at 1:75

Fuzz ';%=[h|{|&</>Zu=;*{-*<>-&[=>(&<]!*>}!|>]H!kUbH<(|>&<*>4-(!(-/&*/&"=\.G{*/|>' caused LexerException: Unknown escape sequence '\.' at 1:68

Fuzz '!8&F>,{|1,>=&.-L.[+T+&["f6--&5! :/>0-=">"/;;->+{.>%*!<R|=H_{)=*(!|+<</.6[;X^<&)EL|==Y={|[]W+!]/*/{' caused LexerException: Unterminated string at 1:99

Fuzz '**>+/7.">*7o+!!/-=//}+>(*=#}'\`+><"<"&=/*&(,+(|!+],+{|=,Xk/'->))E,+>*>{&<{>&="(\}*)*<-&-"/o' caused LexerException: Unknown escape sequence '\`' at 1:31

Fuzz '[(>]]>"&&f-[D+=*<}==7D+L@z!!-&'' caused LexerException: Unterminated string at 1:32

Fuzz '(*-|*!'v(!/+=)e(/+<|q-=E"+x,I*0*A.|)!+/.[H,(`*]%.).({uI2-"+&|([Z-)Z,]<<!{+<{(>&<!";h&="<(;*"|+' caused LexerException: Unterminated string at 1:95

Fuzz '*F/&@*{4=*[' caused LexerException: Unexpected character '@' at 1:6. Did you mean '@"...'?

Fuzz ' <@-7L/|*;//"[*)>+"*)!--)|*:=M+N+!}*=&z{&>' caused LexerException: Unexpected character '@' at 1:4. Did you mean '@"...'?

Fuzz '*>}+j({&-/++|y>-)\W"(/Q.!X=M.+m+&&Z}=c-!9y<.(<1'-HZ5-!$ [-O/V*<&{_*+.;+nV!)W={9N=!' caused LexerException: Unexpected character '\' at 1:19

Fuzz '=}'|O/*-&"-[||>-P){n9)!.|"**f>|]&{!-+]{'>|{>W}"{-G*}<>5*+];(L+/|{||*F[}!)|,<&></&N!&\_=&''!.!D' caused LexerException: Unknown escape sequence '\_' at 1:86

Fuzz '={"={[->{!>'!`W;|Me\<=-!/j*)>>,'/!.+=#.<)!(u!{<**-^*|+*;\)+]|}!d-)G?-Z;>+p!"FN+;*;}'' caused LexerException: Unknown escape sequence '\<' at 1:21

Fuzz '*&.[pc>==/M[+;+||'>|)*ln\-/+/=&-Z->j+|&&*&/&"|'P]>+!'!|Xbel*>J=v&.$R},Rz#' caused LexerException: Unknown escape sequence '\-' at 1:26

Fuzz 'q}-,>=-<|[U>>[!,(|,|!!{8!,**[F&}<<|/<,/<j/,<z={>'<>.hk|)<t>"<R"&oc<<+N' caused LexerException: Unterminated string at 1:71

Fuzz '=&'=;;d>?P&|;<,=+.[u&/-m7{(Wh;*<$/*-i;&[{_|/+,=&*ce>}-)=!f-|)<+]-|H(;=w>*&!;-]*&}]*' caused LexerException: Unterminated string at 1:84

Fuzz '}-]/LZ|(-n/>H>u!'>>&&' caused LexerException: Unterminated string at 1:22

Fuzz '$/>W+&&)|!&]I!|){<*i!];+-(yw-,/-&,,}]C]a&"[[".,&-|*&!7m<' caused LexerException: Unexpected character '$' at 1:2. Did you mean '$"...'?

Fuzz 'CFL/!'(']&+{0/,+{>-t/<-W<l|(E!i,"{&[<!-"/[*/;>)+T".<!'' caused LexerException: Unterminated string at 1:55

Fuzz 'x|=,']=-&|'*=&b*=_">/&;&!`&"$!-)(-{>[!Gl(g+++{<>.|&:!=z=*\=|.<-#,=+,{-d' caused LexerException: Unexpected character '$' at 1:30. Did you mean '$"...'?

Fuzz 'H(>!\|+|}|<]F/>]++/|{;=&[;!=7*[/>>{,|(+/,.;<<=(-' caused LexerException: Unexpected character '\' at 1:6

Fuzz '=/(*,=.]<<&>+{N&<4}>++"(</wv!.[T@!H-,b*k<--)B3>.!|]!/g!<+<(7-|$;->y+<)."&*</."&D}ct*&!-/>' caused LexerException: Unterminated string at 1:90

Fuzz '<)|L},].+>NG=);?/T]/"+}+!"=|&4&'!C/=YA,='<[F|)>.w'}<y=&;+!/*8.|5<n>' caused LexerException: Unterminated string at 1:68

Fuzz '>"|/,*|/<P)b!<(' caused LexerException: Unterminated string at 1:16

Fuzz 'w*><)<-/@!|<<"+,"!&.w|+6(,{=<5}=7''<7[Xl/R];=+*H|-Cp' caused LexerException: Unexpected character '@' at 1:10. Did you mean '@"...'?

Fuzz 'WO+<'*<<A'[1t}<&'v|-*!&pWJ=_]][={;T=%<",!&*F-;,x+=p' caused LexerException: Unterminated string at 1:52

Fuzz 'H,D!1|1$-+{<BvK<-]|"=-+<=J||++&=|]&<!+&,;>!="<>-+="w-,*=,/;[!<)!=|*;!;*|*&('-=!'(=&(.]-;!>*j(' caused LexerException: Unexpected character '$' at 1:9. Did you mean '$"...'?

Fuzz '-,&]'&#@"*>*S<,!{->&t=&}*<"][(N=u-!K&]*<('=F!";8$)|{<|-<b![=<-*+-[=.|'=<#'<;>]' caused LexerException: Unterminated string at 1:79

Fuzz ' <{{)+><"/(u%-!&+>["z/D=(+]-+&s{[(1>G?D]|)+[E[&h'z!)/=(-"/>!"!N>+<*Q-*Q+:m$&(&' caused LexerException: Unterminated string at 1:79

Fuzz '\|].Q=-.&G--)-+Y>e)6"*<<&h}X-+<-F-|<,>]!>>]+=+/]z;"<V&<,&!;<{;{&!,+"-' caused LexerException: Unexpected character '\' at 1:2

Fuzz '>|"&<!"{<|'{9O'<&|c{>>,7:+A<y*+,"r&,<M/+/->/,)6V+<>(-!=&*=|**B]:;.J}<|&z]b' caused LexerException: Unterminated string at 1:75

Fuzz '8-*l]|++><+o=.|!/h+I,.!>+|,>'7]&&+|/(|])B,/=+|[+{' caused LexerException: Unterminated string at 1:50

Fuzz '[[<}{>-=`>' caused LexerException: Unexpected character '`' at 1:10

Fuzz '<<--":p+!.<'+><'' caused LexerException: Unterminated string at 1:17

Fuzz 'G>!4)|;{-{{*.*+G</-=***=*,&<!*+(=1&|>>*(*|=]<|->)c/<>-6)/>/m+='!,&<]b/iL=<[2]*|!.|CA{)+/;g' caused LexerException: Unterminated string at 1:91

Fuzz '+-7+<,}[2|/E&&,]/=]'U'*!\[))' caused LexerException: Unexpected character '\' at 1:26

Fuzz '}-/X>.(=|`*!<z-{' caused LexerException: Unexpected character '`' at 1:11

Fuzz ']/{*<>/}C<}-;<-!f|&&1<&(=!&<&;<[=,||n+R.{.=<F*-<+='.K$w**|&;?(!!!!"+|*3*}=uAL6S'!!h**xD,[-'g' caused LexerException: Unterminated string at 1:93

Fuzz '*?&<-</)9<*+&|!T+/g-{[['+)-F!=/!',+qy'>-]|=*!>"K+;+/./' caused LexerException: Unterminated string at 1:55

Fuzz '-(/}.<=*->'a-%]-><-={[<<{-*S/*!](=/{>=)*{G&|"+>;!"|.<*=(>=/|].;=<+' caused LexerException: Unterminated string at 1:67

Fuzz '{-=0}>|<--!!++|-!|$Yz<-6<m+-)t]' caused LexerException: Unexpected character '$' at 1:20. Did you mean '$"...'?

Fuzz '!>./<&A][c-=/]l|+.>!,<<|y.C!/&c=)/.=-|- ^T;!<;b];>X|!"=||[' caused LexerException: Unterminated string at 1:59

Fuzz '>".[n"U>8=;+}>=;}^/|),>=-&q;'=*"}]-[&;'&/|@+!+')/=,]=-+{&' caused LexerException: Unexpected character '@' at 1:44. Did you mean '@"...'?

Fuzz '=">-]+i=q>Z{&^[k-"=&wr<-']j/|k];/=R+/C)]*!"**;]q['>/{'+3";!>==->|!>O)+>[(' caused LexerException: Unterminated string at 1:74

Fuzz '&<.{[5,)-!-!;&|U||C]H&+!>*!&>+|{+kTv+*t"\=' caused LexerException: Unknown escape sequence '\=' at 1:42

Fuzz 'i9*=}=<+/)q.!{*<`&|=;&:/@+<!|}*/||*|2X'Z]T+X&{=*},&[;-|*]]'^&D;+/=\>}=3' caused LexerException: Unexpected character '`' at 1:18

Fuzz '(;>;{$[0B-+*' caused LexerException: Unexpected character '$' at 1:7. Did you mean '$"...'?

Fuzz '=V&<+<!>Z!;*=/></A>="-]<}w|[' caused LexerException: Unterminated string at 1:29

Fuzz '={(-,+;_o&*!`}>&!'<)K&0}=R*)/+!(."|<!K*;/"&>-F+<|!=3V=,/+*g.!(.S,')+]`(,@|4'=.[-=jG-(}-|'&!<\=z' caused LexerException: Unexpected character '`' at 1:14

Fuzz '(/!qK!|=\}&>|y]<&"wRL#|]{|<[z")!+v&T|<(H/I|1.>&+{&+&F[v[<9*,=g}R.&`]>4}!!|.' caused LexerException: Unexpected character '\' at 1:10

Fuzz '<;<p4/-+>)B>}"/m' caused LexerException: Unterminated string at 1:17

Fuzz '!;z.=%.'**<={U}|<|{=}>-]&]!k/[jR}D<{&+}>;|,===&+||,}=`+-,-u+/' caused LexerException: Unterminated string at 1:62

Fuzz '.==;&<&(,'{7++.([Z+Uk"{-<!!=,**|[|++//}' caused LexerException: Unterminated string at 1:40

Fuzz '|=!K>+>=>*;(+&(<|'.!\|W!}!++&0<+|/]|.9<|",}=M&--m|K!(=.!&[*;;>+*-*!+++z=<{<}>})>"ER='p/*./*+p&-x' caused LexerException: Unknown escape sequence '\|' at 1:22

Fuzz '(>JV>.i+Hi)]-'G!&At*^' caused LexerException: Unterminated string at 1:22

Fuzz 'O)'--&-`}/>p+-]|qq',&/>[+(Z)z?$'3{&+*&{$I+4'&T+)>a!*-<&+-!*=<' caused LexerException: Unexpected character '$' at 1:32. Did you mean '$"...'?

Fuzz 'Mn"*'}<}=.D++!.&-},*Y(.=' caused LexerException: Unterminated string at 1:25

Fuzz '*,"{!A-]=Q*|vH<]={;>-*!Q!|pv=>{"O/2,f&(='i_tG,&+*+<{>.^&,O>[!,.&' caused LexerException: Unterminated string at 1:65

Fuzz '*)<=+>({+&&) (&E+<'D!"[(/'>*{!@|*=.!=' caused LexerException: Unexpected character '@' at 1:32. Did you mean '@"...'?

Fuzz '/>/+!-&|]j.!%|/"q&,=->-j!|<&!,+;;(s9<pQ!'"]=(<>[(/tK<<}'/XS">/<&!!-=*1' caused LexerException: Unterminated string at 1:71

Fuzz '(%-!|-+>&+=h)Lg"}-,/G|/;*}[)&>,-tx<-.(,!-G(<][E-*=;|<=*&<;!k"0<=/|'>{/}-&' caused LexerException: Unterminated string at 1:74

Fuzz '&(c*/!{+- |(V"=={[)3&>+=o&;,*.|[p-,/<BL!' caused LexerException: Unterminated string at 1:41

Fuzz '*(+,/j*|-({["*=-["X+.*!)!/[o>{-+<!*+,w">+-]/]|.|K*<' caused LexerException: Unterminated string at 1:52

Fuzz '[/=($>,3+x=T&v<(**|)>K<E(<*&/LZE"/*,(<[[-!zx($Z[S"!KTr*<-|!|-<<R=)+"<' caused LexerException: Unexpected character '$' at 1:6. Did you mean '$"...'?

Fuzz ';*/"RR<>O()Y"!Q*){!$!/!Dv+=!D|{=?,"PN,/&|*+&//}X=<-o\{/u/|_D;=sg="P"d.|&+M&],;1|=MJ/'x=-/<<' caused LexerException: Unexpected character '$' at 1:21. Did you mean '$"...'?

Fuzz '=)&&+>-s&.|{"<<?&)={C|-)|[{E|//.<<|p=)>&{\=>g[]=?"}-|<t=' caused LexerException: Unknown escape sequence '\=' at 1:43

Fuzz '|<-=#p|+--+&[=/*.&//u}&*}&!`--*71x[+(]'+*"!$;|e|$&=?y|><{|@+<!j)A' caused LexerException: Unexpected character '#' at 1:6

Fuzz 'p](/N}+-4{I>*&s!.+%!X.-_|-<|<;'&++.&<*!-*{&)*!<\&)/=/|}/[|/>.[}{'F+]7*,'.<' caused LexerException: Unknown escape sequence '\&' at 1:49

Fuzz '&"/o/&&(<,!XL&}<]-X/*!&|<6>+|*"<+/-".,</)}>-(,o]>/q|<' caused LexerException: Unterminated string at 1:54

Fuzz '4[{&;*U{/;P++I;'9=/B}&+->&' caused LexerException: Unterminated string at 1:27

Fuzz '>"(Vn'.p<--/H]oAd-g1m*S>*!<8<.(<&0!!;-=|=*++5-o|!>F4Z*]/|]>=&&W)|&,|-/(=&]*=<'/-+"'J:5' caused LexerException: Unterminated string at 1:87

Fuzz '&V=|&(>)|[$}!&!|,k9F|,&<+&)*-5|)>/i"(/,+p({}'>>N{-"/'&!&&.R-<&*>&*s&))J2*h;&<H.&=<-S|'=/+&' caused LexerException: Unexpected character '$' at 1:12. Did you mean '$"...'?

Fuzz '""!{m>5=+-&/(=1,>|)||!"4-/)|&.||A*!@)||&2,-'*o' caused LexerException: Unterminated string at 1:47

Fuzz '=--6,>=>-}t*qI[r-Z!{g[&*q]P<2d>Z-}'=&>d,>><.*c(-.\,>N&[!{6&(+|]u(&<*(;''Ti!|'-[zD>-!>' caused LexerException: Unknown escape sequence '\,' at 1:51

Fuzz 'IC)-M})&)!=}+<!.]B],+WZw&/><=/!-{&-]v'>"+!>>$'']+--%i-q<3b[/&/>' caused LexerException: Unterminated string at 1:64

Fuzz '<*}(+="|!)a,-= x;D&&<'[,=`{|>!=+/*),/|2//Z&&}-.>{=/==<\<*}c+I>*>>=' caused LexerException: Unknown escape sequence '\<' at 1:56

Fuzz '!@-<}b![>>&!!/=)z&|<+&g*!="<>+&-!'-[>|&J!"|,2T$*+' caused LexerException: Unexpected character '@' at 1:3. Did you mean '@"...'?

Fuzz 'G>[$*=)&*"y]`*/'-*Y!i' caused LexerException: Unexpected character '$' at 1:5. Did you mean '$"...'?

Fuzz '< )=m-'-gG+;=z.' caused LexerException: Unterminated string at 1:16

Fuzz '}<+=qv&<&&=/+}bY=.sC."},=t+}(9>=-*AUz!;-"+<-.[&>"--{|@/=k*`-m&4!&|7/-[*;!(;1=O>' caused LexerException: Unterminated string at 1:80

Fuzz 'X'',.'P-=[*B{{>:0||>]' caused LexerException: Unterminated string at 1:22

Fuzz '`|p *&}=S>/=&-<+{%**x</n!)=)*++"[!N*&==E' caused LexerException: Unexpected character '`' at 1:2

Fuzz '<',"']/M"%|!{[:=|"!]n|,}*3>"||/,-&-|!!]`*/R-}/>-/&!':]/^>(2=&*!W-/'pV-"&"' caused LexerException: Unterminated string at 1:74

Fuzz '1"<{-.fCi.;!&4g!(|>,7<*'A/!4<)|>*;>&*}v"|==+[]mR.3+|'>*;=;-G|(=;q/&<-!/}"]' caused LexerException: Unterminated string at 1:75

Fuzz '&|'+[=.!])+;|g***!R&n&(+!&5f+A+';]-J/Tr-$3=];,}(.+>-'"/)[=<**f}>Ps/<[' caused LexerException: Unexpected character '$' at 1:42. Did you mean '$"...'?

Fuzz '<--G+=;++!A+.e*[=||=/><*j--!!|**]>()("Y/7*&>+&<>-!]!"|=>)*W)*?&*""++&"&}=-<=' caused LexerException: Unterminated string at 1:77

Fuzz '==-!*)}$P6"&L|+!0b/&Y!?[|-F9|Cj<}' caused LexerException: Unexpected character '$' at 1:9. Did you mean '$"...'?

Fuzz '}!(=)=[,F>>|</""[2<).|M=*\""|<{)')=&**'!;->s"*<dR+I}<=/,[=' caused LexerException: Unexpected character '\' at 1:27

Fuzz '=^+=,+p&;[!A|.-<]P\)()+,-+=<C"3+8/<>=/-=.+4<+"/]!//;"(L#)>U+*]w&B><>;=-=.)}<R/>}}!W-s>|*{-@' caused LexerException: Unexpected character '\' at 1:20

Fuzz '"*{/(')||#)]&3e=<*.&\.!' caused LexerException: Unknown escape sequence '\.' at 1:22

Fuzz 's+T]>'L&=;s>+++<&%}7=-/' caused LexerException: Unterminated string at 1:24

Fuzz '<<(('*+|]/>;|+>!<={'*,-{]7z|&5-'[;'*/B{=|&[<A/|]*"".'"=+-)!/{|]={&--!((-|d()' caused LexerException: Unterminated string at 1:77

Fuzz '!f=++-5z]]u>{'V(==&"+'5}4,(!!&=<'{z&[">]}]+!}Ds8z(&<<->=" )=],F|"-/;==z'K-,/{+o;>-]}(="g=(*)*o&!' caused LexerException: Unterminated string at 1:97

Fuzz '(!,<| G{0><!+&-}&=o?*;.*B,/k|.+|<-<->=zT!'</\>,=>]=b.' caused LexerException: Unknown escape sequence '\>' at 1:46

Fuzz ',)-f6.{d|2,|*@/' caused LexerException: Unexpected character '@' at 1:15. Did you mean '@"...'?

Fuzz 'V/*&u{{]=*{;>=i!^<=+)<a!7>={(>-&;|)`P]>&d|]>/*T*/,=-+|6"' caused LexerException: Unterminated string at 1:57

Fuzz '} 1)]|><|&sP/;&{,&{&<!(=,"(pB&+r!"+};;gZ(/>>/++.=<|$<("2-!2!+O&=\+[-v&f|j*{-')+((c%}' caused LexerException: Unexpected character '$' at 1:53. Did you mean '$"...'?

Fuzz ',\'&=f|<-!.!}-<[={}{f*.]/<=14=|+=|zu!*]|<'&q3]&->DY.-|=[o!<e/>@]1[=*a!<&=[,-}q*/'x*' caused LexerException: Unexpected character '\' at 1:3

Fuzz '!-|&>/&)}=!",!(-'<>-<K|*@]|.1(=|([=k/>+-<|]5G/-L[><])}|<,'"=)-}L!"|K--]+^|/>' caused LexerException: Unterminated string at 1:77

Fuzz '&{{+!X+</."|/&-)*a>|=,-4><->l(,(!+<|p!O!&-)(6| &++S!|!!/*|!&&&)+' caused LexerException: Unterminated string at 1:65

Fuzz '^/-*`?!||)Tk+>b|";u<=-I>zE' caused LexerException: Unexpected character '`' at 1:6

Fuzz '!+i+&}>!*[{(>Z)*>?'' caused LexerException: Unterminated string at 1:20

Fuzz '?>])"-{!+,#!]<=>*/;"}|*]-}<S9"!m*z=!..+>Q+-,_*/$}./;&/}a,!]>>r('+)/y|' caused LexerException: Unterminated string at 1:70

Fuzz '&BV&(>-4*&eE;-!K]|*;[Z=*}}/{;;[><H]*'2>|++{]=!(,||!+<^+;)[!/>;e){*i>>!E9@' caused LexerException: Unterminated string at 1:74

Fuzz '==<Oz>@|-=!&:Q'}' caused LexerException: Unexpected character '@' at 1:8. Did you mean '@"...'?

Fuzz '/"!;*|-N&*|(-*R</f.'++":|>&*=<!(,=x{=*=]!+=>}&-]&'|}>>*>-[+y(/}A-|!,=+);(}<*=#J*m' caused LexerException: Unterminated string at 1:82

Fuzz 'bWC(+=?-=*,<4#p}Y/]||;&><' caused LexerException: Unexpected character '#' at 1:15

Fuzz 'q&|$&/(!{!*/>}&.>&-/>|*&&B*(/-=|U'&+--]+-<)qF!>C+.&";),+}<{;.[|<*[>==]r*=/](|]'(*)&o>' caused LexerException: Unexpected character '$' at 1:5. Did you mean '$"...'?

Fuzz '[$,O";*)/>+yN|!}(o*+C;=.$,.@*n&&-&+-*X(5}!{/,' caused LexerException: Unexpected character '$' at 1:3. Did you mean '$"...'?

Fuzz '>-Z-{8T]/b}>,/&-!|(|,{n)/}=]>;/,(+}-{!}&*{|<'^*)^==<6+}-;*+{,=/G!;!4>,[B*[.' caused LexerException: Unterminated string at 1:76

Fuzz 'f&+.,}-"%/L>!&[!|!m>yJa]||-={\/[*=![+/8|!Eh+' caused LexerException: Unknown escape sequence '\/' at 1:31

Fuzz '!|+,*[*&C/+q)-+`BQ.+&)/}/]B<{!+'-<-b-.&=-{{+*N*5=[]f' caused LexerException: Unexpected character '`' at 1:17

Fuzz '&</>*/{!}*&S&<*&{,>mJ>/},&'+I+*"<lu.*' caused LexerException: Unterminated string at 1:38

Fuzz ',|&/(!-*&!q'+2>,&-h>"@*-<||;)J&*++&)+h<m-"-|,>Y&=/!=\(+-<|' caused LexerException: Unknown escape sequence '\(' at 1:54

Fuzz '!.rG|*[,[[."(|.+,(-%>>{&+&|'{c>{z}-<<>&!&z&=gc+""/M,|' caused LexerException: Unterminated string at 1:54

Fuzz '$M=|!/&S/&^/><!c+")/<Q+=),|uZ}&s<&&!>&!' caused LexerException: Unexpected character '$' at 1:2. Did you mean '$"...'?

Fuzz 'V&!;<IT)+C;*)[.-\>!+++*' caused LexerException: Unexpected character '\' at 1:18

Fuzz '<}<"=+=W=,X|U|/&=-'(>"+]-][|m)*g/<)|<+{;=.&'(!&/.&'*&<<"' caused LexerException: Unterminated string at 1:57

Fuzz '<{/+)%o(Z|I*+|,|">_!*&O!(&M}5C}Z&+' caused LexerException: Unterminated string at 1:35

Fuzz '/"*|*+=*)e,' caused LexerException: Unterminated string at 1:12

Fuzz '-!k+<(+<,|}]-3}+*w*-}*+*"&C;-&,",[<{/|[|=|*/-/}{&*(!=*<$<J[-Z+/' caused LexerException: Unexpected character '$' at 1:57. Did you mean '$"...'?

Fuzz '@a;+&//!f|>*>B|/};>9gl_;&,q/C"Su|+=|< !|-;-[(c)>>[|;@**=|+r,+-]?*/?/">"-{[' caused LexerException: Unexpected character '@' at 1:2. Did you mean '@"...'?

Fuzz '-!&,+|0k=-+|&|"*<;N/-+!!|'/+' caused LexerException: Unterminated string at 1:29

Fuzz '\-['!&|"`+{'].p%C}|"]&='!C|-|E|E&[+*(G<+&mE)(>z!\<!|+]|=2' caused LexerException: Unexpected character '\' at 1:2

Fuzz ' |['Z;/-+<b]<]&=<9=<Z>=.+Io>!q<.|%&&=./=/],//A>|{|I})^/],<}Y=M('{)+[>|k.&>0(.R!>u,"d*}{>>' caused LexerException: Unterminated string at 1:90

Fuzz '<,+-|<>>h*/,)=AZ3.;!)}"/>|f[|T<T,*<H"[>|-'&;(*i-[ (.;{I=F+?|<!/!Y<<;8=$+a|>,[*&'}*"`==>&&;$/>=[U+' caused LexerException: Unterminated string at 1:98

Fuzz '];R*{])'<=*D*/;;3d!N=|-)q)<;*=L!/4>*=;9!+,<-*/>pM/-K=g!X"</+-[<-=Ze'+W{X/@;-><v&/|' E*+<!(+]]' caused LexerException: Unexpected character '@' at 1:75. Did you mean '@"...'?

Fuzz '=]Je}=-$;-}&<}|>A&|<{*g;>]|<=<+&|*|,d,m-/>' caused LexerException: Unexpected character '$' at 1:9. Did you mean '$"...'?

Fuzz 'h',=+(,+'|{|C/|->{)By;;=#!/*' caused LexerException: Unexpected character '#' at 1:26

Fuzz '=[I(*=/>/C>)Y}{B,("9--+&*>]|-/Q-<+eK/*/Z&^+"5}''{<"!' caused LexerException: Unterminated string at 1:53

Fuzz '+-**>"|H,-!=&4=i<-{</((';G&)>.*|D,+--<!|('[;+)W>t.>"}.y"}@C)<-&|&i=' caused LexerException: Unterminated string at 1:68

Fuzz '&+<(-{(;-|*Y;-(,{+\' caused LexerException: Unexpected character '\' at 1:20

Fuzz '|()-;]V>!i)<%=<|>U}++>3|.^{y<*><":<!-<&+6>[=O{/!{=:.},!UP/-.\]]}{`//y[>H/;=*|{=[/|(<&+[I=>')>][+' caused LexerException: Unknown escape sequence '\]' at 1:62

Fuzz 'h>q!&}'&&*<;_h3==({"=>=&.**=!"?(|E/l|=(&&\5]]-!*-Z!*!<-]|-="'{&">=q[&}'V(|&<--y/>>,/|!3|' caused LexerException: Unknown escape sequence '\5' at 1:43

Fuzz '('.|&Q='P={<P<,tx,=<(<g+<L"|<=-?!*/=+kC&]"|+&(7/-+&l$k]!;&[(<<' caused LexerException: Unexpected character '$' at 1:54. Did you mean '$"...'?

Fuzz ',/Q=R!{=U(Ux[(&<!;L'/+/*+T*!;m/-&$'Z)5;<!(!|*G+"P}&<;3'{t/}`|Z&'=)S/->l>[")|;;=]>!+&'&' caused LexerException: Unterminated string at 1:87

Fuzz '*'m/R[.!*./,++!==+/,R-!&]<-/->(.&}P<=">[' caused LexerException: Unterminated string at 1:41

Fuzz ''=0+>y/---/>+=4'|H!{<&6/<!*8-|+)<)+m"&/*&]7->!;'=[.\=}"]' caused LexerException: Unknown escape sequence '\=' at 1:53

Fuzz '<t&F*]%R{&=<|+;/y,<&<{=&(o&*{!+-"W2-<>.;O><={(+>=' caused LexerException: Unterminated string at 1:50

Fuzz '/b<8f;-=>|i+nM|)*.Ix>+-/cj'*&rJ+)**]"||]<+YW>`]-<&|=' caused LexerException: Unterminated string at 1:53

Fuzz '<!p-#-|>+/,-+1)"n1+i+H<,-&&("/-{]**!"&&</*/)!.+-' caused LexerException: Unexpected character '#' at 1:6

Fuzz 'h'9("h|+&{--.+iT(///CY-;=K<&.-&>FeA=d,!--:'.i_"s|o)</*`,/|x=&y*||-+/"}!<=!*!U-E5|M=.\[-'g)+|==[}>;!' caused LexerException: Unexpected character '\' at 1:86

Fuzz '&[,!!='&<+P}z(!+;>a4+c({L[/+[!' caused LexerException: Unterminated string at 1:31

Fuzz '[!D)|>8=l!/[/*z`l*/==@'+|&h!?([h=><').j=]}{*=Q(="*A-<!,{o.=,&.=*/=S,<"(`('D}(]?<E]=&a/[*2' caused LexerException: Unexpected character '@' at 1:23. Did you mean '@"...'?

Fuzz '(6V"[>|[G;/";">]/"<*<<>]*",;,&{!!{+)' caused LexerException: Unterminated string at 1:37

Fuzz '9=q/!'*<=!p./!d[)vr;+-!'-+|>[vE[+.m\/|$9C,+>|/};!]|&6-]>[!!|' caused LexerException: Unexpected character '\' at 1:37

Fuzz ']=,&=[!-|*<T>HD>}(;*$_, {*'+G&w**=[!+|-C!}o=+>.!<"x*=;/k{&-f*>=V->I]' caused LexerException: Unexpected character '$' at 1:22. Did you mean '$"...'?

Fuzz '"=Z+/3+>++&>={>/*-+,<!;@*>>+<[&///]' caused LexerException: Unterminated string at 1:36

Fuzz '\<,P|[)/|<};)|A-} <"+cs<}!G;*==K;$*)V&.-&q&(+';-}(</>' caused LexerException: Unexpected character '\' at 1:2

Fuzz 'laZ&>B]>!.*|-l?<O= <'<oh!K+s(<)' caused LexerException: Unterminated string at 1:32

Fuzz ''>>*<;{{}!/}>|/==;,_+=3*>N"&'||-+==,'<</P]%*|&**+h]7q' caused LexerException: Unterminated string at 1:54

Fuzz '=(/>-K<{1](+&I!O.<=]t+\>/</*f>&=Y.[' caused LexerException: Unexpected character '\' at 1:24

Fuzz '-*=-+-#}-/|,>>ss+`/P!^!(;!I!"2-TK*}!/</3|/.]>/&(b((/=&>/)<+|,g+*"*>(|,).=>'y+{'|/**)&</|;)}&' caused LexerException: Unexpected character '#' at 1:8

Fuzz '8U<[-k<'!M' caused LexerException: Unterminated string at 1:11

Fuzz '{<L"|W!.*&;)[=><*!U&+b=Ob*>=-+'<']'|Q}Z<-{' caused LexerException: Unterminated string at 1:43

Fuzz '[=-|-['[|g**>+>r&>,r/o>+;=:/'*j<}='}!{' caused LexerException: Unterminated string at 1:39

Fuzz '[)O/!(=D]!>a,/B]{-&|+/><=/A-ks)/<&h/.[/'/U<-k</"G[=>qJ,,!(!+)[xv6/-&=[*T&&' caused LexerException: Unterminated string at 1:75

Fuzz '-|\`!//-+>"]-i*U1W=>^}CE;/+<U-!<<{}=!|{JC"-=r/+}z&=' caused LexerException: Unexpected character '\' at 1:4

Fuzz '"<Iv}"&<|"[*(>;=<-;!/<(>&A>!;)),(**+,q{=&"'A&>-e+u*"}->=];]<"+' caused LexerException: Unterminated string at 1:63

Fuzz '||!/&-}--<;>.J+*(>)8>"/;)=&*{C={<3,[-j|L(' caused LexerException: Unterminated string at 1:42

Fuzz '<<()><;>!<<=]}/!,]{}G"(-|^<}]-=(>6*!{G=!"!=!!-&!&">}'&n=O<(&j+&*/+:-++I8'=|&:/+6}!'' caused LexerException: Unterminated string at 1:84

Fuzz '{*!!<@.=="\|o>/('u}|)"\|&/-!"/(-[(>!+-' caused LexerException: Unexpected character '@' at 1:7. Did you mean '@"...'?

Fuzz '<m;]|=N<.`khU;/!+C^g)-"".|<' caused LexerException: Unexpected character '`' at 1:11

Fuzz '/>.*- =[},>>&[sp!..Ed'&.(*=}<<"|f&A*Ib'-sc=.R )"K'&!*&=])'R'-+/<,/+[}' caused LexerException: Unterminated string at 1:70

Fuzz '>-|.|/m+@+|"'<".3]uu}&/' caused LexerException: Unexpected character '@' at 1:10. Did you mean '@"...'?

Fuzz '-|+w*+8};!|=>/=,`},!.=|}*|'>_=' caused LexerException: Unexpected character '`' at 1:18

Fuzz '<;x"+)&=(#*(>!.*/B]*&+]h]{=>+>+.,@,,{>-B{</D>{/=&+.-E!/jG"=>0!$"(-C|' caused LexerException: Unterminated interpolated string at 1:69

Fuzz '-"*)#+.*+|/[}>b+)| p(>=S]$=c<h./iy+>,Z{<|)*<>'}-==#.M' caused LexerException: Unterminated string at 1:54

Fuzz '>,a%*.|4]-"/-/(<{=|-*[<|=g><|>*+)0}U+<=)++,/=Z&*>I!-,*8-."G-*+->|]/+}.=)k"&>,tN*}&' caused LexerException: Unterminated string at 1:83

Fuzz ')(Wq{*"J)Njl%(3<[)H=.|-*{-t+*x!)=-/"{-W(E*<&.>+q>|",u+J`<)<*HE%Z-^!,!)-G},>*0G&;;)k&&' caused LexerException: Unterminated string at 1:86

Fuzz '&'_I-;,+.=}<]!/,(|++6/\>||ngp(&d!*;C/' caused LexerException: Unknown escape sequence '\>' at 1:24

Fuzz '-p*!&O+m;){-3=.NNAa{""(,*+R<=<)+!%=`=K=)/&*T8{/*</|-(*/&mf=/-<&<|]/{|,7}['(},=+*<!]<=' caused LexerException: Unexpected character '`' at 1:37

Fuzz '[>&t.$[+[><Ov-(o=v' caused LexerException: Unexpected character '$' at 1:7. Did you mean '$"...'?

Fuzz ']<0};()N|h"&>((<>.>!!]|L'<-pZ|M]--,=<+!!>>|&<.<>*F><'*=&{](.+",t/yc"[;<[>>*)-=-k/&!|!&>R<)' caused LexerException: Unterminated string at 1:91

Fuzz '{'<g*+!,>d@-.W&{;|<&]B"/{Z|;(&;&}7]}|/}<&</.2]&-|x][*-{&"+Fd!"y(/<?r=|' caused LexerException: Unterminated string at 1:71

Fuzz '+&xs!]2Z<|f=(&L.b=t+',&2,}*u7!"&%--/+{8&,/']f,<><=*+)-Y[<']h>e,S)(-j(>*.<\&&0==>+><*=n|&)*.*/<!' caused LexerException: Unknown escape sequence '\&' at 1:75

Fuzz '>'.--=&&g}=}>/;!<+E+{>(}.]TI"<+}'"*(!&=|!'>[J>*+*<,-*;jE;<-/' caused LexerException: Unterminated string at 1:61

Fuzz 'P])!*L*<1vA+.)+"<=&/Gt|=M><}9*;+";<"-' caused LexerException: Unterminated string at 1:38

Fuzz '>V(|,}][g{*]}A|D"&+.*';' caused LexerException: Unterminated string at 1:24

Fuzz 'cLx*;*<W"!<K;!+L&<,';|!n-<;|<,-d6/!|]><[&/q*![]<'' caused LexerException: Unterminated string at 1:50

Fuzz '!&|/"9&*<*!l]!|>=[>P<|+q|&Y</@])'];</a(!+)-(=|@|,)R|}[qo>\;n-:=)]+"!|>*>-!{/y'>"&(-|&=' caused LexerException: Unknown escape sequence '\;' at 1:59

Fuzz 'F{t<>'|c+<=>s]a|) /t<,l.[>)-v'<-Gl|'`;//.' caused LexerException: Unterminated string at 1:42

Fuzz '+>*{,[<;$!K|,!)++.)--O&&>{ZA-!d+!i<Y"[!.iD]&|,d' caused LexerException: Unexpected character '$' at 1:10. Did you mean '$"...'?

Fuzz '+*|/"!/||+/!*'>)|*/*,b&{&&.=C->|+Y{|w5*Q-k<++|*!uf-+M.'>/RH{|)[/[<{[-I<e>,]MR]**>->!!<*(>*]&/{' caused LexerException: Unterminated string at 1:95

Fuzz '"<!'@!;=}.!/=*}/}==(,!.&&="-++]!/"</+-'/};(4*-**/!-*' caused LexerException: Unterminated string at 1:53

Fuzz '/[[O<-s/AE+|*&>;>(/!;&"<!&}!y/[<(*[[+|+&++/=||[">&;";*+]' caused LexerException: Unterminated string at 1:57

Fuzz '<|"^,{"c+-!<|0'++G-/;*'-7>--{'-Y+4*9>=}<"<;![>&+&' caused LexerException: Unterminated string at 1:50

Fuzz '&|=|=/|)=/;);+)&=!Q="'`,//'|>;,=)</|]+-Ka<&=..+=;' caused LexerException: Unterminated string at 1:50

Fuzz '&!=--+!*&*7|=;=(m`-U/Q|&.v;u!' caused LexerException: Unexpected character '`' at 1:19

Fuzz 'v)!%l-w}/^=/-*y!4}e-+<*+")*,LaQ/;]B=>s6;(,!+{}l' caused LexerException: Unterminated string at 1:48

Fuzz '.'&+])W=+;C),|=(;bw==<!|&,*(*6/c{/(=e>>&-t!;-/;5{--.[>|+<.j{{>&/{'!,(>*=&,;|!o/r;.>v/A**"'0*--' caused LexerException: Unterminated string at 1:95

Fuzz '"=h*"*;.S<!f+}&<Z|,6>=}<+|**,';>&'}]6)"+' caused LexerException: Unterminated string at 1:41

Fuzz '!;/',S<3)R/>}="",("/q\/&*G+>9|*.<!)9[' caused LexerException: Unknown escape sequence '\/' at 1:23

Fuzz ']W[2-[;{".3*/,' caused LexerException: Unterminated string at 1:15

Fuzz '-[==&,*,\+-]=vV"/]3#+>*7&!(o|r<}*Z<l_'ws!'!O/[;!3<*t|//>K!-!2>]5;p(-=*9{*|+H}i!-"\!mWII>>*[<);' caused LexerException: Unexpected character '\' at 1:10

Fuzz 'u"+!?<OIm,<Gi<!|>{' caused LexerException: Unterminated string at 1:19

Fuzz '!"\(-O(|!><[*.+v!|]),)&v'' caused LexerException: Unknown escape sequence '\(' at 1:4

Fuzz '>!+rj{bc=&$'' caused LexerException: Unexpected character '$' at 1:12. Did you mean '$"...'?

Fuzz '>C>L;}=-+(7/[&!kRS>&}|<{)P+W=+=<k-.!L,|;}O._==|&|"PVc].t[!s}-JXm(x|_' caused LexerException: Unterminated string at 1:69

Fuzz '-"<]&&'x&[)<</.&*j--,I*/}}+Y(.&{/|=+/E=--]<jP' caused LexerException: Unterminated string at 1:46

Fuzz 't};<&-)*w*p>*|<>)">+!:{</*U&),!+<+=*>!+CV-&=<' caused LexerException: Unterminated string at 1:46

Fuzz '*"+4=<YGe|;*(/'/*FX))S>|"D*>>=`')'>&a(9*)<>p|&-+<1[|'.|' caused LexerException: Unexpected character '`' at 1:32

Fuzz '|><&F(+"+/>&<)D-M&>=!V||*)&[/*,R!"/=*[=9>{+#<-{]{h*|-r-|>='H*;*$i-&6>d/!/k>/,' caused LexerException: Unexpected character '#' at 1:45

Fuzz ''|/>-{&/{!|u>[>q,' caused LexerException: Unterminated string at 1:18

Fuzz ':/&ak-||+]).||].9=&*.=R/>7*&<;'|;|E".^' caused LexerException: Unterminated string at 1:39

Fuzz '{"<{=.+;'*<+*'[==+M']|={(b<|_&>//{/*-+\)!&p;e!+!>b}2.>;&-=&-E/NEi!--]*!>&+(<*j[+'-'>f&//+|>(*&)+' caused LexerException: Unknown escape sequence '\)' at 1:40

Fuzz '=>}(F.**=<.&|,;#a-]-+,!' caused LexerException: Unexpected character '#' at 1:17

Fuzz ' *0({<c/)!"`++,|]-Z-&E-|(/)=>D\<!'-,7<|h-n.' caused LexerException: Unknown escape sequence '\<' at 1:32

Fuzz '5)[=-<X>]|<]d*&+<;'=+)[l=T));>-.Od{{$/)=!=.*>!-[+*]==|>*=-Ym{_/&*+' caused LexerException: Unterminated string at 1:67

Fuzz '--/{)|(<*-K&>>'#.(V=-<-|!}[&-/r"$-]-}>+6+!<J!;>xK=[>;!+K/F<>>[-1&]'!{)"].!,},&k|H&[]]' caused LexerException: Unterminated string at 1:86

Fuzz 'Ay*=F!qC.+[i<}{<(b,-+<r-[=!>;&Y|+<<{"M;}/X{l|_"S)=)-'>)*-+G=(G"<a/!'j"//Z<{-.[!+]' caused LexerException: Unterminated string at 1:82

Fuzz ',!^*''!!<Nz!<|'=M=}+-+|>Q-XU)R'"|<("**f]'+}||<S+)*[q!*&]!*-!$-]T*>&=' caused LexerException: Unterminated string at 1:69

Fuzz '{>++&/[V<'*&(/.,"&+-! --[j"|&;,+[=qc|-{S[>*|=)'.b)')&">!<*K`=CC=+?d&)-+|[.' caused LexerException: Unterminated string at 1:75

Fuzz ' {'+(!>}/-/}!>!-,!,|;*/+n>&u4?/&N=]<*]*-!]|/[||&p;.=[uh[-}f/!*-]/,Is/' caused LexerException: Unterminated string at 1:70

Fuzz '|"<'_-Z75=)[Zq'<!{{[,<=&*--&?,=(/=!!<}"/A&6/=]=!`<}+<d/D{(s?&' caused LexerException: Unexpected character '`' at 1:50

Fuzz ')!=.x<+/!56']=}!.|C--+>/=.Q>/)&A+!=<b]@/==!==P|)[-#!{||,''j<&[J[(:(!},'."<i'{>+<-=/.>' caused LexerException: Unterminated string at 1:86

Fuzz '$}I)/-'-//]'['/;,=o{!$G]M=,-d?=]Y/>+,s/-{O#{w|/#>><-<&&-{>Z-!;]'==/`!0]4)<L!=.))$/>&!<!|"]("Y?|!!' caused LexerException: Unexpected character '$' at 1:2. Did you mean '$"...'?

Fuzz '-!+!+'&+z!+?>O#)h}@|' caused LexerException: Unterminated string at 1:21

Fuzz '={,g2|!(!--(<j-'--!T,2!,//!/' caused LexerException: Unterminated string at 1:29

Fuzz '*>&};>2*_*=o[>=!/-,(|L(.\|++."|(&q{!y/|IP+]!<>{.*'<+> T.=&/"!(*5{-K!h,-&S--*/)&&<!]Q-/+/+*>+-;}' caused LexerException: Unexpected character '\' at 1:26

Fuzz '*>|.<=I>.'",!>.<;/?[,&v,'"&aq5+;{<=*h>[[X==!&!"#![(n&-}/{y*[=-' caused LexerException: Unexpected character '#' at 1:49

Fuzz '|>&-;]!+!]'#;pZ.!}(|/M-I(r' caused LexerException: Unterminated string at 1:27

Fuzz ')>}.+]-|&=9z[/[/(=/>.&\h|!6'<+|>z}=&#<]=#_/.."!\R=,6-->]2/"ko&>[' caused LexerException: Unexpected character '\' at 1:24

Fuzz '!&_|8|-S<,;>)R|b>;!=<=!3&{++l"++!&pe>.?='' caused LexerException: Unterminated string at 1:42

Fuzz '\=<&G0/{&P&+!)+/)&}.n>/(&}]*KX+Q/=/6<),!([<|{'<' caused LexerException: Unexpected character '\' at 1:2

Fuzz '&(><$<**I!-[<&}l"{h=<&7&*_*Z/+{V&"|f+/!;|-)<-4/);B&(-/]/''>' caused LexerException: Unexpected character '$' at 1:6. Did you mean '$"...'?

Fuzz '+&w&&.#e//-|}*<-&A!+T<-|*/(/!-/}]]@]/[/&](l--/#-)[|m<h;{&&!|O^-@[-]|G-)|2&/}c&!*.8[/u*(Oh' caused LexerException: Unexpected character '#' at 1:8

Fuzz '&rdOl;(&&|*'g=e+>}|..*"-!X+/<!+];g3;"|!' caused LexerException: Unterminated string at 1:40

Fuzz '#,>+8(*&|+'7P)<')S'!)(<<.*&/!P!{M",'|Y(L=eC9[=*+{:w+&|[/[}/}<h|!1-+' caused LexerException: Unexpected character '#' at 1:2

Fuzz ']]}<=-=H-'*=-*N&D'}{]!V!D!>,"H=T+-,**}!(}!,l6{}aGa|)j)' caused LexerException: Unterminated string at 1:55

Fuzz '/=!}*/!&T;}"'<%<*/>4=|]{<[[;&&*<}-}>+;:|}[<-*=<}r!.+!lC_=|/-[|/(!=<|5Z++='&F+(&('.<:' caused LexerException: Unterminated string at 1:85

Fuzz '|<)=|"3!P++w|@R5]/}/"=|"+|,_>s9</-i[|*"|+*>|/_|*{P+-+PO+C;|=*K]=(-|[-(0|-,|/<=!(]"v' caused LexerException: Unterminated string at 1:84

Fuzz '.]t"S&>|>-=>P*ozO)+!['{+!!;{</-|3-->)x<<"/=("o=<|e,'m&m;,-&!*<|r>-=H' caused LexerException: Unterminated string at 1:69

Fuzz ';-]'*[*{{-/*=&]"7+B=&(;[&[=[/&L&$+|+dY3]|!=|+*=++[d-c;)!JO)Z1,|[8!|/*|}!/-=+]' caused LexerException: Unterminated string at 1:78

Fuzz ',/&<t!/p,e!&=w!`n{*="-)}(!&|p'.|!j'&&#}//*R/' caused LexerException: Unexpected character '`' at 1:17

Fuzz 'W>.?.*h\=ng</*.&U">[;(/_j' caused LexerException: Unexpected character '\' at 1:9

Fuzz '/p]8Fu}>)/I-y(|P/!/![/!*)>k{/+T"D<[<*&**w;|kGX)[(<>[(+;|{' caused LexerException: Unterminated string at 1:58

Fuzz '{L+Q!-+|/SD">==J*+,Ncl|*W+&!>' caused LexerException: Unterminated string at 1:30

Fuzz '#!((>+,<!..!<|=++&-&]u}"-f.*+}"<OC;}=' caused LexerException: Unexpected character '#' at 1:2

Fuzz '[`:<,!;/+h=k)<}>8-+;S',+-.!I{k*}/(^d>51;[}]*!<>>7' caused LexerException: Unexpected character '`' at 1:3

Fuzz '>/=&[H*<!"*/><@(<.=(}&]"(-!)-(J<=+h&&)<,;|){.c'+[)]s&<!a>{&0"*;-%1-' caused LexerException: Unterminated string at 1:68

Fuzz 'SwCq))-+->!+"|*>Av)4(*=/,\>'L<<[;-|!&*>+>K;7-d&<>|(U,(5&"]>||Zh-<>.J>[+3.<' caused LexerException: Unknown escape sequence '\>' at 1:27

Fuzz '/)|'&}>-FJ+>.^|,>-&.e''],+*!=|>/>$&`^]=*)"' caused LexerException: Unterminated string at 1:43

Fuzz '+[<[*!+)>2*N)/|>"D<(-<)<2f!<P|!k./' caused LexerException: Unterminated string at 1:35

Fuzz '"}j><'!=.(<>|X!g{='&=--!</.-+[[/[p*?})' caused LexerException: Unterminated string at 1:39

Fuzz 'X&|<{q(/>!.*")'!>S({}B<!*'C' caused LexerException: Unterminated string at 1:28

Fuzz 'v*3|=- )/>-ib*!+\*<+=|*;(-M/+<J//=?(>J|3,$]*8y&' caused LexerException: Unexpected character '\' at 1:18

Fuzz '+></k<>[*),||-.+,,|"k&|&&.]=**!' caused LexerException: Unterminated string at 1:32

Fuzz '[-!&-/!&U=("-+J:-n=/+wV*;!;'R&f>/'(+!;*|[U!' caused LexerException: Unterminated string at 1:44

Fuzz 'x+&">!"S->=+[}<_-|}',*|'&|.q<!=d/(+}}|}>+{,;!=<)'+<|&O);=><},< &{>[^/' caused LexerException: Unterminated string at 1:70

Fuzz '==O!)r;6';}!\;='|&{&=|*/[|n/*|*&!>!<;]-[M=|>\*)>"[]'|<*s-#x|' caused LexerException: Unknown escape sequence '\;' at 1:14

Fuzz 'T-<4*b!(!'&,<Z@'>"[R/<=><>+=[{-'|/x>vx*}/l=-=<e1}%/!(' caused LexerException: Unterminated string at 1:54

Fuzz '}&>+>/{"->!f[A&b>!&/<<-{;}}"|*(>_*dj.?<Z=*|'Hg!<|-<}!&](' caused LexerException: Unterminated string at 1:57

Fuzz 'Fo|!+>|.[+>(<>S&--pf=A/<4"2L?='-/][{*!/{+*++*-+&]>/-{|/<|;f('!|.+&&x*/+;\$B-='|><>,`)",|-*&' caused LexerException: Unknown escape sequence '\$' at 1:74

Fuzz '-*>m-(}./t+*'|<7h->7+.t,[+>]+(|<>++|O7--/!;+V-[!!=/#!' caused LexerException: Unterminated string at 1:54

Fuzz '=}+)<%|M[+[.![)B+)c|<*&&/]"}j"').b=|r,.[;6!<}!}*=/{&-/</>'{+!';-]'/).>k)<bD->|&[&=<u">' caused LexerException: Unterminated string at 1:87

Fuzz '>"#*>?*/<*))<>[=;>&;->}=->(-*|!(-//!+<.|(X>,/<\!/||,/+=>>|*<>6*-")|{]|>+|}*}y<,(./-X//}>=["+M' caused LexerException: Unknown escape sequence '\!' at 1:48

Fuzz '["-**+\]<!)-,&<=;|.Q=x=(":'{)-<-['{;(<&=+>#;|/<' caused LexerException: Unknown escape sequence '\]' at 1:8

Fuzz 'c.|+]!!'!/./{.:s/{'s>\",'>\^]=.-[!'+)<}<>W"<#t"<|">\}>)=|<|><=.|<b{!<-*',u!.' caused LexerException: Unexpected character '\' at 1:23

Fuzz '&]-B{[-*!M*&}>}*/<(>\+/}+-/-=/.!&*=;*<9=<' caused LexerException: Unexpected character '\' at 1:22

Fuzz '||Z=K])=-}N"t|*`*};*(P{-/I>>}+||<*>.=);+|+f>V</U"(j|u+L+U=&+|R[|">.<+|b}P&%{<3s<2(}//' caused LexerException: Unterminated string at 1:86

Fuzz '/\&@=}]'=q'|,+*>-=;x<++-+*=*|..|.x-[&->-*)&*}m+t=/<]&<aR/=<C%'*u=/y/R&,|<(][*//>V}>)}Ba>&' caused LexerException: Unexpected character '\' at 1:3

Fuzz '(/('-/.(i|}*!U-'''<O*+;)<d*-r&*+I-|>d+|\&.}<={./..)['K>9"->*+]&&A<;/)$"*=<-Z;!{}' caused LexerException: Unexpected character '\' at 1:41

Fuzz 'd[-{z!^&<1/'-V=G=&D;A>!/-=!t^=+)[u=/;+*+-M)<>><*<-(+]/)&|;(!E<.||' caused LexerException: Unterminated string at 1:66

Fuzz '<{<)+!Z]I[EH)4>>+&`"=->@e{'f<}(<]>j}}|(&/'5}!]<(>'[/`7'<*'}|!|&).2;'+[(|@'[;},!(_<yi"-{+!<' caused LexerException: Unexpected character '`' at 1:20

Fuzz '-q0, &"*|>|-]|-->;<&&">{'(+}(>>,->q||*' caused LexerException: Unterminated string at 1:39

Fuzz '=>>]*'J|;"-[;/|+>>|{=y)>)O*,_.Z=y+&//)&!!=!<*)'){*&{,{>x,.'</}/|>' caused LexerException: Unterminated string at 1:66

Fuzz '{-_|$+-<V(({[{-(([.T}!?;^A;/<}<|!s*g)|+F("&!!|//>F/=**,&*|' caused LexerException: Unexpected character '$' at 1:6. Did you mean '$"...'?

Fuzz ',.]<1=]!&[**>yu<N,-n-,cP|&(,>'5-&+J**>&f'!]!<=[-(oL<<)wQ*->-,"n"}-Ab>/!B/<=(l[.*&L,`*"/-/+*' caused LexerException: Unexpected character '`' at 1:85

Fuzz 'ir62$&)(=(FC}+Q=.>(l.!("' caused LexerException: Unexpected character '$' at 1:6. Did you mean '$"...'?

Fuzz ')||-{==BTV/-\,<>.!=U+=<>}g*u|<+t*1B2E*|]=Y=/<=&*/"!!|-">*<|;=<=+,&=*/'>Wd1+"P}"=/S' caused LexerException: Unexpected character '\' at 1:14

Fuzz '=(&y</-!,|>="-r+Thf&<++]3+"-@'f|(+==}))&.,{>&* >2!*>*;' caused LexerException: Unexpected character '@' at 1:30. Did you mean '@"...'?

Fuzz '&`(h.|[u[/',+<T&+=*C,;&!<+&>t,y-f{=p<&*+>>![|&,+lHT"+'-,)=' caused LexerException: Unexpected character '`' at 1:3

Fuzz ''a{P{K&))(D>[!V<{'}*.-Z|<-.=&'&x>Ig<>&=(/|&&|(+}{&)/=-U{2"T}&-=!]-,)<&' caused LexerException: Unterminated string at 1:71

Fuzz '-|*>>&|-#<,-)!]]"' caused LexerException: Unexpected character '#' at 1:10

Fuzz '="*+*,<(9t!0*T0,-4|)'{.&|-+{e-`'\=<)_*'("C>j+[,|-(|,;_W!]>/|Bg=|' caused LexerException: Unknown escape sequence '\=' at 1:34

Fuzz ''<!,[-)={&'*=!&&=.F+/.}--F">*/)|=o')>4+1-,!/2.,Fl**]*=1<*>!;]i.,;=>/&/]|%+&/o|/h*(<]}+(>'')/{+' caused LexerException: Unterminated string at 1:95

Fuzz '=}&<&)>&&(|j'<@#A"*+>!;[!E9' caused LexerException: Unterminated string at 1:28

Fuzz '3/]{*=|j\D|>>gX+/!]]s+}!;/q+/$v<>*=='>|<*[&>|\//<,[./'=<m**-,+=*.#,+Z)@/+=!-(G;.' caused LexerException: Unexpected character '\' at 1:10

Fuzz 'e(]/-+&)&&!?<<|>&%"!&=+//0-' caused LexerException: Unterminated string at 1:28

Fuzz '/_)"/|w*5V*"&VP-*-+)`/--,!=*/>'[U!b|=6,<"*' caused LexerException: Unexpected character '`' at 1:22

Fuzz ''"!&*/W=}9<S}+&q!=!<)' caused LexerException: Unterminated string at 1:22

Fuzz '/|!?<*q!z=+-@>.\=T=/O>g|&=.*'E"&>,&+wk' caused LexerException: Unexpected character '@' at 1:14. Did you mean '@"...'?

Fuzz '.)_|,"3&<'h]<N>!g=(=.|/}-]++"!<P&</-l[;&"x!*'/' caused LexerException: Unterminated string at 1:47

Fuzz 'K*{&R+=(,<'|)}>xq*2=/.&+>;5>!-gc><|>=9'*"' caused LexerException: Unterminated string at 1:42

Fuzz '<&<><X*&"]|!}<}pf-3-C-"++<=>=+#*)'&|="{/[*2c!p-g3;&+*%/8=+=!;E*.' caused LexerException: Unexpected character '#' at 1:32

Fuzz '|-?<|-u&+y=-;=;,/!'*>#=>b/<==",vQT&!-p*!$mB,b+r<.*,,+/-J>>|;!m=>&*<)/+<;' caused LexerException: Unterminated string at 1:73

Fuzz '}='=q==**q/;n>!N-|'!+.<>)(D >C<{&**-q;{&<*!]%<{{!7'>=/)!I'-/D=7,=&-}.}=y}tB,z{'k}!)>&' caused LexerException: Unterminated string at 1:86

Fuzz '<(*c</`>--<4>/{&{<`{uI|S)m)'))|);t[,[N=*k-{,+X!*<+!]' caused LexerException: Unexpected character '`' at 1:8

Fuzz '*/:*rE(<;!!{(f&"B&=i&[,-';>"|Zm>}-[[,s+)(+'"W<<*PM' caused LexerException: Unterminated string at 1:51

Fuzz '+s){><v$<='{<>!&g(@<[{a<.={>+|"=/!+r:**<<=wdn{*0/+-n}*['[X,<}o1-]{<a.!-].(&|,!*&+}=(' caused LexerException: Unexpected character '$' at 1:9. Did you mean '$"...'?

Fuzz 'b|;X/p+K/=C+!*/<!=}[|=5>+|F"%: ,][;Z=&**=+>[*6!,*!M=>!c]|t-<+<!=(`+E-c({' caused LexerException: Unterminated string at 1:73

Fuzz '&*(]=<}_(g-;W{)H;-;|&,>"{L' caused LexerException: Unterminated string at 1:27

Fuzz ')</&+!(h&<|0?>/>r&/=}!W!x)<|&C"{(&=*.k).xF/<+7*s' caused LexerException: Unterminated string at 1:49

Fuzz '=,]'(!*(;|<(.+|+/|B-&*/<-|'!=++<+</**0.V.*s"+!g{'<>r@G=k[D|J|*<>*!*{[*+[5TH+!'*/&-O/-S;_|N!'?PN>"<<' caused LexerException: Unterminated string at 1:100

Fuzz ']-]-=&+*-cmuK'4 |=+;<>!' caused LexerException: Unterminated string at 1:24

Fuzz '**>+">+-+{|./8/|+")&$|<(>+./*[!-/R/<e"==&*$*?{{!}./*|//hb5' caused LexerException: Unexpected character '$' at 1:22. Did you mean '$"...'?

Fuzz '}D|],!Ma(s.|<+,{&=h|&\l>=];&(,/N++*".;L(!"].E[&-+'/++="*+*{`!r!=/"}|(';'!;<*[<!R)/' caused LexerException: Unexpected character '\' at 1:23

Fuzz 'd/,,c,|((\-&\n}>^/-/,B|ch|z)&(;>E<|*-}|*V*!*I">' caused LexerException: Unexpected character '\' at 1:11

Fuzz '*>&*"-&|!<>-]>*J>n,[M=-?;!<O' caused LexerException: Unterminated string at 1:29

Fuzz '=/='(*+1$.=,)<<(<]|](]a$"&;|-Zi-;&+)/{++<I}{.+|)}8:-.!/]-.*<>&!>'"/*W.(>&)' caused LexerException: Unterminated string at 1:75

Fuzz ''&*[3<+<()|(->/Ih*nr!')|!&|;.n+!+*/|&>]'(A/'5=&@&' caused LexerException: Unexpected character '@' at 1:49. Did you mean '@"...'?

Fuzz ')<)",<2g/>>' caused LexerException: Unterminated string at 1:12

Fuzz '+&]=,<'&!&L*}</!?*//!+/&};*!/-(>|[&|!*>G*S}!*&-!,/&',*-Z<=}+s+&|))*|}*!U>+<\!*(+*_D+-`l+-,' caused LexerException: Unexpected character '\' at 1:77

Fuzz 'J*.[[Z/>x)*-'"]}|,,({!5a(=jt'.*!>HQ+q{*h-]=;}@&{pk$i+|]-y,.B*k2@+w"!d&*<+j,/+|/FE}>' caused LexerException: Unexpected character '@' at 1:47. Did you mean '@"...'?

Fuzz '&),<!=("(3!-|;Y>)&*-*[*&,'};=h/<;*=)>*+}*{;=!/"<|-12e+/]*&\B-E+&|<"/&/m'<!/*(*9+=((-"&[{>*.|}.;:5E' caused LexerException: Unexpected character '\' at 1:60

Fuzz '|+!!<<-|ut>==/C"|l*s-%-&{][>{.X<' caused LexerException: Unterminated string at 1:33

Fuzz '&7|;!:>>**&<]/"[/]F*>!*+D<!K<+*//U<P=' [|&'></||P&S>!V7,>n}0&}'(||J*]!2eFr/*]l&},!*!\{&J<)+*r=j' caused LexerException: Unknown escape sequence '\{' at 1:86

Fuzz '|<-}-++]<->;;)>"&<?;;*/)Y<=/,+=&' caused LexerException: Unterminated string at 1:33

Fuzz '?,v-T+=.<<.+|s-[R*<z;}<>=&i>|oF<=>&>,,;>-[u==|&q+DT)'&.m+)/!">.' caused LexerException: Unterminated string at 1:64

Fuzz '.{<T^)X1+>+.%-<,*;<<<")<(&X!)=|={]D2|"{>-C*/=+&+6!!@%/[.o|,|=n<Z;,<<' caused LexerException: Unexpected character '@' at 1:53. Did you mean '@"...'?

Fuzz '|]'V/|>>&]"(|&[' caused LexerException: Unterminated string at 1:16

Fuzz ']=!"|-.!p<-|]*W-+&|(&*--"k|)!<,>q)O,v><'<;/' caused LexerException: Unterminated string at 1:44

Fuzz '=dn+>]f|><<h{|=}=+[ !|)&-(O=+[ *4w*;>-.-',]>'(p*=[.'}/1' caused LexerException: Unterminated string at 1:56

Fuzz ']/(!*<*.+=*&)O>&&/;>P{]+CB;+>y*|*|>t}!]'r|'*c=[!*!!"Q.gj=|>' caused LexerException: Unterminated string at 1:60

Fuzz '&{|-4}>!g=[++O/)';,}&*YRC&-=&<9-,=9h&@<-.'{|+!*!<;|*,|@'A9>!-!<<.&? =%{]*{>P(L6f+'/m;}*-=>'' caused LexerException: Unexpected character '@' at 1:56. Did you mean '@"...'?

Fuzz '|=U-|>L*!&|;c(B[&-|}'>=-C=.'j.=/",&"|G|9`+^.|*>(&;=N3=+W"(+;=Q+'Q!>=-X"'"V/--![{tw{<a#)*\/' caused LexerException: Unexpected character '`' at 1:42

Fuzz ''O-O<=f}.|e&!=**&++N!\|>.[*-"/<-.=/*-.|+K<E|-+[!>/aM-&>&>[b;0/("(&u-*Y}[.(]!/O*/Z&/-!&-e5O>J/,+*' caused LexerException: Unknown escape sequence '\|' at 1:23

Fuzz ',&!|{}--+J*+T>>>[`&.H,-Wn&i )'|-*+<u,"<*/{!/-*W"'/=-*p*>]("|&>=>|!*;' caused LexerException: Unexpected character '`' at 1:19

Fuzz '&|/'>|3/!S[!n6<+a(]S-}(.<U=|*[>["+.]]h!/J<=`=<.X;[-h(-+Q+V+)!;-q}*.]>x#"' caused LexerException: Unterminated string at 1:73

Fuzz ',>>{*!|DJ|/:|},C|m*-=[>'E,&}&')+&Q</}|;"-/-<}!,$_q<>-*E|/+!|!]=>'|-->;(>*(|![](;QJ||;=g' caused LexerException: Unterminated string at 1:88

Fuzz '}>=-+>|M]{`(?!-{>*=+<)-)>t()+>;.*<[/>+-;!*|=|}/B==m ]#)[&==,!=>' caused LexerException: Unexpected character '`' at 1:12

Fuzz 't[$*8+!<*."<&k=[|>,f[|6=|==J>&.!*t->"D).|='{*<)/+;==|-}H<?_)!'|' caused LexerException: Unexpected character '$' at 1:4. Did you mean '$"...'?

Fuzz '.,[}!-<!<'2/:){' caused LexerException: Unterminated string at 1:16

Fuzz '![(BC!*'(|>?=m=Y!+[=]R[-n<*-()g>X' caused LexerException: Unterminated string at 1:34

Fuzz '|}"+!_!k)x+|!.r;<' caused LexerException: Unterminated string at 1:18

Fuzz '<+/"=|[{x>t>(/>}-%]>!,p' caused LexerException: Unterminated string at 1:24

Fuzz 'e&/>@Wi/>>!*=>-<.*,&T=!,]|-=([(/p/==.+&*)H1"8+!-=*>';?=;.]'/t)-;{n?}'>' caused LexerException: Unexpected character '@' at 1:6. Did you mean '@"...'?

Fuzz '-.{!=)"M&-;>-,=n&>&>{|>}<<P'|{>-#;{k)d.(<-,>(*"}+ &='|"]=H(U;)-&*.;.&o"&|*!!-Z' caused LexerException: Unterminated string at 1:79

Fuzz '>/}/.</q/-Z_!]&!!Z-+=&}"3><}.,N|;x{|=&dv!'*pG58' caused LexerException: Unterminated string at 1:48

Fuzz '.<)<$/=&+<]*/ih-[h')|>!//>"!.-><,&-N+3|(;.h!s*P](V]=&>q=(|p:}/=!/->|*>+<1<<YY-(|=*[<'+>+}j{++',-]' caused LexerException: Unexpected character '$' at 1:6. Did you mean '$"...'?

Fuzz 'G,#k|&!({|+|>&><|={w+></L&-!|-|F+|>*/}{-+s).]-K(g>>=*/V[m<<1,"*Z]' caused LexerException: Unexpected character '#' at 1:4

Fuzz '&'\<*-k<\<@m&;=en+*[|/-, .|=}"(2w||,&>"**==-[9;.+&!2*-"!}<I<!!_,+]|>zF]/|='|<-(+>u' caused LexerException: Unknown escape sequence '\<' at 1:4

Fuzz '=;r%],;<+/P||(*;<-}/0"-=!?&+/|-&=|u!&=' caused LexerException: Unterminated string at 1:39

Fuzz '"+>![/=(*.<<{+K/-{-!(W;(|p[+{]'&=*&[d.[*|,`/+-=}.'!!.*[;u}+>['q/|!]|>}=<>+8])==_=./4U`' caused LexerException: Unterminated string at 1:87

Fuzz '>!}+;]g,b[H!!>&',/R/&];=//+x?<!|/{s|\{&!(<.&>:$+<-&[+=/+"!-,v&**|&!(e**-[+->4<??}B.")-=<S|>' caused LexerException: Unknown escape sequence '\{' at 1:38

Fuzz 'I-+'/=*]+}&!=-;}*>"p<<!' caused LexerException: Unterminated string at 1:24

Fuzz ',]*z/{;L<*&>!>[.y-=|{^*,}=.;(Q/&&-]KE=/,/{-{!!;Z')l2.!,A,]+* (;)V>]*e'{t-#+|' caused LexerException: Unexpected character '#' at 1:75

Fuzz '{-=b.-#+]F+>>a!z&-*q>"-}*.;6`*8w`"]&>/!2,/>+/"_<>/&)*;(8+M&-@&{8[{+>*/(,.<=*s|&*}&.=&|(+.&>B=;!=' caused LexerException: Unexpected character '#' at 1:8

Fuzz '}u[++*!w(*>|<+>;=[[)F<,+^dy={*=<ns=|&>`},&-#-!{}*!,[&d.""<'=(*]<>=9b)^-<>M?<.C' caused LexerException: Unexpected character '`' at 1:40

Fuzz '*+'^/&!(""<' caused LexerException: Unterminated string at 1:12

Fuzz ''\{<=+"![*=++-]=.<+q!;*<)'=!]*-:<,*n-=_|A|!./!*|-B,]}O+-j{|' caused LexerException: Unknown escape sequence '\{' at 1:3

Fuzz '-(>|s<o-(+*+=e\|;!6+L*|+{-(}//#];-)-=!!<(!|*uW-xu,(/"C|*' caused LexerException: Unexpected character '\' at 1:16

Fuzz 'V{BK+|H[*y/3+&=\%-S;s=).(!}+]>5|=&-9|;u=-}v+&>' caused LexerException: Unexpected character '\' at 1:17

Fuzz '-R$eSe*}<)*-=(**+]-X;+Y!!*|;],*6!;"m(}!|(</=,+)&F]]/[4)"=<+/{|ErZD&B*x|)--|/+'<1;+][+' caused LexerException: Unexpected character '$' at 1:4. Did you mean '$"...'?

Fuzz '|(<!.*-{>=(!!!<}*,}Y-!/K"{*!b*);/|<$==;!G;<kX*+]++-{[=;.;N;*!*]/<m/f&/9>[!=' caused LexerException: Unterminated string at 1:76

Fuzz '*{e=\T[=)]<=0{=!!!{&|{*|,}L*A+>n*,+|!)-;-<.</|-,<}>|,=,=!"++!>'m|!*' caused LexerException: Unexpected character '\' at 1:6

Fuzz ''=z&]v&,/|'(>-)}/<[+}!<*];&4]]+>S">/F*' caused LexerException: Unterminated string at 1:39

Fuzz 'q*<&}]{&-&&I/<!-++;r+(=<p&]/|&*+|>><*#-'"|A|P;><}[Y./e' caused LexerException: Unexpected character '#' at 1:39

Fuzz '</<!+*<^<+&!/)<;s!;A>'&`<A+<-.>]P" R/,>E=y).\**8(8<"!' caused LexerException: Unknown escape sequence '\*' at 1:46

Fuzz '=/(..&f(I(--*{|-}):-|"&+"'Q<z2&;=/&[/U+.!y(!|}D.!;&-{>+'!\|&a!")+,'/P|<!&+[]+<*>/*N1{Ag"5;;6/a<<;i' caused LexerException: Unexpected character '\' at 1:59

Fuzz '=;-||P.!*>==O!=tr[|"+Z/!=/N-&w<!/|IN--}<'|>>+;]}|/|(;/>{;#/h!]'!' caused LexerException: Unterminated string at 1:65

Fuzz '["!B+{<>q/,<p*<"=/'Q-;..--+&!!!>/-?|;=-*-R'/5>*{&--|[=<x"}!!,-' caused LexerException: Unterminated string at 1:63

Fuzz 'Q=)y}|[+.+!z;'+/[+W[<+jw+);d/!=&-P[][,"k.-']>>==}'?!*.+1>->|-u<,*A*">;[>1=}/M&/=-./>>""' caused LexerException: Unterminated string at 1:88

Fuzz '.|*]-;>*&(*\_.;<R!(,+9&"I'>v'!/<(,s]"+*C<<{|<!{&=|o)' caused LexerException: Unexpected character '\' at 1:13

Fuzz 'U');5=>-/,*'-<.=*=[+S,{*-R>|||'(G{VY*<![.`->{M<SmO)z+(.,]<{!|&1.>>.+=Z' caused LexerException: Unterminated string at 1:71

Fuzz '!!sh"D)e=r6>+L-}&;!c[|(>8&<|==zY.].k",&**4f-M;J,+O/[!&{z?*/-/=(+=,;g!';|=q{/{' caused LexerException: Unterminated string at 1:78

Fuzz '=(KT<(&@]>}*-N&"&<SL",/+;!0,mD#>.||&' caused LexerException: Unexpected character '@' at 1:9. Did you mean '@"...'?

Fuzz '+[+n&*Y(===Q&=!(**!&y{|[/(*-}|;-!-+.=.][+<{3|s(@)!+<)//![$>,/)]>-..-}x=$/)/->#-!!==n-,]+' caused LexerException: Unexpected character '@' at 1:49. Did you mean '@"...'?

Fuzz '!g<*f[+;+!"[|)*>|.3-<8"![&<!=K!$|'{|"-*!-&et\)!<+.]+=[|]J[=K<-&-}{-!Q*,6H)*<(|>d.-+,;&"&&|)'!]=(>/*' caused LexerException: Unexpected character '$' at 1:33. Did you mean '$"...'?

Fuzz '+-}}=+;wF**p|H=,J({*-,|<,(><.{<'*!'*(a,"+r."</|>!;&m{,e}]*/;({(*->&e;]>"<>]!3]|' caused LexerException: Unterminated string at 1:80

Fuzz '?++>/2=;}!-[(&>|&q,+(_!'<*:=qE/'1)(|)/-[=*!'k!/?=='"*5,+{.HN' caused LexerException: Unterminated string at 1:61

Fuzz '!*+&;)+Mg'K)&g[2V,]"&/.,&&&-*-|/' caused LexerException: Unterminated string at 1:33

Fuzz '=D-*w=";+*<*A![<!.{-w6"_y<>28K&!=]/"O=">.+0+-y|];!|)!*n(-!%.,)1'&,"!v>=;;e/!>,<-/]><>==|+Oj&m>[;[.4' caused LexerException: Unterminated string at 1:100

Fuzz 'i!<>,/"</a-->[}rR&= (>^W={G&!>*-'w;-|[/<vR,-;|(H>,=K>]"L,R>&l"/n)'e"=>*'><' caused LexerException: Unterminated string at 1:75

Fuzz '!T[D<*.p+'/-;--<&B.<"@>|d+"]' caused LexerException: Unterminated string at 1:29

Fuzz 'P.-:<S:.)+y|\<&]-&{;f-*<!}=/<)w***' caused LexerException: Unexpected character '\' at 1:14

Fuzz '!'|.!x/|/*<!.<];>+C+G!/Qv}|{|>**!!*<|!]' caused LexerException: Unterminated string at 1:40

Fuzz '!f|<1>->-(`;'>&>+=[{>[c/+*w$|;</{--!,C!G>&nz=>><>}' caused LexerException: Unexpected character '`' at 1:12

Fuzz '()}!;[>'!$;W|*;(&,}l=!++b|-+&n;u|;=|a!Q!<g>/[(!;!' caused LexerException: Unterminated string at 1:50

Fuzz '>&-h,[>&*&|=<\!V+.D;)|*!|>&-[/b+[;R/!<.3>9<|+!>]k=)G' caused LexerException: Unexpected character '\' at 1:15

Fuzz '.-&r[))_||!++|.!||S!!g!-+g/oo*|,*=/>+]+=].=|[=>[*<*&5]>;$=/f{'' caused LexerException: Unexpected character '$' at 1:58. Did you mean '$"...'?

Fuzz '-![+:/',/j-l*r{!;+>;'<<+@'=/>'!/<!dA+//]!(y+}T='<<5/*h;-/y*G|/"' caused LexerException: Unexpected character '@' at 1:26. Did you mean '@"...'?

Fuzz '/!](&-+s;)]?&/e=*-ha..|"|.>)o<;{/5|*'{/>>!N)`-|=!!|' caused LexerException: Unterminated string at 1:52

Fuzz '}='lv}H;&*=<&|' caused LexerException: Unterminated string at 1:15

Fuzz '!+&!>}-=>|!&=&7{=,;d>[7|)=|-.>Yu=,/>;*/B'o;{|].3*|a<-|u.M|*|G&-=&C_/F(={e-*=H*|}-' caused LexerException: Unterminated string at 1:82

Fuzz '+/'=>-(=p>*-y<<!*a;+/'++(>=%>"e-&Q>+&>=T/.|NL*/&+J/[}-(A2>,</]{'!&&&E;!-x<|' caused LexerException: Unterminated string at 1:76

Fuzz '/;=<V--u<-/U<+F=</,(&-+&[=[*to/G@' caused LexerException: Unexpected character '@' at 1:34. Did you mean '@"...'?

Fuzz ';C[(s{[M/[])A[{!*;`_(>/x)]\|<]&y<&{''j\R/<j'|*;|b'{!&..*@(([' caused LexerException: Unexpected character '`' at 1:20

Fuzz '{1}p[(}|=:*:-7(;)).|*tO&&r(|0-k-<}/,+>i!(&+|&!/:>;*7!3'x-U|Z|&=|,"[;"P7&>[*-//1|B-|[]/' caused LexerException: Unterminated string at 1:87

Fuzz '*={]"|n!="}/;S&/^&4[p!{/!,)[]&|!+|s/,[m[)&/|.!&Sh'(|=}|->}-,' caused LexerException: Unterminated string at 1:61

Fuzz ';c\S=*-?/<P@)+>[|*]<;;'<+' caused LexerException: Unexpected character '\' at 1:4

Fuzz '|=!+&=<=>YN'!\//Z+H/>B!|&-!'[/!6'&}--LL*W!|/]],{&*[&</+;(-,*-#oH' caused LexerException: Unknown escape sequence '\/' at 1:15

Fuzz '>-]=**&'&<<>/-.&o"-I!]3&*=!S&.!<"' caused LexerException: Unterminated string at 1:34

Fuzz '(||'[<*)&[<=!&]i/" Bz={+&9*|F.g[+<' caused LexerException: Unterminated string at 1:35

Fuzz '.-/>|<<.<![|-=/s|#/*!&&[U'{-){;I**]+&>*}[/=_|&|Z.-!-"){]<K&}'/-Z/&*';[[>!|[](+{*+W|*|<!!<&|;=+/=!' caused LexerException: Unexpected character '#' at 1:19

Fuzz '@('|r-'|(C/(-4--' caused LexerException: Unexpected character '@' at 1:2. Did you mean '@"...'?

Fuzz '={&2){!/(=!|!,m&&}=.&p&8}]]/t=b+!+/!<="-&!*' caused LexerException: Unterminated string at 1:44

Fuzz ']g!H%3{n'p*]+<')(;!|=-;]-|-./`n&T<+{-/$U' caused LexerException: Unexpected character '`' at 1:31

Fuzz '-[&e>|;=*>u[7<-+&m;>]f{[u#s[<{!+`&'/+"|(++!/,/5.=&E}|!|&<{*#>=(0>],{,-(<Ah"><-5>;-&<<=+/.,Hc&)<'C' caused LexerException: Unexpected character '#' at 1:27

Fuzz '=!5Y.*=-=>-T!>*&-|+>VUT*!>>=![=/5z+/^j"\R,G>/;&>4}@/&|(}.&)2}&Y'/|/|&>' caused LexerException: Unknown escape sequence '\R' at 1:41

Fuzz '\*+0+{>)-"XE@//;=u/(]*+K&*&'4.(-[;={}<++f)<=w]<'-]&]!]!}/j-Xo}=nv'p]|';|l&-*/C)&*&*,=6'(t<G/||!*' caused LexerException: Unexpected character '\' at 1:2

Fuzz 'P,#[+mZ|+|>Y>'[*-|j"/4/,>`]S|'+"(Y";(>?}[=}&* ./'<-;]{!*' caused LexerException: Unexpected character '#' at 1:4

Fuzz '(!))/{+/9,e<@'}[d+(->>*)">{JS**Q);{p)M'<=[*'={/}<.,*! ->=|k|m/+>L|--[' caused LexerException: Unexpected character '@' at 1:14. Did you mean '@"...'?

Fuzz '.=*O==[#-PC+<}|/'//;*';& =)i<>),(,<}){+*'/>8),!<<m/Z++<5|*"q|Z(&>_n@L>/n/!>*/!@>&->/&' caused LexerException: Unexpected character '#' at 1:9

Fuzz '/{<=[=]Y/<>!,&*<$SZ<&]' caused LexerException: Unexpected character '$' at 1:18. Did you mean '$"...'?

Fuzz '><[*-B)"*r+,.>>}/;/^*]n*-.<!&/*]Q|p"kJ-*`;|.]!*>*}' caused LexerException: Unexpected character '`' at 1:42

Fuzz 'o}%,J!"*!/G(.|' caused LexerException: Unterminated string at 1:15

Fuzz '/K*3=}]{'n=/&+=</"<*=<>/4.&,!+Y-M>|&!</,+wz!!\x=>+}=>=="<}{][' caused LexerException: Unknown escape sequence '\x' at 1:47

Fuzz '"$;&[]Dp;[v}m|&N=&|&{>*=)&/dr]!'bN***.)*<\G'&!=>)=&!5!/&'cp;!<[!!{}7&' caused LexerException: Unknown escape sequence '\G' at 1:43

Fuzz '(W]{=w+.>K('=Ee*(' caused LexerException: Unterminated string at 1:18

Fuzz 'Xa/&r('"*&*=|}-|;-*k|"-p,*((><<].]%-&<.&$(0),*."[&;=-}&(<v{v+,F+<<<[=#>U|!' caused LexerException: Unterminated string at 1:75

Fuzz 'r!'4/-&:;x'x-.&>l/&!&N.*+|4(*/</]]<{=)=]<-)'1!J)%)+"i/q/' caused LexerException: Unterminated string at 1:57

Fuzz ')*&jA&%*</-u|]*"-(Nt+c*<=4;n4[{>(|->|E*)3&&<[;'<]&e)/R+(>]*+-' caused LexerException: Unterminated string at 1:62

Fuzz ',<&m--*/<$}({6&:+<P/2,>=!-h&!||=&,(>W&}+,|O?|]/'_)>(+@=*>{<)>[[]//9>-B' caused LexerException: Unexpected character '$' at 1:11. Did you mean '$"...'?

Fuzz '}<&-!|">y&#D=I)x<D/>/!)c-=\ [1]*>]/=!,+"<>&+U>nn< m&-];.&'m}*F,$((()}].O)*=><.+/&-!;&1)[*J->=' caused LexerException: Unknown escape sequence '\ ' at 1:28

Fuzz '&[*<[**/&2R&[|":+<>=[|.)|d<J)-}>/**(=r." |tD|n*/[+c=k*h{/r;|Y<]-_-*g-W?Y-(.!]/-.;r'' caused LexerException: Unterminated string at 1:84

Fuzz '=={U)&&k"*@b>,|=)&<*+9&{"|>&[!=Li+-}|h]a,+N]|!'[<!9|&!-;|)Sz-=G)z|{'[2'y]->-!' caused LexerException: Unterminated string at 1:78

Fuzz '<,+"'C)a<=:-}>|"=+'**' caused LexerException: Unterminated string at 1:22

Fuzz '!&-;&*;}|6<{+]<!((--3/!*+}-<!"*<[!--v]i;+1&N{'*][!&&*>&,/+|,=.O[y*' caused LexerException: Unterminated string at 1:67

Fuzz '!*u*+]-=6,!;|fu!.=&/[/=}'d{=j->Jt}oH=*y,[>-!'&&m/Xx/k>|-/|*!|#<i&}]! {<' caused LexerException: Unexpected character '#' at 1:63

Fuzz '=-<+'F+&*M(+t'*<-))&+/@['>.Z;>&e*=,]>:>/>*}{^||N'-)/*;>' caused LexerException: Unexpected character '@' at 1:24. Did you mean '@"...'?

Fuzz '[[X-/*@!c){|}!("!,;"|*/}!"<8-/)1=;;[><%[-|P{>}&.>|{+q!U*/<>.D>|>!|--' caused LexerException: Unterminated string at 1:69

Fuzz 'P*|/-w<'k<|p</-@=!+>"0&*+_+/[!$G;[FK.Q*!/|,Gv*}}1)Q-<#*@"+|>|`.x</=&}{!g?+%6+D!*+}&=/*&>&' caused LexerException: Unterminated string at 1:90

Fuzz '{[|/==*(=*|+><P.&<+%*}T,=';J,>]'!-[/"{).{&!}+-={&S/qW*&O>"|>|{!.H/"L' caused LexerException: Unterminated string at 1:69

Fuzz ',-/|(}V3&<E.+|!-}>R/!-&|"' caused LexerException: Unterminated string at 1:26

Fuzz ''%Fg-+.&(|.]'{=*.\d}^-)N/R(.-]}\'&' caused LexerException: Unexpected character '\' at 1:19

Fuzz ',!{'(=*<|)q/=!/-' caused LexerException: Unterminated string at 1:17

Fuzz '}>}>)E[-(U/--=,&!!.}*a|Q!|/']{p&;m!!%f|(4+4')}>!+L!]**F{>+?*/+{V!!=!-{4<")-Q|-|'>]&L+>S' caused LexerException: Unterminated string at 1:88

Fuzz '>[*H)=[hQ.}+.{F[!,&|,S+-<L5-|'*n0#}=)&sD{k' caused LexerException: Unterminated string at 1:43

Fuzz '&,A>^=z#[/A&=>s=!*+-|D="bN{)+|;@k(}}<!-&*}=[>|*+p.)=AuG.|>>)+<&/' caused LexerException: Unexpected character '#' at 1:9

Fuzz '*/},>}/(/+"|T'|[!!J,7C+.S;!--*B=/,{*Z>&r,uz-n>'<=}N"&|}Zm&[)<}}=>*(}}*;}+)>+-]<*">.{&z&{"}g'' caused LexerException: Unterminated string at 1:93

Fuzz '|[[!;&|)-,]b[*>"*<&<)]>C)+[};ut{<|&)I!![),/-12=,4}='.(I' caused LexerException: Unterminated string at 1:56

Fuzz '%&O*''}&=F/[=.\zS[]N!|=|'<=[X-}*="o)=>&-+d&>/}<%=M--]!%Z+' caused LexerException: Unexpected character '\' at 1:16

Fuzz 'w6/o>!/=!Y)-[&T}>p>*|?*/<)F]-<%|!/-*;*=]J{>$}<;(=>&|<!);1M>[(*|&' caused LexerException: Unexpected character '$' at 1:45. Did you mean '$"...'?

Fuzz '/}8<!|}-x}&+-&{q[*=+*-]+U*C'q&;q&-&-.>FZ>+>};|/&{.),*<A**")p<}'&*[-!|<iQ+(",+' caused LexerException: Unterminated string at 1:78

Fuzz 'd<>`<!a<G.)+<*-&>===O|!(5=z;V-/>>[>,z\[]|{-+x' caused LexerException: Unexpected character '`' at 1:5

Fuzz '+n*[*1*!);q<<'-}g>|(=&/=//_\.=."p&*-m!"<<rg"+[!E&|+g>|)=' caused LexerException: Unknown escape sequence '\.' at 1:29

Fuzz '`D-{)7&*!1%!|/'"!}][}{|(<,*/`.&T&)&/=t=&|{{'-!![|/'/*[/{|*!' caused LexerException: Unexpected character '`' at 1:2

Fuzz '"&[+-->>={&lb><.{!!(*<U=[z[-!]*!->|+*..+<^=x$-|{;{#-&2{t(3]||!G#}&|{!{ <Q/H,+!' caused LexerException: Unterminated string at 1:79

Fuzz '!S<f*|=|*:=+{/<,,-<|=-+=N|}|G=)/-!=<{=6]+j/|}->i="}|-`Q|'<*'>/|;3"=%^>'|(J->' caused LexerException: Unterminated string at 1:77

Fuzz 'q-.{V->.fA/-,->2<?>|/"T|/!+' caused LexerException: Unterminated string at 1:28

Fuzz ',&D{!1*)>*!/)N<>-/]MJ|=/A+)v>>[=</#O+-<e.[=}i;Q*>!&+a*&/&;//+(=&>v*=K/vKQO,!&:'|'' caused LexerException: Unexpected character '#' at 1:36

Fuzz '+*+$(&]]];.&iH,;='EZQu!,>>-0j&-U;=|}>*<*|)|,!>/&<+>/<-' caused LexerException: Unexpected character '$' at 1:5. Did you mean '$"...'?

Fuzz '|>!*=7"&.J*<|c({' caused LexerException: Unterminated string at 1:17

Fuzz '*Q|-(>r1<{-[(>o*|;-.)|>'|!+"Z-+=)";/>/)&&E&k;=<+=<=.=*{--;\|o+P&{[]|I,=' caused LexerException: Unknown escape sequence '\|' at 1:60

Fuzz ',&=*H=H.+*-!`|)!;+}=]A=p-=.P*&,/Ei>' caused LexerException: Unexpected character '`' at 1:14

Fuzz '!!|/'*<<&[$=}>+=[*)(&}=^,/!-*+/-<}'I[;<}6+><=>./>*}8'&+[4&|,+?-;>/.' caused LexerException: Unterminated string at 1:68

Fuzz '!"RF)>b<''>-D4|)&-soG=[|+0=)>*+&c|>dQ&&=!=+0\")|>"-;6<*!"+w]>' caused LexerException: Unterminated string at 1:62

Fuzz ')))=-S('&Q.G.]<]-</>[|)>;>[(IQ[.=YG+>y!E+&|{(4"J|L---)[*!*{h&"+/tF&&<*/!+V!"} (&<]?/"ru,></&*;=-<*!' caused LexerException: Unterminated string at 1:100

Fuzz '.f%[|&!-V=/'n_=&'&>.q/f<[[>+!+'y4&vz*C<(]='***-%.-&(<+>(^*\' caused LexerException: Unexpected character '\' at 1:60

Fuzz '9 {]>*+,D!><-N/$(;+[x|&>}==-|!fI' caused LexerException: Unexpected character '$' at 1:17. Did you mean '$"...'?

Fuzz ']-&P5!=(t.-|>,*=+Z=A*E+*<]])k*'Il]+;|>./yJ[-|]/=|}&>*(+>:><,={',/[|/8)eL[}[j"(+n86j$=](o-*!/&++' caused LexerException: Unterminated string at 1:96

Fuzz '"|w<!&n-[=f-/<.L}!;/|;8<>(5+**=<G?&;!Q&l-' caused LexerException: Unterminated string at 1:42

Fuzz '<>-=/@/];(}+==cZB'{\/v<&D+.]D]zV]k,!"}r</!R[&W''{[|-.1=/Bm+L//!'//L+["}]=&'=,,o./(9+[`].=' caused LexerException: Unexpected character '@' at 1:7. Did you mean '@"...'?

Fuzz '>T;+']$|@'<-'x=<' caused LexerException: Unterminated string at 1:17

Fuzz '=L<<'}.&'++}!yEo[&t)<>M-2&=.Y'./*=!{=)&|&H+;}[&{+D=<H]&=n![.>}++>=>C)&;&=C)/>&<=+%' caused LexerException: Unterminated string at 1:83

Fuzz '+!&/&,F*+-<+{A>$'(+=}' caused LexerException: Unexpected character '$' at 1:17. Did you mean '$"...'?

Fuzz '+=!k,&.+--*h||=H<&=g/>.&hLs>}Q}"!d[<(*[<>(w{)<+&"=[')AF>Tp!/{]>!<>'-)!}Y<}'&!*<|>' caused LexerException: Unterminated string at 1:82

Fuzz ']|<{6-}"/,&-,></_<*f,(,/,|,vqy>*_[<[(-})+></ [-5](>{T,+-+)&3*/,>>-,;+d',/+.}*A]"|!({*/@=/>&h/]=|","' caused LexerException: Unexpected character '@' at 1:88. Did you mean '@"...'?

Fuzz ';}"*8AZ|-H}p/&"I()2]^p\}|)=K (+v4)j>*>+!]-1|-&>&|,*' caused LexerException: Unexpected character '\' at 1:24

Fuzz '=Jg<*/h|W[r*},]&/H+"Y|",{<>-7&/=<Q!>,J'".&j+|+{&|K/.|M!!*!UC<+/uk"&{z"];l{-=*=*_>)\+.' caused LexerException: Unknown escape sequence '\+' at 1:84

Fuzz '-]>=|{,Cj'&+<//' caused LexerException: Unterminated string at 1:16

Fuzz '7{};*+*]'/=*.!*f!"&<.,>[;[(/}/!;-<&]='\\\[&=|,++&<|5-;*];+K>=)!|/-Q)' caused LexerException: Unexpected character '\' at 1:40

Fuzz '!&/]=.[-R-*<&/D"**r,<//<;h(}}s*}[|*D*{!)<z:.("c!&<'' caused LexerException: Unterminated string at 1:52

Fuzz '+]=,|_{<!+k[[.]**-=*'yC;B]".+=/*.{,<{&H1|p><|&>/]{*.'"!@t(jpk/<>]+<+>,[<;&!-'=-=c!'](&=)}>|*|-' caused LexerException: Unterminated string at 1:95

Fuzz '$v[$>>&V(}-+&<={==)=+(|'],%7*(<>=*' caused LexerException: Unexpected character '$' at 1:2. Did you mean '$"...'?

Fuzz '{{*&{.**}-|-.b('|},)|/={+D;'A"&}' caused LexerException: Unterminated string at 1:33

Fuzz ';A<-;/Q]&>z/+-=>=#[//!I!&|&{'!.r+(a+!.>}=/h-/]&+*!-|*}xO&<<{>&]!&)<<&X{"Uq*;-).|=;Ko<]+*}rZ!&(,' caused LexerException: Unexpected character '#' at 1:19

Fuzz ',=l{-Kf"!Q&-3#<+=#!=B-{{!|{6/=Cw*+=|{' caused LexerException: Unterminated string at 1:38

Fuzz '-[-['|=_.|=2=7|+>&O(<l:\8+#&)?*+8Cy&/[=*3tz++"=++",+"-!9|;ro>upF-{v/(%;<>Oi*]'k<={&|'' caused LexerException: Unknown escape sequence '\8' at 1:25

Fuzz '>"+S>'|)l|!*=[=!X'}!&.'&[=0-.R"?&&hU|<)+,;,z"}!=+-c[x*||!,]--v=;!<--|R!|;-/|'+>q<=<>*-];(!-/'+' caused LexerException: Unterminated string at 1:95

Fuzz '+)+W=>+<*!;7!<@*&-w6=>&i!>>(=;(a}i>>/[+V*;<,>=F/.;h`&|h{"|!<*/+{<-|(U<!+}/' caused LexerException: Unexpected character '@' at 1:16. Did you mean '@"...'?

Fuzz '>]"<-p)*s+|!-.' caused LexerException: Unterminated string at 1:15

Fuzz '<>)}$-+<!|'<;!>!+,M+' caused LexerException: Unexpected character '$' at 1:6. Did you mean '$"...'?

Fuzz '*-{'|!<=;X-;.+>o{=' caused LexerException: Unterminated string at 1:19

Fuzz '(E];<>;;/{|/&+{[+"<G!]}\<!<.#|*+{=[=*-!<+(!d/+g>m"=I*,,!5*(=H0+}-)/*"&'<U/&<O>z>[{o|>'/}i;0^'+(' caused LexerException: Unknown escape sequence '\<' at 1:25

Fuzz '*K>+i'<++)/+!t.&|>*K\*.-+>)}-/_(**-;xV}T=}/d+-^3<!fBJ'*]!&5*+).]M-)&=|/}<-H>*{[6>=cM/#-^//!-*(t=' caused LexerException: Unknown escape sequence '\*' at 1:22

Fuzz '=]|**;$| =&[<">P+,!"<+"&/BM<!' caused LexerException: Unexpected character '$' at 1:8. Did you mean '$"...'?

Fuzz 'a,/i%!>=>w>-=xB}V/+;&|*^*t--'-!}w+|&D*m>?"&|.-*{(,<>`c,+.-;h4!=' caused LexerException: Unterminated string at 1:64

Fuzz '(+N,<@< <x`y;>|@(-+=5/=}+>&x&-=' caused LexerException: Unexpected character '@' at 1:7. Did you mean '@"...'?

Fuzz '-uF'")><A!]I}!-h/(W&!|$.=n>,*]|)|'&,|'(+&' caused LexerException: Unterminated string at 1:42

Fuzz ':Dm"=<?|!&']**+|=<>&<&}]*>!`>*`*#=/&w)n4/*\{=E/=&*!||<&i}!/{,`h]sI)}/' caused LexerException: Unknown escape sequence '\{' at 1:44

Fuzz ',9!n.><,&!;=!;\[-+]|/E!G>|'&'/>,/-*]c!!-^({[Z,]r"/H'.<>""6)/!&U>R*&<&-' caused LexerException: Unexpected character '\' at 1:16

Fuzz '->[|g{[=][>})j'/)>!!+{>(*h+]=&=-!|+*{-=)!.|{.&//<O#='&+!{?"W<*!](!k/!|)-,&=W.*=' caused LexerException: Unterminated string at 1:80

Fuzz 'm/]>I(-*Ub)</&&;;*/g>{!/&Yd-\&|<&{{T|"*r&*)"3<'=6?!|!>]++|*!/|`!>&=}!=>('&>{N' caused LexerException: Unexpected character '\' at 1:30

Fuzz '/;R/'r]Q&--)][>&!-=y}=>"'++-/]"}+=j>t><=&|<;;}_<!</*'m'w"=->'j|3||b=-<<';>*^N|*|->}*.-"*!' caused LexerException: Unterminated string at 1:90

Fuzz '}|(/+*/+]/&>'e,r<=:;)|;Y;{},/([=[I>}:!-]=-]n}|e*|/' caused LexerException: Unterminated string at 1:51

Fuzz 'P*"|+/&{[k{+/G[|/|+*+>{+' caused LexerException: Unterminated string at 1:25

Fuzz '*y.,*A*g>&A*>|<",<]=}&=]+ 6]+i)[|,&&' caused LexerException: Unterminated string at 1:37

Fuzz '5"";"+}&}=!./*=>/+-,!;/!]+<-!->}Y,|!]<o}x,>R{u';/5p<'-=S]/' caused LexerException: Unterminated string at 1:59

Fuzz '=*@+<>!;L,!/n({/=]M!|=!(/G&X}' caused LexerException: Unexpected character '@' at 1:4. Did you mean '@"...'?

Fuzz '(}+S%&{#=|+{>x=/>]g?>}<|=/.(&,">|&<)?>+>&)L!=,-<&*'+O*5"+|!;|!/F-/(-=-<[-&|)|;>'||,E}].&L;' caused LexerException: Unexpected character '#' at 1:9

Fuzz '&!>)}{!**&/.)>-/(|L;8B{]!K(&&"<;|"}+-,&+)*Q-;&>l|)!=)=&<&!(;|{|&[|r*9t![.{Q&[!]-T</=>$G"/u!;!=' caused LexerException: Unexpected character '$' at 1:87. Did you mean '$"...'?

Fuzz ']#l]R]><"nw!]*|`-%*2|*-]>fru=&'|"//=3]'$-//;/|.|!g,-!<,|,.]Ux=*,)+})*i!{=<&|=.'*->'' caused LexerException: Unexpected character '#' at 1:3

Fuzz '"*,=t[/<'b;;{}4*{!X6)[[;/]:[eT>}V''/>&+za.m&{+E.</]=-*]-|+|>&\+/U|/8={"!|=>=/' caused LexerException: Unknown escape sequence '\+' at 1:63

Fuzz '&V-|!==;&>*-/}/<[=)*5.+/(=,/+[-&,+,{|=-/FL;&|'+.<<&,].:-:>&>-Z,!>>*}[=E'++-c]".>->*,,|<<<' caused LexerException: Unterminated string at 1:90

Fuzz '=*/)X=|(W/-k>+/|+++& &]-{4-,|"(' caused LexerException: Unterminated string at 1:32

Fuzz '<<+|-T..`b)!_>]H,' caused LexerException: Unexpected character '`' at 1:10

Fuzz '!+BW|/<|[h"]&[<3|!/>-M=>.'|.!W[/!/=Cq%&-&<'.(*rH>=J=//",/>A|;!|'>-|!!=#+|-,)-)|+&.m=._]!>(=|<' caused LexerException: Unterminated string at 1:94

Fuzz '|D{|/|+.}v<}!|/c<||*[(^+;<s<(*&/-[/!<++-+CZ/.2m}*=c(-;*"**{>*Q'|]c|K' caused LexerException: Unterminated string at 1:69

Fuzz '|v=(M\[><+';>[>8}=' caused LexerException: Unexpected character '\' at 1:7

Fuzz ']*<>&!={,<{j'--z )+jw;!='<,|+,{:|x=*])-& =.,!./z$++=>k{-}+|t{|"`&&X'=}>&^0>[+=^>/!"</{&=!/-><&@[|' caused LexerException: Unexpected character '$' at 1:50. Did you mean '$"...'?

Fuzz '(7!Ex||++&\<-&]".-)ew*67>Sp[|r<.&&-]/&K|>|+||](]}ws{.=>{=7c&,Aj!>' caused LexerException: Unexpected character '\' at 1:12

Fuzz '!>>+;+&-{A+*=,)+N/=?|=!+/=[>|>1=|!!Z<]<d]&A*={o|!;[{]<{[+=.>!+;!!<'|+&5' caused LexerException: Unterminated string at 1:72

Fuzz '}*|}0*^<7=+;-<,={==&><>*&..&>fi|.{-,{,/;+-ri;-]/&u(=0*-!n&]<'/'*p&.,cc;[./=,'n-!]8>*(.<>.->l{R(|*' caused LexerException: Unterminated string at 1:98

Fuzz 'k`<'T!+(\<O]*+>(={]'}&[>/(|&>=&}{(),|[X]/&' caused LexerException: Unexpected character '`' at 1:3

Fuzz '|='/(!&*>&X{/I)]>|-"-<+>;;=-&"/!-/[==}-,!'\;^1*J=!*&'|>i-",|/+<&X(!6=>}T/<{&k{C{(' caused LexerException: Unexpected character '\' at 1:44

Fuzz '-.<;}]-<|j>*=((-=x!7=+!>l!<-}"=<n[[G|/>\;|"Lr|-|*}Y-O|' caused LexerException: Unknown escape sequence '\;' at 1:41

Fuzz ''[}L/\!o8)=*\=!<+--<-+/`.m[] }!&(1C!(6L|(|]>&}' caused LexerException: Unknown escape sequence '\!' at 1:7

Fuzz '['!(|,}+@-{;[v>-P[*(L[&R<.<>;,,w_[(>;!J/' caused LexerException: Unterminated string at 1:41

Fuzz '*6+*XB&D!a,d{/!M@K`*|||x->E|' caused LexerException: Unexpected character '@' at 1:18. Did you mean '@"...'?

Fuzz '"z,-<|>=*<*./h-+' caused LexerException: Unterminated string at 1:17

Fuzz '+!=W[<++'S*",-%*&!;.+-<*x=>[!(B(';V</)"&b='*(|-';*' caused LexerException: Unterminated string at 1:51

Fuzz '&{6&'!+)3o=>L;||&+<>!)=!k!&3&9{;+|[*W-T=7,--'|==h;<-a=u&Y!>Y>,](|]/.+d(],['-/{[|"pjG![<*+*-.<<' caused LexerException: Unterminated string at 1:95

Fuzz '&*|.+&HV(/<5"-(/2a!/&%-)!=W*#=><i<!&=>/!)}yb/>>*!)|!j/+*{->]|=|&I*"i">]+,*#>[k' caused LexerException: Unterminated string at 1:79

Fuzz '|*>![pe/+!.,&'"!w!|'}{*p/&H&)&!|.].`&' caused LexerException: Unexpected character '`' at 1:37

Fuzz '!&>({&*/>"J><p/yV|u<-*]' caused LexerException: Unterminated string at 1:24

Fuzz '<3.{}"k({W@}!{a}*5=!j[@& e;-!ks,*'&/i{-V-(>&=|iro[-.$;t/_!|=,<{m)S&')!&-)i]|)x' caused LexerException: Unterminated string at 1:79

Fuzz '*9<>!D&<!;/;)&AK,),M=T*&}<;g+|`*+>++o(6,' caused LexerException: Unexpected character '`' at 1:32

Fuzz ';(>r)f,!'v;<W{|M!&*]-=P}<[{*;&+-;b(/<]>-!DC)'*hh*<>zC)!</">''|!&<./=T|=L!*+7W'|m<1'*Y)_-+' caused LexerException: Unterminated string at 1:90

Fuzz '!!",;P=+|;>==*' caused LexerException: Unterminated string at 1:15

Fuzz '&.)*2U-V|*-&,=>}</S+@+';{>>!+]!,==>,;,.!;/+=Z(}[;;4+!.m!)d*/[]/}}' caused LexerException: Unexpected character '@' at 1:22. Did you mean '@"...'?

Fuzz '/][*-<"o/),/>+=' caused LexerException: Unterminated string at 1:16

Fuzz '*}&*&@+,P"*B>|>[q&([!$,=>|.=-=-<=*"}/.-=>+-&}*(5y/,Rq!|-&+!]<|=!(*>|' caused LexerException: Unexpected character '@' at 1:7. Did you mean '@"...'?

Fuzz '.();X/Db,{2|*<>>"=|^[,+=-{}!]--C!=|>'>,/(=<++M>&;"./|.#t"-<](+T|rx!*<]}+9=:+' caused LexerException: Unexpected character '#' at 1:56

Fuzz ')+,n;*;.&|./({{>|,&}&"(/=!>(U|<' caused LexerException: Unterminated string at 1:32

Fuzz 'k|a=[^*'=.*/->=-[x+' caused LexerException: Unterminated string at 1:20

Fuzz '-/<*&!{[-&-&-&<&-|;W=L}&6'&>kpNB/c,u.=\&l!>==>)-*<h!|XEH/,Pz,>&'[/&u>Nz>F,'<&!',' caused LexerException: Unknown escape sequence '\&' at 1:40

Fuzz '.*/'.>-=Z'/"|)&*T<&<|/*==++w&!C!{,-W=&/<]-+&{&=^+ &0-' caused LexerException: Unterminated string at 1:54

Fuzz '}<0<+.|L*]<]|++>/==hb]+@Y>",-&-N]![.-..<'<[.)y&<J|A/=-}4|[Z+!+=,)<&|,><N>&=;-' caused LexerException: Unexpected character '@' at 1:25. Did you mean '@"...'?

Fuzz '.q"=(*=/**,&&$=><{/+'Ih!*|C[{+=.(-]**|".#|,.8|''\:=||&/||O-5^}<(;!f/!!"|&&/*"' caused LexerException: Unexpected character '#' at 1:42

Fuzz ',[*=[}(&j!+o'mDs=|&=<!]O}Sl,!u!c+*} |<+,nu++(|-/]<' caused LexerException: Unterminated string at 1:51

Fuzz ')k3X}<>**-K=/).9'[+A*?=>,*};%Dc(&.r>+s;,|x*!.{,==*uf<,>=(B.,\' caused LexerException: Unknown escape sequence '\ ' at 1:62

Fuzz '>+(+"U=[.+_/E|&7&R<{|!+|.;=*(`q' caused LexerException: Unterminated string at 1:32

Fuzz 'r-H'//,/<";VP&**|4;]C<&>;*,=y/>+'+|{|<!++-G2,!>{*}Q*'!;' caused LexerException: Unterminated string at 1:56

Fuzz '}!}"z!<|'|.;|><)!&->w*-,=v&F.R(-<)+i>>,*yd.=+=&k&+!-|!!' caused LexerException: Unterminated string at 1:56

Fuzz ')<'>N()*AC]="]|+v[1-s!-.y|(={[&|](6=*(/|H],}.=+=&9&]{|<}|-<*/,B;.=e!]l*<m' caused LexerException: Unterminated string at 1:74

Fuzz '&++Q=!<<|!$q;!s<v*|"-!>^d*>=;+++="r##*=>+|)-!<}+E>/"RH&/Q-N+&@!jx/)"&r<*>=+{&[|*+/-' caused LexerException: Unexpected character '$' at 1:12. Did you mean '$"...'?

Fuzz ')P<*/<!=;1i!;=b-)SH[:!#+{|&+e})O&{(!,*-<{7&/!)"<!4K.!/}{8/|<"F&[+|)<;\r/F<!!=p-|"<.}}|"sq/=]<F-"*N' caused LexerException: Unexpected character '#' at 1:24

Fuzz 'n+&$Or,{{]*|)!*|;D-F=;(8=.)=<]Y=&"->*>}f/"'`=.*'+{|)'?|'|,/-"*<-[' caused LexerException: Unexpected character '$' at 1:5. Did you mean '$"...'?

Fuzz '+!/+'J/e!|&!(R' caused LexerException: Unterminated string at 1:15

Fuzz 'l+)^/=!*9|;*,|["|(*+6";-'=}*8W!+&-D[&<#=+=+|=p><!+<d.' caused LexerException: Unterminated string at 1:54

Fuzz '<y]+Q<""oK*}a!||c)!+;*w<m)d|'}-![=U{'\}uo;U/&+/-.ycN-N-&`1,/{(+>),!+=-.!P;>t{<-<&>VY' caused LexerException: Unexpected character '\' at 1:39

Fuzz '*Au-1)]|W(*=/!+*'=&&=' caused LexerException: Unterminated string at 1:22

Fuzz '--<("=/+})(/;!!<_)!1F*|*&(*!<=*<[&m/X.,[;['>*=,3!-{.'>'==({/U"w-*\ge<8-"^/*|,6C>&l|[""<'m|veJEf+-' caused LexerException: Unexpected character '\' at 1:67

Fuzz '8<'=&ej+/=p/&O[(}[B<"+'&*&&/|x'(!!]' caused LexerException: Unterminated string at 1:36

Fuzz '/}*l!=&-<|[+M9v(!(+(+"&@)&/+.+[,<+//{' caused LexerException: Unterminated string at 1:38

Fuzz '<*>/[xbNg|[+,)}<>B&,.<|u[")&=*>>}=>I\&4|'+=]-)||,</.+;(.<|-i**d%<=R?]*+(+m*' caused LexerException: Unknown escape sequence '\&' at 1:38

Fuzz ')*^,/s!f-Z'uSp*F]^}{<Z/+,>p-/{<-|&^<\-+/|*)!+*{,>P&+\/<A!!=;)I'P)>I!;'={NP' caused LexerException: Unknown escape sequence '\-' at 1:38

Fuzz '--}-[)<+,"/**>"|.(+,u<|)/{-/->](}p/-'!1>}-]*<?o[-*/&-)<*}..>|{.!X>wnV' caused LexerException: Unterminated string at 1:70

Fuzz 'R}=>I|h!}}p)|)!|>Qjk|<K*]|,-|"(r&-"|*"nc&&>H</]}' caused LexerException: Unterminated string at 1:49

Fuzz '+c!|'j-.*>!:/|'<N.3;f>**/{--|{-!*<]w(|i8*+!"i>[*=Z/&+)L-}+-,<' caused LexerException: Unterminated string at 1:62

Fuzz ''+DoH{|/+rh/{+M+k/=;*z<>h(L"">&>/<+!H.=+&7,/)+*--&=- aa)"8/==/,,-ZW=[&U' caused LexerException: Unterminated string at 1:72

Fuzz '{|{>>=);-{}"+{[+y.3&!-}*+'*0"|X"+-k;]^6"s|+"o,/.<w}k|**;=WZ|=)-!' caused LexerException: Unterminated string at 1:65

Fuzz ''*[<N+'a=W=/+(=/'+-"&"+.,'./"AL%,>|!M=-|.|;'(-/-*>>>.{=+|,]+&=/+|' caused LexerException: Unterminated string at 1:66

Fuzz '&<>|+*+m|y#<;=+|"!A-< ;.<++(]6++&};=-+(}0!+h);>Zdd?}]*y!'!);|' caused LexerException: Unexpected character '#' at 1:12

Fuzz 'V">=/=)=.{' caused LexerException: Unterminated string at 1:11

Fuzz '(>=]w<C/|><>/>||'=>&[W;/!]/></"/k&7+4}?]**|[&*)*|&/D=-/&/<i/">(!' caused LexerException: Unterminated string at 1:65

Fuzz '<-;>!&=!-M<=&T{+=+(.:;<c<>!*n=*-I-i!,&k&3"/].&n'5' caused LexerException: Unterminated string at 1:50

Fuzz '&)y|];{&+-"<-{/!#>+!B&;+));&=|!+*W-v=*}+</&,+&=/;|' caused LexerException: Unterminated string at 1:51

Fuzz '&=--.}!D>,<})>i[Z-<<=<=;,|> "|-! /+]"!]><\]';>5,'!K( +],4y>+L|*-<!,L/.)mw{#i!==.-*|&-wm' caused LexerException: Unexpected character '\' at 1:43

Fuzz '}<&$<'/8/&|*!-&-,|V"&+W(>;[/nN{/j;+}-LpA].|-!*o|,d"})l-:&M-/n--' caused LexerException: Unexpected character '$' at 1:5. Did you mean '$"...'?

Fuzz '.K/'er=|-<|!+-xmX&v//"w*+<|!*!///=J*&;[<9(){//6U/-*!B<}//W+&:<v[+}|/&&{{[/&+{|/}+;>[)' caused LexerException: Unterminated string at 1:86

Fuzz '!<{=*>|{=O>=-[/-"!="/(>{&L/&{|*=#!>[=&;!<[,>;&#P"=;*=&E}!#;!&K]=qF#;[[*!+"/>**&=&,|=+|!/;' caused LexerException: Unexpected character '#' at 1:34

Fuzz '((;<|>$*}>.&D}v' caused LexerException: Unexpected character '$' at 1:8. Did you mean '$"...'?

Fuzz '|/&+<-aR=6]<,6[}w=&?/<.>",((>}.>)."[}|!!=|78=/'[?{<E=Z' caused LexerException: Unterminated string at 1:55

Fuzz '.<),&(<D/!<5*!'&D*}r<?-(*]|)Y|({{-[>&!/!&?/*_j*}(-E->U{< +,Q<v<{-a]&}[(&,!>' caused LexerException: Unterminated string at 1:76

Fuzz 'Z <;5&+p>=&/&x..&|L>/>"<;},*|!>>+f|h>.S-,' caused LexerException: Unterminated string at 1:42

Fuzz '<;?/ui&++{"&[<(/<"d*{&/,]-y&)%>|+c<-&""_(||'>|{<-|Vd{{' caused LexerException: Unterminated string at 1:55

Fuzz '[->>./L,+>;]+&&;&=#<!;{}*-l};i}/}}*!=/}/-j}=&[*},>G,3I*/!-<i<>|!<:&"(' caused LexerException: Unexpected character '#' at 1:20

Fuzz '|)/!|(>l|&;!"]</<m},<B-m\z>0`i>!+"v=<`>[K<|*+Q-:.<.K/' caused LexerException: Unknown escape sequence '\z' at 1:26

Fuzz '>=-AC.<*; b[*&[([L**d|=&<,}&*8'!="=|k,,+*&*.+!}/|*U&):-,,&bR*,==}|<s&*Xn&!"{<^(}6/**->.,&>p=<|' caused LexerException: Unterminated string at 1:95

Fuzz '==(<J!+&(&&(|/(|{!<<[](+&"&*>K&:*!B&+=>S<^==||">'&+V-!>}*|{*A"^}O-)' caused LexerException: Unterminated string at 1:68

Fuzz '"&b<+-F.3,=a}={|+-4.F*|*<<+[&&[<>"KO|"1!z||.!(<I&,'/h>(=.v'(M)$|hH+==s{."H.K/>|{;=b-}+&.(]||"N'}' caused LexerException: Unterminated string at 1:97

Fuzz 'ov&=}<|x&"<*];- -^&>&$$lX!<;!-}[>![}&<<|(n-(-*+=*2="J`;+>3.=-!k<>[=*;j||5w/]<{R;</!&*&Tq*+//F=' caused LexerException: Unexpected character '`' at 1:55

Fuzz ';>*>|a.|*]*V=&!<!"*)My>![{+"i(,0)r!/%!+|*/-[-/]{P*>=}<']={<+*>>;<v&>,Jh;o>|>+<I<!-])"O' caused LexerException: Unterminated string at 1:87

Fuzz '2'|"+]+#=rw=m{.).*"wg"|R&'*-"){=' caused LexerException: Unterminated string at 1:33

Fuzz '|V|!>w[A*&5=4"*]|wT/|`0//},>h>&' caused LexerException: Unterminated string at 1:32

Fuzz '+>-)b1>&T<Z[Y]>p]4["OI{!o/*<*}j.G}{,&[)}=!=k;<+N>q[' caused LexerException: Unterminated string at 1:52

Fuzz '}|`|!!^}+*>V=&["[=!'*)4@=,)`-{*+{!;1,+'|;*/>>. $|/,|/+[$Q*!<&=[&=|&<|*|/>[*' caused LexerException: Unexpected character '`' at 1:4

Fuzz '>."'}-H=-+&$>';!{|J*;|;*{o,*iy+<<>||(./&xw' caused LexerException: Unterminated string at 1:43

Fuzz '<!b[/<<|{;!/<,=W<_:]`[+>&,p<"','/$,]E})]*</-)/;/F|)n&>[>*O&/[EO+--3!|}U}-&W-F=>**|];**]=&>,<=]"{0&' caused LexerException: Unexpected character '`' at 1:22

Fuzz ']/.<>;->.}-[<|<[]|(wy<i*!(,].)};P-,&>!(=<F("{+]|,+,!'' caused LexerException: Unterminated string at 1:54

Fuzz '<,z-]*+'9;)/|>5)&-)-p,x+&)''f/|+"!!)T.' caused LexerException: Unterminated string at 1:39

Fuzz ';,>/Qp&&--+{5+&(.;=+,&}<*=,/)<' =|!'</h]-<!{/2-<<.'=[<,&|O/{kW,&*<+!=>})=8' caused LexerException: Unterminated string at 1:75

Fuzz ']](;'>-=>&<}<>&/-R+' caused LexerException: Unterminated string at 1:20

Fuzz '*'&>y/*''{(/]}&.,<="|&*P&*MV;>'].s=A{<&U[=-|h*p=!,/!+T/h|&}|!"' caused LexerException: Unterminated string at 1:63

Fuzz '&'!5M*'<*->-/|)/"|.!G(,)Q+m' caused LexerException: Unterminated string at 1:28

Fuzz '>r*,!2*<b>5<,#r}{' caused LexerException: Unexpected character '#' at 1:15

Fuzz '+<>=|av('<V+=&>/#[N</='gq/>/|=+d-!;:|>'u]/+).({)9<&4(-S<{+]y=x!+L](!&/C{+Z==&-]-!=G' caused LexerException: Unterminated string at 1:84

Fuzz '"*&<}&-|>&&Y>'<;/><' caused LexerException: Unterminated string at 1:20

Fuzz '&)v*_*>'h+_*}*}<||<<>]|(6+>(&F]&|-"}a&"+S>*-E]+=<=&GS' caused LexerException: Unterminated string at 1:54

Fuzz '</-|w!"-jw!<W[[!,f +=!+aS*=/T/4{q+i>=}/|/Y<W<<-.-(=/|]'7*>t};=/})"<iFK<([[*&8|{/]*('*[>%**#' caused LexerException: Unterminated string at 1:92

Fuzz '>=="]#)}|*[8><=*/|'{ -w(-+!]+<3-={*&*;=+&!=)' caused LexerException: Unterminated string at 1:45

Fuzz '(hX&)>%#+X|=!:*!'*+",|' caused LexerException: Unexpected character '#' at 1:9

Fuzz '|*{/b>X`'+z={/>.[}-|c<6{&PDar(<++-<S);+<<*/='=*&T' caused LexerException: Unexpected character '`' at 1:9

Fuzz ''-9x|D-+))&|}\=Z<]}@Z/.>+&&/&a/>T+&!/[.+]>>+'8n,+[' caused LexerException: Unknown escape sequence '\=' at 1:15

Fuzz '52(**j&#"*[<*<(>/(*"t' caused LexerException: Unexpected character '#' at 1:9

Fuzz '-mM!!([G,%{|is&+-+[;/-&+};*$=//|>z(.'&&{>Fb7))}|$A<f+)&$===;<|&0|+%g.t;*</1(^E-sPD' caused LexerException: Unexpected character '$' at 1:29. Did you mean '$"...'?

Fuzz 'h>+.q./r>+m."/T-(]+<+U|=*R<-/!'' caused LexerException: Unterminated string at 1:32

Fuzz '!,*/V[-.<W<(=&W++te|>.]-*|t'MY>y=_X'-9>0!->&-'r<"<(%(!>h&==*!#>4*>{y;<>*f)>{;(-' caused LexerException: Unterminated string at 1:80

Fuzz '-_#<j!'Nn]*<<6!>>>Q+)>)(=+T>(W/0;&y<"|;+&<"?;|>-*!F]S/**|"->*+&|)!'".=-_""' caused LexerException: Unexpected character '#' at 1:4

Fuzz '"=-+(+K/@Qt9/=(-}|,<[!,Q'd(W,' caused LexerException: Unterminated string at 1:30

Fuzz '$)}S*P./<;){b=<|={>?>=&{>)+)]"' caused LexerException: Unexpected character '$' at 1:2. Did you mean '$"...'?

Fuzz '$-,k7<=;X3]&&N|*=]/.`I{;=[4(*/}.*|*|[-!&s**;f-8b+*c' caused LexerException: Unexpected character '$' at 1:2. Did you mean '$"...'?

Fuzz '+I>*'&=H=>||]/+=*'+V'r{ \=|--l,<<!**-+z>Sp(+}r=!<>="+>=+-{&' caused LexerException: Unknown escape sequence '\=' at 1:26

Fuzz '*/<}&[!z,D.-;{"&=-}X!}{[C>.<\?j8/wl>/*B=)/<)<(+/,' caused LexerException: Unknown escape sequence '\?' at 1:30

Fuzz '>*&+-|=&=a+P*R&*]*+/|K!=v>+,>g=s}>`=[>'|M!.|!">+[-!<'M*"[&<&->/}}/!E&=;=+'|/""<!)>(!>,' caused LexerException: Unexpected character '`' at 1:36

Fuzz 'l>]>r>">Xw^/.>+{&!-1-|+;/}[|+![/' caused LexerException: Unterminated string at 1:33

Fuzz '&sy>4n<!)WN's-*=i&/||*!<K+".R.*!|-&+()P|+]={{/.|=)u-;' caused LexerException: Unterminated string at 1:54

Fuzz '<>;;U+)+}[k(;>$//K&9&+}=>-'/!&(&<</"<!>!-[<}/*|.eu'/w],4'!ke!*<<&+['+.+L-.@;S*].=>;U' caused LexerException: Unexpected character '$' at 1:16. Did you mean '$"...'?

Fuzz '[|{"i-)=-',&*+*X!' caused LexerException: Unterminated string at 1:18

Fuzz '&r!">>)./]!|w!=-{}62)c|iG".*!+K](=.x;*3!)(->|/['/./-+d**/.)=s<&}=+&=-&-/=!>|",>.)!&' caused LexerException: Unterminated string at 1:84

Fuzz '&=+}c;-/-[;>|!(/N<|/-[W*6/#![>L>*==+>,&|r' caused LexerException: Unexpected character '#' at 1:28

Fuzz '</!;;]/}:<>[<.oL&'=><}x+0)(]!*&>*+/&&"`'-"}-/)<' caused LexerException: Unterminated string at 1:48

Fuzz '-=)=><z"@*O|[<!./.-' caused LexerException: Unterminated string at 1:20

Fuzz 'z*>*)>}(+z(s*(+%9M&{=.*>->G>/|i|<w'+/!7/!+I=-->6-|/}<}DKM*>,$;>`,|]/f<|>*]6.' caused LexerException: Unterminated string at 1:77

Fuzz ';&W**[--|>]*-=:{|['+u>{/+/=+/|*<!*-+!!' caused LexerException: Unterminated string at 1:39

Fuzz '.&><-Q<::+;"}(-{;.'*"T&*{'</<P;d-O',|Q!=J,>'' caused LexerException: Unterminated string at 1:45

Fuzz '-n=|&!&Q7(|q >(!"*Q*/7(^("q7|/k=|q=s!w>&)E)|7"(-H!!,};=&'/![*/|>' caused LexerException: Unterminated string at 1:65

Fuzz '$==)K}-H;({.+]-+|,<Mb{' caused LexerException: Unexpected character '$' at 1:2. Did you mean '$"...'?

Fuzz '<,{=O^b>^&|&<+>?>>_+!)'(=.,,v-.%-=;]*=N=@8*]!&`>)&' caused LexerException: Unterminated string at 1:51

Fuzz ''<!/<.{!)&e/}!r/&w3v./<&+*+/;<;|*<-< Q//`t<4,(*)'*}V}">>9;+n&=>|=[-V!$]<!3!*#=}]),&<+*@=--S>-[E>' caused LexerException: Unterminated string at 1:97

Fuzz ')"[!,>/{;]7*"'=-({+/!w7*E+<">{p/*<Z<{/Sz*]("W[**&' caused LexerException: Unterminated string at 1:50

Fuzz ')+!=!*=>,"*!;/*w<|=|/|,|>'v-c+.+/w=+){('=!=!||{{+/..,' caused LexerException: Unterminated string at 1:54

Fuzz ')1+hT)+|**+!#;=;"'-+<!<}6e>='' caused LexerException: Unexpected character '#' at 1:14

Fuzz '=!:|<=/).k(/,/,+{U7x{/@=<|B!' caused LexerException: Unexpected character '@' at 1:24. Did you mean '@"...'?

Fuzz '.'S>=|&<-*><-.|&-k[!!*+]|*("u;b;,,^I[0]>*<g!&&|<//[7+B{+*&[<-*//|o+<<&/}"<&-yC=|D>(}-"}:])-Zz}!!,p/' caused LexerException: Unterminated string at 1:100

Fuzz ')0.[`'H<&wH+/-||+;/*'W]+>:''K*+!("!<ah]<*b<"[}*+q.&' caused LexerException: Unexpected character '`' at 1:6

Fuzz ']]=.'>7|+=C{!|);-K.,/[>/+}*!|".|<-/4/_T(-||["(' caused LexerException: Unterminated string at 1:47

Fuzz '}}[|+}]$?=+*O>&!=!+=9</|n'><' caused LexerException: Unexpected character '$' at 1:9. Did you mean '$"...'?

Fuzz '}!*-=![/[>>|=Ud*,>[(}(+/|*=U,-|+8+,>-![&'M-+'`w=d=);D' caused LexerException: Unexpected character '`' at 1:47

Fuzz ''+&!><+&n])-+Q<>g-]<&")&' caused LexerException: Unterminated string at 1:25

Fuzz '|.<f.*r'"]]>-*|)k<.{|+NG!]/{;-//=!"=*C*!3)&d>&=+;=*&#' caused LexerException: Unterminated string at 1:54

Fuzz '+)]]&H=!);/!-E<"'*<-)z-w|}!"(>-!?#&=/"<u{*|;)h"/|!+)0[&(/*!E,-<' caused LexerException: Unexpected character '#' at 1:35

Fuzz '|-;N&J<|};+R<S/|_.c*'B!,=|}&,+-A/]!)>j*>!|))Ex.[W,[=>|v]"-">*B|&,<<.>}>>}l-+;C-' caused LexerException: Unterminated string at 1:80

Fuzz '}/|/.$+|C,&"</<+;#.-P""|])){OE{./D>=}}.!&(&=!(d<!&=]/*vc-,!')`]!1*=/@&>h}}%}</|/M1' caused LexerException: Unexpected character '$' at 1:7. Did you mean '$"...'?

Fuzz 'Qd-*}P,(&+->-V+&/$>h)]b*9(j](]"Y-]u!")?-W|>*|+(#[)>&o*&,-""--,-/=]|-1!' caused LexerException: Unexpected character '$' at 1:19. Did you mean '$"...'?

Fuzz 'V1--->/=j<=|*;/!]+/=]c1=|*&><*><, +'/-*+)!!>/;|>"-|&{}|+//)<+>2-C|*=<r&/n+=!*->[**P`;":)[>[-`+[=-*' caused LexerException: Unterminated string at 1:99

Fuzz 'u||&G;>!)<H{]!!|!|A(f"=<|-;!{<q_^.!}]!)<+-][*XD&' caused LexerException: Unterminated string at 1:49

Fuzz ']o$'-|>J--m]|.>-=|[p+-=)|]<-/+o<,+(;;'jT*+./|W'A+/]&;;?k=)|/!!!' caused LexerException: Unexpected character '$' at 1:4. Did you mean '$"...'?

Fuzz 'Jy&+;T<,&>=*=|!"=-+({*/]p*&!S|)!;|3!{{'<*'*}' caused LexerException: Unterminated string at 1:45

Fuzz '/|&<=W{>-6P+wS;<&)+*="B_'](J|{{!;5.D+YW( /]%--nz!c<}==+;|+/[;/g!/T5@' caused LexerException: Unterminated string at 1:69

Fuzz 'A"*='.!+>!>'|&,!))ipg[},R!>;".>><!-+,+<(!>.<!*w++/&G@)&Z,' caused LexerException: Unexpected character '@' at 1:54. Did you mean '@"...'?

Fuzz '!"-,<l !H],{_e6]<\J&<({>),</=&+{)).<|]$+&="("")!&]!]' caused LexerException: Unknown escape sequence '\J' at 1:19

Fuzz 'R<Tb*+X'o-&-Q;&}=4' caused LexerException: Unterminated string at 1:19

Fuzz '=!&*|+H+)+,](!</z'"&=' caused LexerException: Unterminated string at 1:22

Fuzz '-{]|-+$\-+:h/[=;<h+>!!**!/)'>({+//>s->&[+>-{{>[X>P(!>=&Dj:>=*-"!][L,*!{&>{-!!=!*+*W->"*//'i-*n' caused LexerException: Unexpected character '$' at 1:8. Did you mean '$"...'?

Fuzz '+.:|}+*;]'{;</+-%|s|j"&<'T(!lk*&5"_+|*<R+/|Z!|{{/!><-.)|+]b+/r|Q)))1*<"/;=|&"(>w>' caused LexerException: Unterminated string at 1:82

Fuzz '-|<{*+6)+&-+-)|]!{"<(+*',%<-{![&](.' caused LexerException: Unterminated string at 1:36

Fuzz '<+y*<;I!!s+w!*;='|"X&=-AW*",,*>J#w&<|)N!]**yi/<)--/' caused LexerException: Unterminated string at 1:52

Fuzz '={)}.<+2-!!M'>-./;6|{+!/|-l}[7/-]/(!-!&*-=/-<<][&d,_[<;"T&,;[>-![!R}->"<>^)>>;'1(@!!<,=;<Z' caused LexerException: Unexpected character '@' at 1:83. Did you mean '@"...'?

Fuzz '-#+),>t+!}**+!;*|+=]U[&||}'(&-]|*/.]'|},x8|()t[<>%&<}X+]).|&./(' caused LexerException: Unexpected character '#' at 1:3

Fuzz '"+&<>;|'+.+|-,-}*;&{+.//--*'>--/l<)-?u*-^K<}+,+=' caused LexerException: Unterminated string at 1:49

Fuzz '<+,}PU)+|<]/>}>vJ&{+]=<S+/"&(L<)>>1-M!_$<);[<||][/sJ,t-&' caused LexerException: Unterminated string at 1:57

Fuzz '});|i>|=>|{>}+|;&}Wg])"!=<*.=&E+{.X*=' caused LexerException: Unterminated string at 1:38

Fuzz ''<&hg}!]]/Y/+/@|E[+*]+*4==)+0=*+/\"w;}!+*&>hi&&]&!{g(8;/+n' caused LexerException: Unterminated string at 1:59

Fuzz ';>]B>=}@<=|;==/'=<,&!{>*g[=- >^T&7r;-)}<=t[+.,W.Y<}+2,]m-&<;|*(=[[l&&C=.|/-^*A='//-!|h!]&| *&|["+}' caused LexerException: Unexpected character '@' at 1:9. Did you mean '@"...'?

Fuzz '=>]=/|/'|&//J&1>,-++H}Z."/!*'*1|!{+/!+x>]',={-|<&[R!*)]=::' caused LexerException: Unterminated string at 1:59

Fuzz '|/4-'/&|{.G,<v|{(&+,%<3.->}'} .G*H=}<]>&&|<#h{f!-[]t,6U*x]pT;{|+N|A()-4/{]!|<[!*)">=>&' caused LexerException: Unexpected character '#' at 1:45

Fuzz 'lW{+|&&U>*'&N' caused LexerException: Unterminated string at 1:14

Fuzz '!*&H"/>|z=l<|//G![]+!OF]%*<{=-U=<&/-"g"-=',/' caused LexerException: Unterminated string at 1:45

Fuzz '&"=v=5P<][&<g)g*>(*>>&+j].>';N1|*,]!<.+-l/. p;(!>}]+|<>=/f/|/I!-;/-8)//<>}]/;={{*(!>JY/<&<2)(8' caused LexerException: Unterminated string at 1:95

Fuzz ']*};=#>q/!+[ )'+;F[)?'-' caused LexerException: Unexpected character '#' at 1:7

Fuzz '&</(!a)/-L;&}/|[)*!<'4_y>('?:R!53-)G{)&E*-.s!=s!,&;}-!@*&}|>+[.<||<' caused LexerException: Unexpected character '@' at 1:56. Did you mean '@"...'?

Fuzz '3}-((Q)=);+;>=-|!>s/+'<!JD-[|' caused LexerException: Unterminated string at 1:30

Fuzz 'DI+.<i&=<&-*<'-|=y<&,!<,*=m|=:/b*D*Kq">;,*//Q9nj[&6=](}/(9=l/>! .>+-`*9-&SV?;/d*o-,*}}G=>ke/|<[{=,' caused LexerException: Unterminated string at 1:99

Fuzz '(>o>&[>|/-|}P{]{+&>;{!),&)/{}+{/&8e*="=-'&}|&b/i{-*'/!(=x|i/<-&!' caused LexerException: Unterminated string at 1:65

Fuzz '"-=//!{W$wv'n<;.+>-,K/<!I&' caused LexerException: Unterminated string at 1:27

Fuzz '"P*<n=*<",+|)'-&*.r-/>!D-/9%=&_s<(;N/++&=l!=}+>}5{&k+*==>K!&+!!/<*'>>+]&|[+k/<!*}&D"n!;}'-&)I}5,^+' caused LexerException: Unterminated string at 1:99

Fuzz '<dO-ToE+}D>.|m<.|;}>p!&+{l++D,+*EVX)|/;-{-|+&z=&<=-[<?->)*[,'''/*c<*<>K-".+L<]|&=p<*-"<&!&' caused LexerException: Unterminated string at 1:91

Fuzz 'V!)[/$\-K2*+-*s,/))=*(O-&!!#&+{+^,!!/>!=h-+=,<.3||+9d)*</J3{<;n++' caused LexerException: Unexpected character '$' at 1:7. Did you mean '$"...'?

Fuzz '}J/;/<'-fv*]/& (&<=&7&+]./,|o&@&=%*={z#&*>+(/=./<&,+;++]">' caused LexerException: Unterminated string at 1:59

Fuzz '.>!z&>*+/;-,|X>]};h|,;/[!)-k;&K>]{)"&-<-<s|],<])_>/|^+<')&<[EH{"*+>=]{[#</;r,/&>&{ +>+L-<Y<(/&&>' caused LexerException: Unexpected character '#' at 1:73

Fuzz '`i!*/">|='++.!*.P>*#-|*<(|[<.|=],!h-a*!}M|}/|%.-!+;===)}'[.t{',][,/(}' caused LexerException: Unexpected character '`' at 1:2

Fuzz '}!/!+B--+/l,)+D|<;<}&&=-v+&{{[a<,P*[|"}{"X="&(=}!/,}' caused LexerException: Unterminated string at 1:53

Fuzz ''+xD!>5-!<&&&/gn)E[-)[)R^bj|d/]<<-D;X+/{h(;.|>}!&&==!{k=]!o|]M",)sY<[$/(' caused LexerException: Unterminated string at 1:73

Fuzz '}!']-h<Ww`m!(3-|' caused LexerException: Unterminated string at 1:17

Fuzz '>+!&>=-Q-<!&A!"U;{lBG=-/.' caused LexerException: Unterminated string at 1:26

Fuzz '</|!/=,+{/,'}|[{[=)*K<(!&A/s)&[c(&=14*}|\"&-==[y!!{*+/' caused LexerException: Unterminated string at 1:55

Fuzz '"(/J4&}&}?{&*>*`/(=*P|-!'-"=-.*&j;!J-<'-' caused LexerException: Unterminated string at 1:41

Fuzz '-+}>4-$>+!!,(}=G!>;A+'*<!-*</!-&]|=x/<+[;|n)v{*<!=(<P&O!=N=&&>/V=-"+-^{[1='}|0W*' caused LexerException: Unexpected character '$' at 1:8. Did you mean '$"...'?

Fuzz '*!<&;**(>!=!<!"[+]n||>&=' caused LexerException: Unterminated string at 1:25

Fuzz '})i/,="N';{<b}-=b!m' caused LexerException: Unterminated string at 1:20

Fuzz '"<}*=>!]J[]|k{;*>."-N{+!&)/-/+;/-;/4T&=/<!!}Q6[G,"'''/,(>!|\=-/!(>[)=k=-p<{;'=(+|/' caused LexerException: Unknown escape sequence '\=' at 1:61

Fuzz '(=a+/M*!,|&(?"-P*;<*!}>*&./E/*]!{|/<F+.}=/)-!A-J}+' caused LexerException: Unterminated string at 1:51

Fuzz '>]/->,O|@+W<./g(r//*&;>I.c>/{"=>'{&<+,"|nv-(]'v-|+M/!/u\![!>Z|q^}Ir|/A/M&)+}C[/!'<=!}'=)[">|D' caused LexerException: Unexpected character '@' at 1:10. Did you mean '@"...'?

Fuzz '&)!=);]|=.|==./`'Q=O)]>#R/>b!y|**!*,!*;*i&' caused LexerException: Unexpected character '`' at 1:17

Fuzz '.(>.-+S"<{&=[l*v(,-5+!To&-|*|'+*>.&Lc(}--<xb*!-O_[{=G+),g&'*.|2-*=!!=*'/*&*=!,=-<' caused LexerException: Unterminated string at 1:82

Fuzz '%*))">C*\![&|0[&.-*<(|")'o*G=+(-|!(;d<In' caused LexerException: Unknown escape sequence '\!' at 1:10

Fuzz '0([}![.-'5"&<<'|.'&5{*-&{<-)!&|Y/><,o*!/&!zT^S.*"+/;,.|].{|&+'Q=!)<**)6Z<]&<|6.<w&/]+B=,>"Z' caused LexerException: Unterminated string at 1:92

Fuzz ']![-{]+>=+<v=/!I=p/qT}W|&[=]:J>.#0-q=<{||4,&*r->>('>[;"[D<-|>/,,u{/!-&o/+|<)V+*rg("-||;r=&@W-' caused LexerException: Unexpected character '#' at 1:34

Fuzz ''+!/.,-*;B.&a-_-=)e(|>&(P>-<m"{./+!={+;22<''/->|H{S[],}|!<--}"*Q</(;]*/<T+F>(c,<</p&&!"*]>`N*!>!' caused LexerException: Unterminated string at 1:97

Fuzz '<!{$;S->!{(&5;|+/_&<J+&]|C=>=|&<(/=&/]=+*{2$&X"+/<;|(&0/[{{$#]h*S+[' caused LexerException: Unexpected character '$' at 1:5. Did you mean '$"...'?

Fuzz '>M&.%|"_,->+'Z;bH+<(/!!",=[`}&|,!+*!=1,=4'z=/(&=<<q"{&;id)-;<<<$' caused LexerException: Unexpected character '`' at 1:29

Fuzz ',]-.>}++!^OV,.*(+'}.{=!o*&1|/;;'-.+*</!n\;-]>/&{};O*}>),"' caused LexerException: Unexpected character '\' at 1:42

Fuzz '|e&/&[>+!<=-/))]|-y.+.>}b|=&*)W=(g)"A4->S(F!/+Y/|}|+!!<+_+*t/>>P-}2,>*/]'>=/B'!a*<g&ng'{' caused LexerException: Unterminated string at 1:89

Fuzz '+>,&4|]A#Q<-<(=*V=!--O('On=,)/v;]*o;)/>C=6&}+-!]0*q+*<>(=1'' caused LexerException: Unexpected character '#' at 1:10

Fuzz '!#(}E.&/!!+=/)&+1<|&|!,,+(!>*->>{")->,*--.[;)i!"*-9=>$=<<*+h&=-*-*/ (}L\)>+*/'A-&>=]/}==*+!+<+&/' caused LexerException: Unexpected character '#' at 1:3

Fuzz '<=$!=-\><+;!]=&!"<){=2/=!8]*=.(&{{}{"Y12!,>=+=(,["x=-+)|"-i})>/{>0-.=!>*&+=(=>.' caused LexerException: Unexpected character '$' at 1:4. Did you mean '$"...'?

Fuzz '."8{!+!&<*=$<-"'.->n=ac!/b4 >/,=Y7]=3]*=*!/>'[+=;;[]#|/=|=' caused LexerException: Unexpected character '#' at 1:54

Fuzz '&+>'-,.n|&PQ&!h(';!#|"),=]-<8' caused LexerException: Unexpected character '#' at 1:21

Fuzz '-G(-=f'+-[/](/' caused LexerException: Unterminated string at 1:15

Fuzz 'e!1CK<*<|&>f5'+/)2};=|s+H|N=x.>|&&>/=-k<z('?>}S=<4!"X=[!*<|(-;]*-G-&|<>,*&/!&>|X+[((' caused LexerException: Unterminated string at 1:85

Fuzz '#++[m<c||>/>+%++|_!-=,,C!=,:!<>+<|/K<|!' caused LexerException: Unexpected character '#' at 1:2

Fuzz 'fq>!/'<d];,',;>*[.!}|&?|q+*;;-&|'+/|=vw>D,{">|;"[+!/;("?&++y/Ha[/>'}=P|}*=+{[|<=((>vL=<"K#(|;`' caused LexerException: Unterminated string at 1:95

Fuzz '&+"'3F,||=|>-/!j+.[*}>&(!)K=)&*' caused LexerException: Unterminated string at 1:32

Fuzz '{d-8>)|)7=&'<]&/+!j*||[]&>>+<*f+("=++./<(*_!-<"';&+K+eH=&![=()[*4S->}-]T(!!">' caused LexerException: Unterminated string at 1:78

Fuzz '->X>8!*".<$/|*]+!}/-?<}:*-<u' caused LexerException: Unterminated string at 1:29

Fuzz '"}+>+/[;+-^#^<}b=@&l]+&_;|m-,R+j*[]&K`v+&*==!&=;*z''/-!L=&(V!,<<[!]&!+\+Y!,(&<'=Iv+=' caused LexerException: Unknown escape sequence '\+' at 1:72

Fuzz ']io&4}|!!+)=-<=(q<)/!"e-/9<*&].1&--|d<*,}\<+*<]|-[|(0.>=P[W;|a>>|>]++]!4&[.*.},|>k+fH'/,=+""=.!!]' caused LexerException: Unknown escape sequence '\<' at 1:43

Fuzz '><Lw&"4>I|*,>;/a[+&z+[->}&*<n(=<=-(*0/s/&!;;t>J-&}V&--.>l>=!-*!&=&[+]&!;{-' caused LexerException: Unterminated string at 1:75

Fuzz ';%=[h|{|&</>Zu=;*{-*<>-&[=>(&<]!*>}!|>]H!kUbH<(|>&<*>4-(!(-/&*/&"=\.G{*/|>' caused LexerException: Unknown escape sequence '\.' at 1:68

Fuzz '!8&F>,{|1,>=&.-L.[+T+&["f6--&5! :/>0-=">"/;;->+{.>%*!<R|=H_{)=*(!|+<</.6[;X^<&)EL|==Y={|[]W+!]/*/{' caused LexerException: Unterminated string at 1:99

Fuzz '**>+/7.">*7o+!!/-=//}+>(*=#}'\`+><"<"&=/*&(,+(|!+],+{|=,Xk/'->))E,+>*>{&<{>&="(\}*)*<-&-"/o' caused LexerException: Unknown escape sequence '\`' at 1:31

Fuzz '[(>]]>"&&f-[D+=*<}==7D+L@z!!-&'' caused LexerException: Unterminated string at 1:32

Fuzz '(*-|*!'v(!/+=)e(/+<|q-=E"+x,I*0*A.|)!+/.[H,(`*]%.).({uI2-"+&|([Z-)Z,]<<!{+<{(>&<!";h&="<(;*"|+' caused LexerException: Unterminated string at 1:95

Fuzz '*F/&@*{4=*[' caused LexerException: Unexpected character '@' at 1:6. Did you mean '@"...'?

Fuzz ' <@-7L/|*;//"[*)>+"*)!--)|*:=M+N+!}*=&z{&>' caused LexerException: Unexpected character '@' at 1:4. Did you mean '@"...'?

Fuzz '*>}+j({&-/++|y>-)\W"(/Q.!X=M.+m+&&Z}=c-!9y<.(<1'-HZ5-!$ [-O/V*<&{_*+.;+nV!)W={9N=!' caused LexerException: Unexpected character '\' at 1:19

Fuzz '=}'|O/*-&"-[||>-P){n9)!.|"**f>|]&{!-+]{'>|{>W}"{-G*}<>5*+];(L+/|{||*F[}!)|,<&></&N!&\_=&''!.!D' caused LexerException: Unknown escape sequence '\_' at 1:86

Fuzz '={"={[->{!>'!`W;|Me\<=-!/j*)>>,'/!.+=#.<)!(u!{<**-^*|+*;\)+]|}!d-)G?-Z;>+p!"FN+;*;}'' caused LexerException: Unknown escape sequence '\<' at 1:21

Fuzz '*&.[pc>==/M[+;+||'>|)*ln\-/+/=&-Z->j+|&&*&/&"|'P]>+!'!|Xbel*>J=v&.$R},Rz#' caused LexerException: Unknown escape sequence '\-' at 1:26

Fuzz 'q}-,>=-<|[U>>[!,(|,|!!{8!,**[F&}<<|/<,/<j/,<z={>'<>.hk|)<t>"<R"&oc<<+N' caused LexerException: Unterminated string at 1:71

Fuzz '=&'=;;d>?P&|;<,=+.[u&/-m7{(Wh;*<$/*-i;&[{_|/+,=&*ce>}-)=!f-|)<+]-|H(;=w>*&!;-]*&}]*' caused LexerException: Unterminated string at 1:84

Fuzz '}-]/LZ|(-n/>H>u!'>>&&' caused LexerException: Unterminated string at 1:22

Fuzz '$/>W+&&)|!&]I!|){<*i!];+-(yw-,/-&,,}]C]a&"[[".,&-|*&!7m<' caused LexerException: Unexpected character '$' at 1:2. Did you mean '$"...'?

Fuzz 'CFL/!'(']&+{0/,+{>-t/<-W<l|(E!i,"{&[<!-"/[*/;>)+T".<!'' caused LexerException: Unterminated string at 1:55

Fuzz 'x|=,']=-&|'*=&b*=_">/&;&!`&"$!-)(-{>[!Gl(g+++{<>.|&:!=z=*\=|.<-#,=+,{-d' caused LexerException: Unexpected character '$' at 1:30. Did you mean '$"...'?

Fuzz 'H(>!\|+|}|<]F/>]++/|{;=&[;!=7*[/>>{,|(+/,.;<<=(-' caused LexerException: Unexpected character '\' at 1:6

Fuzz '=/(*,=.]<<&>+{N&<4}>++"(</wv!.[T@!H-,b*k<--)B3>.!|]!/g!<+<(7-|$;->y+<)."&*</."&D}ct*&!-/>' caused LexerException: Unterminated string at 1:90

Fuzz '<)|L},].+>NG=);?/T]/"+}+!"=|&4&'!C/=YA,='<[F|)>.w'}<y=&;+!/*8.|5<n>' caused LexerException: Unterminated string at 1:68

Fuzz '>"|/,*|/<P)b!<(' caused LexerException: Unterminated string at 1:16

Fuzz 'w*><)<-/@!|<<"+,"!&.w|+6(,{=<5}=7''<7[Xl/R];=+*H|-Cp' caused LexerException: Unexpected character '@' at 1:10. Did you mean '@"...'?

Fuzz 'WO+<'*<<A'[1t}<&'v|-*!&pWJ=_]][={;T=%<",!&*F-;,x+=p' caused LexerException: Unterminated string at 1:52

Fuzz 'H,D!1|1$-+{<BvK<-]|"=-+<=J||++&=|]&<!+&,;>!="<>-+="w-,*=,/;[!<)!=|*;!;*|*&('-=!'(=&(.]-;!>*j(' caused LexerException: Unexpected character '$' at 1:9. Did you mean '$"...'?

Fuzz '-,&]'&#@"*>*S<,!{->&t=&}*<"][(N=u-!K&]*<('=F!";8$)|{<|-<b![=<-*+-[=.|'=<#'<;>]' caused LexerException: Unterminated string at 1:79

Fuzz ' <{{)+><"/(u%-!&+>["z/D=(+]-+&s{[(1>G?D]|)+[E[&h'z!)/=(-"/>!"!N>+<*Q-*Q+:m$&(&' caused LexerException: Unterminated string at 1:79

Fuzz '\|].Q=-.&G--)-+Y>e)6"*<<&h}X-+<-F-|<,>]!>>]+=+/]z;"<V&<,&!;<{;{&!,+"-' caused LexerException: Unexpected character '\' at 1:2

Fuzz '>|"&<!"{<|'{9O'<&|c{>>,7:+A<y*+,"r&,<M/+/->/,)6V+<>(-!=&*=|**B]:;.J}<|&z]b' caused LexerException: Unterminated string at 1:75

Fuzz '8-*l]|++><+o=.|!/h+I,.!>+|,>'7]&&+|/(|])B,/=+|[+{' caused LexerException: Unterminated string at 1:50

Fuzz '[[<}{>-=`>' caused LexerException: Unexpected character '`' at 1:10

Fuzz '<<--":p+!.<'+><'' caused LexerException: Unterminated string at 1:17

Fuzz 'G>!4)|;{-{{*.*+G</-=***=*,&<!*+(=1&|>>*(*|=]<|->)c/<>-6)/>/m+='!,&<]b/iL=<[2]*|!.|CA{)+/;g' caused LexerException: Unterminated string at 1:91

Fuzz '+-7+<,}[2|/E&&,]/=]'U'*!\[))' caused LexerException: Unexpected character '\' at 1:26

Fuzz '}-/X>.(=|`*!<z-{' caused LexerException: Unexpected character '`' at 1:11

Fuzz ']/{*<>/}C<}-;<-!f|&&1<&(=!&<&;<[=,||n+R.{.=<F*-<+='.K$w**|&;?(!!!!"+|*3*}=uAL6S'!!h**xD,[-'g' caused LexerException: Unterminated string at 1:93

Fuzz '*?&<-</)9<*+&|!T+/g-{[['+)-F!=/!',+qy'>-]|=*!>"K+;+/./' caused LexerException: Unterminated string at 1:55

Fuzz '-(/}.<=*->'a-%]-><-={[<<{-*S/*!](=/{>=)*{G&|"+>;!"|.<*=(>=/|].;=<+' caused LexerException: Unterminated string at 1:67

Fuzz '{-=0}>|<--!!++|-!|$Yz<-6<m+-)t]' caused LexerException: Unexpected character '$' at 1:20. Did you mean '$"...'?

Fuzz '!>./<&A][c-=/]l|+.>!,<<|y.C!/&c=)/.=-|- ^T;!<;b];>X|!"=||[' caused LexerException: Unterminated string at 1:59

Fuzz '>".[n"U>8=;+}>=;}^/|),>=-&q;'=*"}]-[&;'&/|@+!+')/=,]=-+{&' caused LexerException: Unexpected character '@' at 1:44. Did you mean '@"...'?

Fuzz '=">-]+i=q>Z{&^[k-"=&wr<-']j/|k];/=R+/C)]*!"**;]q['>/{'+3";!>==->|!>O)+>[(' caused LexerException: Unterminated string at 1:74

Fuzz '&<.{[5,)-!-!;&|U||C]H&+!>*!&>+|{+kTv+*t"\=' caused LexerException: Unknown escape sequence '\=' at 1:42

Fuzz 'i9*=}=<+/)q.!{*<`&|=;&:/@+<!|}*/||*|2X'Z]T+X&{=*},&[;-|*]]'^&D;+/=\>}=3' caused LexerException: Unexpected character '`' at 1:18

Fuzz '(;>;{$[0B-+*' caused LexerException: Unexpected character '$' at 1:7. Did you mean '$"...'?

Fuzz '=V&<+<!>Z!;*=/></A>="-]<}w|[' caused LexerException: Unterminated string at 1:29

Fuzz '={(-,+;_o&*!`}>&!'<)K&0}=R*)/+!(."|<!K*;/"&>-F+<|!=3V=,/+*g.!(.S,')+]`(,@|4'=.[-=jG-(}-|'&!<\=z' caused LexerException: Unexpected character '`' at 1:14

Fuzz '(/!qK!|=\}&>|y]<&"wRL#|]{|<[z")!+v&T|<(H/I|1.>&+{&+&F[v[<9*,=g}R.&`]>4}!!|.' caused LexerException: Unexpected character '\' at 1:10

Fuzz '<;<p4/-+>)B>}"/m' caused LexerException: Unterminated string at 1:17

Fuzz '!;z.=%.'**<={U}|<|{=}>-]&]!k/[jR}D<{&+}>;|,===&+||,}=`+-,-u+/' caused LexerException: Unterminated string at 1:62

Fuzz '.==;&<&(,'{7++.([Z+Uk"{-<!!=,**|[|++//}' caused LexerException: Unterminated string at 1:40

Fuzz '|=!K>+>=>*;(+&(<|'.!\|W!}!++&0<+|/]|.9<|",}=M&--m|K!(=.!&[*;;>+*-*!+++z=<{<}>})>"ER='p/*./*+p&-x' caused LexerException: Unknown escape sequence '\|' at 1:22

Fuzz '(>JV>.i+Hi)]-'G!&At*^' caused LexerException: Unterminated string at 1:22

Fuzz 'O)'--&-`}/>p+-]|qq',&/>[+(Z)z?$'3{&+*&{$I+4'&T+)>a!*-<&+-!*=<' caused LexerException: Unexpected character '$' at 1:32. Did you mean '$"...'?

Fuzz 'Mn"*'}<}=.D++!.&-},*Y(.=' caused LexerException: Unterminated string at 1:25

Fuzz '*,"{!A-]=Q*|vH<]={;>-*!Q!|pv=>{"O/2,f&(='i_tG,&+*+<{>.^&,O>[!,.&' caused LexerException: Unterminated string at 1:65

Fuzz '*)<=+>({+&&) (&E+<'D!"[(/'>*{!@|*=.!=' caused LexerException: Unexpected character '@' at 1:32. Did you mean '@"...'?

Fuzz '/>/+!-&|]j.!%|/"q&,=->-j!|<&!,+;;(s9<pQ!'"]=(<>[(/tK<<}'/XS">/<&!!-=*1' caused LexerException: Unterminated string at 1:71

Fuzz '(%-!|-+>&+=h)Lg"}-,/G|/;*}[)&>,-tx<-.(,!-G(<][E-*=;|<=*&<;!k"0<=/|'>{/}-&' caused LexerException: Unterminated string at 1:74

Fuzz '&(c*/!{+- |(V"=={[)3&>+=o&;,*.|[p-,/<BL!' caused LexerException: Unterminated string at 1:41

Fuzz '*(+,/j*|-({["*=-["X+.*!)!/[o>{-+<!*+,w">+-]/]|.|K*<' caused LexerException: Unterminated string at 1:52

Fuzz '[/=($>,3+x=T&v<(**|)>K<E(<*&/LZE"/*,(<[[-!zx($Z[S"!KTr*<-|!|-<<R=)+"<' caused LexerException: Unexpected character '$' at 1:6. Did you mean '$"...'?

Fuzz ';*/"RR<>O()Y"!Q*){!$!/!Dv+=!D|{=?,"PN,/&|*+&//}X=<-o\{/u/|_D;=sg="P"d.|&+M&],;1|=MJ/'x=-/<<' caused LexerException: Unexpected character '$' at 1:21. Did you mean '$"...'?

Fuzz '=)&&+>-s&.|{"<<?&)={C|-)|[{E|//.<<|p=)>&{\=>g[]=?"}-|<t=' caused LexerException: Unknown escape sequence '\=' at 1:43

Fuzz '|<-=#p|+--+&[=/*.&//u}&*}&!`--*71x[+(]'+*"!$;|e|$&=?y|><{|@+<!j)A' caused LexerException: Unexpected character '#' at 1:6

Fuzz 'p](/N}+-4{I>*&s!.+%!X.-_|-<|<;'&++.&<*!-*{&)*!<\&)/=/|}/[|/>.[}{'F+]7*,'.<' caused LexerException: Unknown escape sequence '\&' at 1:49

Fuzz '&"/o/&&(<,!XL&}<]-X/*!&|<6>+|*"<+/-".,</)}>-(,o]>/q|<' caused LexerException: Unterminated string at 1:54

Fuzz '4[{&;*U{/;P++I;'9=/B}&+->&' caused LexerException: Unterminated string at 1:27

Fuzz '>"(Vn'.p<--/H]oAd-g1m*S>*!<8<.(<&0!!;-=|=*++5-o|!>F4Z*]/|]>=&&W)|&,|-/(=&]*=<'/-+"'J:5' caused LexerException: Unterminated string at 1:87

Fuzz '&V=|&(>)|[$}!&!|,k9F|,&<+&)*-5|)>/i"(/,+p({}'>>N{-"/'&!&&.R-<&*>&*s&))J2*h;&<H.&=<-S|'=/+&' caused LexerException: Unexpected character '$' at 1:12. Did you mean '$"...'?

Fuzz '""!{m>5=+-&/(=1,>|)||!"4-/)|&.||A*!@)||&2,-'*o' caused LexerException: Unterminated string at 1:47

Fuzz '=--6,>=>-}t*qI[r-Z!{g[&*q]P<2d>Z-}'=&>d,>><.*c(-.\,>N&[!{6&(+|]u(&<*(;''Ti!|'-[zD>-!>' caused LexerException: Unknown escape sequence '\,' at 1:51

Fuzz 'IC)-M})&)!=}+<!.]B],+WZw&/><=/!-{&-]v'>"+!>>$'']+--%i-q<3b[/&/>' caused LexerException: Unterminated string at 1:64

Fuzz '<*}(+="|!)a,-= x;D&&<'[,=`{|>!=+/*),/|2//Z&&}-.>{=/==<\<*}c+I>*>>=' caused LexerException: Unknown escape sequence '\<' at 1:56

Fuzz '!@-<}b![>>&!!/=)z&|<+&g*!="<>+&-!'-[>|&J!"|,2T$*+' caused LexerException: Unexpected character '@' at 1:3. Did you mean '@"...'?

Fuzz 'G>[$*=)&*"y]`*/'-*Y!i' caused LexerException: Unexpected character '$' at 1:5. Did you mean '$"...'?

Fuzz '< )=m-'-gG+;=z.' caused LexerException: Unterminated string at 1:16

Fuzz '}<+=qv&<&&=/+}bY=.sC."},=t+}(9>=-*AUz!;-"+<-.[&>"--{|@/=k*`-m&4!&|7/-[*;!(;1=O>' caused LexerException: Unterminated string at 1:80

Fuzz 'X'',.'P-=[*B{{>:0||>]' caused LexerException: Unterminated string at 1:22

Fuzz '`|p *&}=S>/=&-<+{%**x</n!)=)*++"[!N*&==E' caused LexerException: Unexpected character '`' at 1:2

Fuzz '<',"']/M"%|!{[:=|"!]n|,}*3>"||/,-&-|!!]`*/R-}/>-/&!':]/^>(2=&*!W-/'pV-"&"' caused LexerException: Unterminated string at 1:74

Fuzz '1"<{-.fCi.;!&4g!(|>,7<*'A/!4<)|>*;>&*}v"|==+[]mR.3+|'>*;=;-G|(=;q/&<-!/}"]' caused LexerException: Unterminated string at 1:75

Fuzz '&|'+[=.!])+;|g***!R&n&(+!&5f+A+';]-J/Tr-$3=];,}(.+>-'"/)[=<**f}>Ps/<[' caused LexerException: Unexpected character '$' at 1:42. Did you mean '$"...'?

Fuzz '<--G+=;++!A+.e*[=||=/><*j--!!|**]>()("Y/7*&>+&<>-!]!"|=>)*W)*?&*""++&"&}=-<=' caused LexerException: Unterminated string at 1:77

Fuzz '==-!*)}$P6"&L|+!0b/&Y!?[|-F9|Cj<}' caused LexerException: Unexpected character '$' at 1:9. Did you mean '$"...'?

Fuzz '}!(=)=[,F>>|</""[2<).|M=*\""|<{)')=&**'!;->s"*<dR+I}<=/,[=' caused LexerException: Unexpected character '\' at 1:27

Fuzz '=^+=,+p&;[!A|.-<]P\)()+,-+=<C"3+8/<>=/-=.+4<+"/]!//;"(L#)>U+*]w&B><>;=-=.)}<R/>}}!W-s>|*{-@' caused LexerException: Unexpected character '\' at 1:20

Fuzz '"*{/(')||#)]&3e=<*.&\.!' caused LexerException: Unknown escape sequence '\.' at 1:22

Fuzz 's+T]>'L&=;s>+++<&%}7=-/' caused LexerException: Unterminated string at 1:24

Fuzz '<<(('*+|]/>;|+>!<={'*,-{]7z|&5-'[;'*/B{=|&[<A/|]*"".'"=+-)!/{|]={&--!((-|d()' caused LexerException: Unterminated string at 1:77

Fuzz '!f=++-5z]]u>{'V(==&"+'5}4,(!!&=<'{z&[">]}]+!}Ds8z(&<<->=" )=],F|"-/;==z'K-,/{+o;>-]}(="g=(*)*o&!' caused LexerException: Unterminated string at 1:97

Fuzz '(!,<| G{0><!+&-}&=o?*;.*B,/k|.+|<-<->=zT!'</\>,=>]=b.' caused LexerException: Unknown escape sequence '\>' at 1:46

Fuzz ',)-f6.{d|2,|*@/' caused LexerException: Unexpected character '@' at 1:15. Did you mean '@"...'?

Fuzz 'V/*&u{{]=*{;>=i!^<=+)<a!7>={(>-&;|)`P]>&d|]>/*T*/,=-+|6"' caused LexerException: Unterminated string at 1:57

Fuzz '} 1)]|><|&sP/;&{,&{&<!(=,"(pB&+r!"+};;gZ(/>>/++.=<|$<("2-!2!+O&=\+[-v&f|j*{-')+((c%}' caused LexerException: Unexpected character '$' at 1:53. Did you mean '$"...'?

Fuzz ',\'&=f|<-!.!}-<[={}{f*.]/<=14=|+=|zu!*]|<'&q3]&->DY.-|=[o!<e/>@]1[=*a!<&=[,-}q*/'x*' caused LexerException: Unexpected character '\' at 1:3

Fuzz '!-|&>/&)}=!",!(-'<>-<K|*@]|.1(=|([=k/>+-<|]5G/-L[><])}|<,'"=)-}L!"|K--]+^|/>' caused LexerException: Unterminated string at 1:77

Fuzz '&{{+!X+</."|/&-)*a>|=,-4><->l(,(!+<|p!O!&-)(6| &++S!|!!/*|!&&&)+' caused LexerException: Unterminated string at 1:65

Fuzz '^/-*`?!||)Tk+>b|";u<=-I>zE' caused LexerException: Unexpected character '`' at 1:6

Fuzz '!+i+&}>!*[{(>Z)*>?'' caused LexerException: Unterminated string at 1:20

Fuzz '?>])"-{!+,#!]<=>*/;"}|*]-}<S9"!m*z=!..+>Q+-,_*/$}./;&/}a,!]>>r('+)/y|' caused LexerException: Unterminated string at 1:70

Fuzz '&BV&(>-4*&eE;-!K]|*;[Z=*}}/{;;[><H]*'2>|++{]=!(,||!+<^+;)[!/>;e){*i>>!E9@' caused LexerException: Unterminated string at 1:74

Fuzz '==<Oz>@|-=!&:Q'}' caused LexerException: Unexpected character '@' at 1:8. Did you mean '@"...'?

Fuzz '/"!;*|-N&*|(-*R</f.'++":|>&*=<!(,=x{=*=]!+=>}&-]&'|}>>*>-[+y(/}A-|!,=+);(}<*=#J*m' caused LexerException: Unterminated string at 1:82

Fuzz 'bWC(+=?-=*,<4#p}Y/]||;&><' caused LexerException: Unexpected character '#' at 1:15

Fuzz 'q&|$&/(!{!*/>}&.>&-/>|*&&B*(/-=|U'&+--]+-<)qF!>C+.&";),+}<{;.[|<*[>==]r*=/](|]'(*)&o>' caused LexerException: Unexpected character '$' at 1:5. Did you mean '$"...'?

Fuzz '[$,O";*)/>+yN|!}(o*+C;=.$,.@*n&&-&+-*X(5}!{/,' caused LexerException: Unexpected character '$' at 1:3. Did you mean '$"...'?

Fuzz '>-Z-{8T]/b}>,/&-!|(|,{n)/}=]>;/,(+}-{!}&*{|<'^*)^==<6+}-;*+{,=/G!;!4>,[B*[.' caused LexerException: Unterminated string at 1:76

Fuzz 'f&+.,}-"%/L>!&[!|!m>yJa]||-={\/[*=![+/8|!Eh+' caused LexerException: Unknown escape sequence '\/' at 1:31

Fuzz '!|+,*[*&C/+q)-+`BQ.+&)/}/]B<{!+'-<-b-.&=-{{+*N*5=[]f' caused LexerException: Unexpected character '`' at 1:17

Fuzz '&</>*/{!}*&S&<*&{,>mJ>/},&'+I+*"<lu.*' caused LexerException: Unterminated string at 1:38

Fuzz ',|&/(!-*&!q'+2>,&-h>"@*-<||;)J&*++&)+h<m-"-|,>Y&=/!=\(+-<|' caused LexerException: Unknown escape sequence '\(' at 1:54

Fuzz '!.rG|*[,[[."(|.+,(-%>>{&+&|'{c>{z}-<<>&!&z&=gc+""/M,|' caused LexerException: Unterminated string at 1:54

Fuzz '$M=|!/&S/&^/><!c+")/<Q+=),|uZ}&s<&&!>&!' caused LexerException: Unexpected character '$' at 1:2. Did you mean '$"...'?

Fuzz 'V&!;<IT)+C;*)[.-\>!+++*' caused LexerException: Unexpected character '\' at 1:18

Fuzz '<}<"=+=W=,X|U|/&=-'(>"+]-][|m)*g/<)|<+{;=.&'(!&/.&'*&<<"' caused LexerException: Unterminated string at 1:57

Fuzz '<{/+)%o(Z|I*+|,|">_!*&O!(&M}5C}Z&+' caused LexerException: Unterminated string at 1:35

Fuzz '/"*|*+=*)e,' caused LexerException: Unterminated string at 1:12

Fuzz '-!k+<(+<,|}]-3}+*w*-}*+*"&C;-&,",[<{/|[|=|*/-/}{&*(!=*<$<J[-Z+/' caused LexerException: Unexpected character '$' at 1:57. Did you mean '$"...'?

Fuzz '@a;+&//!f|>*>B|/};>9gl_;&,q/C"Su|+=|< !|-;-[(c)>>[|;@**=|+r,+-]?*/?/">"-{[' caused LexerException: Unexpected character '@' at 1:2. Did you mean '@"...'?

Fuzz '-!&,+|0k=-+|&|"*<;N/-+!!|'/+' caused LexerException: Unterminated string at 1:29

Fuzz '\-['!&|"`+{'].p%C}|"]&='!C|-|E|E&[+*(G<+&mE)(>z!\<!|+]|=2' caused LexerException: Unexpected character '\' at 1:2

Fuzz ' |['Z;/-+<b]<]&=<9=<Z>=.+Io>!q<.|%&&=./=/],//A>|{|I})^/],<}Y=M('{)+[>|k.&>0(.R!>u,"d*}{>>' caused LexerException: Unterminated string at 1:90

Fuzz '<,+-|<>>h*/,)=AZ3.;!)}"/>|f[|T<T,*<H"[>|-'&;(*i-[ (.;{I=F+?|<!/!Y<<;8=$+a|>,[*&'}*"`==>&&;$/>=[U+' caused LexerException: Unterminated string at 1:98

Fuzz '];R*{])'<=*D*/;;3d!N=|-)q)<;*=L!/4>*=;9!+,<-*/>pM/-K=g!X"</+-[<-=Ze'+W{X/@;-><v&/|' E*+<!(+]]' caused LexerException: Unexpected character '@' at 1:75. Did you mean '@"...'?

Fuzz '=]Je}=-$;-}&<}|>A&|<{*g;>]|<=<+&|*|,d,m-/>' caused LexerException: Unexpected character '$' at 1:9. Did you mean '$"...'?

Fuzz 'h',=+(,+'|{|C/|->{)By;;=#!/*' caused LexerException: Unexpected character '#' at 1:26

Fuzz '=[I(*=/>/C>)Y}{B,("9--+&*>]|-/Q-<+eK/*/Z&^+"5}''{<"!' caused LexerException: Unterminated string at 1:53

Fuzz '+-**>"|H,-!=&4=i<-{</((';G&)>.*|D,+--<!|('[;+)W>t.>"}.y"}@C)<-&|&i=' caused LexerException: Unterminated string at 1:68

Fuzz '&+<(-{(;-|*Y;-(,{+\' caused LexerException: Unexpected character '\' at 1:20

Fuzz '|()-;]V>!i)<%=<|>U}++>3|.^{y<*><":<!-<&+6>[=O{/!{=:.},!UP/-.\]]}{`//y[>H/;=*|{=[/|(<&+[I=>')>][+' caused LexerException: Unknown escape sequence '\]' at 1:62

Fuzz 'h>q!&}'&&*<;_h3==({"=>=&.**=!"?(|E/l|=(&&\5]]-!*-Z!*!<-]|-="'{&">=q[&}'V(|&<--y/>>,/|!3|' caused LexerException: Unknown escape sequence '\5' at 1:43

Fuzz '('.|&Q='P={<P<,tx,=<(<g+<L"|<=-?!*/=+kC&]"|+&(7/-+&l$k]!;&[(<<' caused LexerException: Unexpected character '$' at 1:54. Did you mean '$"...'?

Fuzz ',/Q=R!{=U(Ux[(&<!;L'/+/*+T*!;m/-&$'Z)5;<!(!|*G+"P}&<;3'{t/}`|Z&'=)S/->l>[")|;;=]>!+&'&' caused LexerException: Unterminated string at 1:87

Fuzz '*'m/R[.!*./,++!==+/,R-!&]<-/->(.&}P<=">[' caused LexerException: Unterminated string at 1:41

Fuzz ''=0+>y/---/>+=4'|H!{<&6/<!*8-|+)<)+m"&/*&]7->!;'=[.\=}"]' caused LexerException: Unknown escape sequence '\=' at 1:53

Fuzz '<t&F*]%R{&=<|+;/y,<&<{=&(o&*{!+-"W2-<>.;O><={(+>=' caused LexerException: Unterminated string at 1:50

Fuzz '/b<8f;-=>|i+nM|)*.Ix>+-/cj'*&rJ+)**]"||]<+YW>`]-<&|=' caused LexerException: Unterminated string at 1:53

Fuzz '<!p-#-|>+/,-+1)"n1+i+H<,-&&("/-{]**!"&&</*/)!.+-' caused LexerException: Unexpected character '#' at 1:6

Fuzz 'h'9("h|+&{--.+iT(///CY-;=K<&.-&>FeA=d,!--:'.i_"s|o)</*`,/|x=&y*||-+/"}!<=!*!U-E5|M=.\[-'g)+|==[}>;!' caused LexerException: Unexpected character '\' at 1:86

Fuzz '&[,!!='&<+P}z(!+;>a4+c({L[/+[!' caused LexerException: Unterminated string at 1:31

Fuzz '[!D)|>8=l!/[/*z`l*/==@'+|&h!?([h=><').j=]}{*=Q(="*A-<!,{o.=,&.=*/=S,<"(`('D}(]?<E]=&a/[*2' caused LexerException: Unexpected character '@' at 1:23. Did you mean '@"...'?

Fuzz '(6V"[>|[G;/";">]/"<*<<>]*",;,&{!!{+)' caused LexerException: Unterminated string at 1:37

Fuzz '9=q/!'*<=!p./!d[)vr;+-!'-+|>[vE[+.m\/|$9C,+>|/};!]|&6-]>[!!|' caused LexerException: Unexpected character '\' at 1:37

Fuzz ']=,&=[!-|*<T>HD>}(;*$_, {*'+G&w**=[!+|-C!}o=+>.!<"x*=;/k{&-f*>=V->I]' caused LexerException: Unexpected character '$' at 1:22. Did you mean '$"...'?

Fuzz '"=Z+/3+>++&>={>/*-+,<!;@*>>+<[&///]' caused LexerException: Unterminated string at 1:36

Fuzz '\<,P|[)/|<};)|A-} <"+cs<}!G;*==K;$*)V&.-&q&(+';-}(</>' caused LexerException: Unexpected character '\' at 1:2

Fuzz 'laZ&>B]>!.*|-l?<O= <'<oh!K+s(<)' caused LexerException: Unterminated string at 1:32

Fuzz ''>>*<;{{}!/}>|/==;,_+=3*>N"&'||-+==,'<</P]%*|&**+h]7q' caused LexerException: Unterminated string at 1:54

Fuzz '=(/>-K<{1](+&I!O.<=]t+\>/</*f>&=Y.[' caused LexerException: Unexpected character '\' at 1:24

Fuzz '-*=-+-#}-/|,>>ss+`/P!^!(;!I!"2-TK*}!/</3|/.]>/&(b((/=&>/)<+|,g+*"*>(|,).=>'y+{'|/**)&</|;)}&' caused LexerException: Unexpected character '#' at 1:8

Fuzz '8U<[-k<'!M' caused LexerException: Unterminated string at 1:11

Fuzz '{<L"|W!.*&;)[=><*!U&+b=Ob*>=-+'<']'|Q}Z<-{' caused LexerException: Unterminated string at 1:43

Fuzz '[=-|-['[|g**>+>r&>,r/o>+;=:/'*j<}='}!{' caused LexerException: Unterminated string at 1:39

Fuzz '[)O/!(=D]!>a,/B]{-&|+/><=/A-ks)/<&h/.[/'/U<-k</"G[=>qJ,,!(!+)[xv6/-&=[*T&&' caused LexerException: Unterminated string at 1:75

Fuzz '-|\`!//-+>"]-i*U1W=>^}CE;/+<U-!<<{}=!|{JC"-=r/+}z&=' caused LexerException: Unexpected character '\' at 1:4

Fuzz '"<Iv}"&<|"[*(>;=<-;!/<(>&A>!;)),(**+,q{=&"'A&>-e+u*"}->=];]<"+' caused LexerException: Unterminated string at 1:63

Fuzz '||!/&-}--<;>.J+*(>)8>"/;)=&*{C={<3,[-j|L(' caused LexerException: Unterminated string at 1:42

Fuzz '<<()><;>!<<=]}/!,]{}G"(-|^<}]-=(>6*!{G=!"!=!!-&!&">}'&n=O<(&j+&*/+:-++I8'=|&:/+6}!'' caused LexerException: Unterminated string at 1:84

Fuzz '{*!!<@.=="\|o>/('u}|)"\|&/-!"/(-[(>!+-' caused LexerException: Unexpected character '@' at 1:7. Did you mean '@"...'?

Fuzz '<m;]|=N<.`khU;/!+C^g)-"".|<' caused LexerException: Unexpected character '`' at 1:11

Fuzz '/>.*- =[},>>&[sp!..Ed'&.(*=}<<"|f&A*Ib'-sc=.R )"K'&!*&=])'R'-+/<,/+[}' caused LexerException: Unterminated string at 1:70

Fuzz '>-|.|/m+@+|"'<".3]uu}&/' caused LexerException: Unexpected character '@' at 1:10. Did you mean '@"...'?

Fuzz '-|+w*+8};!|=>/=,`},!.=|}*|'>_=' caused LexerException: Unexpected character '`' at 1:18

Fuzz '<;x"+)&=(#*(>!.*/B]*&+]h]{=>+>+.,@,,{>-B{</D>{/=&+.-E!/jG"=>0!$"(-C|' caused LexerException: Unterminated interpolated string at 1:69

Fuzz '-"*)#+.*+|/[}>b+)| p(>=S]$=c<h./iy+>,Z{<|)*<>'}-==#.M' caused LexerException: Unterminated string at 1:54

Fuzz '>,a%*.|4]-"/-/(<{=|-*[<|=g><|>*+)0}U+<=)++,/=Z&*>I!-,*8-."G-*+->|]/+}.=)k"&>,tN*}&' caused LexerException: Unterminated string at 1:83

Fuzz ')(Wq{*"J)Njl%(3<[)H=.|-*{-t+*x!)=-/"{-W(E*<&.>+q>|",u+J`<)<*HE%Z-^!,!)-G},>*0G&;;)k&&' caused LexerException: Unterminated string at 1:86

Fuzz '&'_I-;,+.=}<]!/,(|++6/\>||ngp(&d!*;C/' caused LexerException: Unknown escape sequence '\>' at 1:24

Fuzz '-p*!&O+m;){-3=.NNAa{""(,*+R<=<)+!%=`=K=)/&*T8{/*</|-(*/&mf=/-<&<|]/{|,7}['(},=+*<!]<=' caused LexerException: Unexpected character '`' at 1:37

Fuzz '[>&t.$[+[><Ov-(o=v' caused LexerException: Unexpected character '$' at 1:7. Did you mean '$"...'?

Fuzz ']<0};()N|h"&>((<>.>!!]|L'<-pZ|M]--,=<+!!>>|&<.<>*F><'*=&{](.+",t/yc"[;<[>>*)-=-k/&!|!&>R<)' caused LexerException: Unterminated string at 1:91

Fuzz '{'<g*+!,>d@-.W&{;|<&]B"/{Z|;(&;&}7]}|/}<&</.2]&-|x][*-{&"+Fd!"y(/<?r=|' caused LexerException: Unterminated string at 1:71

Fuzz '+&xs!]2Z<|f=(&L.b=t+',&2,}*u7!"&%--/+{8&,/']f,<><=*+)-Y[<']h>e,S)(-j(>*.<\&&0==>+><*=n|&)*.*/<!' caused LexerException: Unknown escape sequence '\&' at 1:75

Fuzz '>'.--=&&g}=}>/;!<+E+{>(}.]TI"<+}'"*(!&=|!'>[J>*+*<,-*;jE;<-/' caused LexerException: Unterminated string at 1:61

Fuzz 'P])!*L*<1vA+.)+"<=&/Gt|=M><}9*;+";<"-' caused LexerException: Unterminated string at 1:38

Fuzz '>V(|,}][g{*]}A|D"&+.*';' caused LexerException: Unterminated string at 1:24

Fuzz 'cLx*;*<W"!<K;!+L&<,';|!n-<;|<,-d6/!|]><[&/q*![]<'' caused LexerException: Unterminated string at 1:50

Fuzz '!&|/"9&*<*!l]!|>=[>P<|+q|&Y</@])'];</a(!+)-(=|@|,)R|}[qo>\;n-:=)]+"!|>*>-!{/y'>"&(-|&=' caused LexerException: Unknown escape sequence '\;' at 1:59

Fuzz 'F{t<>'|c+<=>s]a|) /t<,l.[>)-v'<-Gl|'`;//.' caused LexerException: Unterminated string at 1:42

Fuzz '+>*{,[<;$!K|,!)++.)--O&&>{ZA-!d+!i<Y"[!.iD]&|,d' caused LexerException: Unexpected character '$' at 1:10. Did you mean '$"...'?

Fuzz '+*|/"!/||+/!*'>)|*/*,b&{&&.=C->|+Y{|w5*Q-k<++|*!uf-+M.'>/RH{|)[/[<{[-I<e>,]MR]**>->!!<*(>*]&/{' caused LexerException: Unterminated string at 1:95

Fuzz '"<!'@!;=}.!/=*}/}==(,!.&&="-++]!/"</+-'/};(4*-**/!-*' caused LexerException: Unterminated string at 1:53

Fuzz '/[[O<-s/AE+|*&>;>(/!;&"<!&}!y/[<(*[[+|+&++/=||[">&;";*+]' caused LexerException: Unterminated string at 1:57

Fuzz '<|"^,{"c+-!<|0'++G-/;*'-7>--{'-Y+4*9>=}<"<;![>&+&' caused LexerException: Unterminated string at 1:50

Fuzz '&|=|=/|)=/;);+)&=!Q="'`,//'|>;,=)</|]+-Ka<&=..+=;' caused LexerException: Unterminated string at 1:50

Fuzz '&!=--+!*&*7|=;=(m`-U/Q|&.v;u!' caused LexerException: Unexpected character '`' at 1:19

Fuzz 'v)!%l-w}/^=/-*y!4}e-+<*+")*,LaQ/;]B=>s6;(,!+{}l' caused LexerException: Unterminated string at 1:48

Fuzz '.'&+])W=+;C),|=(;bw==<!|&,*(*6/c{/(=e>>&-t!;-/;5{--.[>|+<.j{{>&/{'!,(>*=&,;|!o/r;.>v/A**"'0*--' caused LexerException: Unterminated string at 1:95

Fuzz '"=h*"*;.S<!f+}&<Z|,6>=}<+|**,';>&'}]6)"+' caused LexerException: Unterminated string at 1:41

Fuzz '!;/',S<3)R/>}="",("/q\/&*G+>9|*.<!)9[' caused LexerException: Unknown escape sequence '\/' at 1:23

Fuzz ']W[2-[;{".3*/,' caused LexerException: Unterminated string at 1:15

Fuzz '-[==&,*,\+-]=vV"/]3#+>*7&!(o|r<}*Z<l_'ws!'!O/[;!3<*t|//>K!-!2>]5;p(-=*9{*|+H}i!-"\!mWII>>*[<);' caused LexerException: Unexpected character '\' at 1:10

Fuzz 'u"+!?<OIm,<Gi<!|>{' caused LexerException: Unterminated string at 1:19

Fuzz '!"\(-O(|!><[*.+v!|]),)&v'' caused LexerException: Unknown escape sequence '\(' at 1:4

Fuzz '>!+rj{bc=&$'' caused LexerException: Unexpected character '$' at 1:12. Did you mean '$"...'?

Fuzz '>C>L;}=-+(7/[&!kRS>&}|<{)P+W=+=<k-.!L,|;}O._==|&|"PVc].t[!s}-JXm(x|_' caused LexerException: Unterminated string at 1:69

Fuzz '-"<]&&'x&[)<</.&*j--,I*/}}+Y(.&{/|=+/E=--]<jP' caused LexerException: Unterminated string at 1:46

Fuzz 't};<&-)*w*p>*|<>)">+!:{</*U&),!+<+=*>!+CV-&=<' caused LexerException: Unterminated string at 1:46

Fuzz '*"+4=<YGe|;*(/'/*FX))S>|"D*>>=`')'>&a(9*)<>p|&-+<1[|'.|' caused LexerException: Unexpected character '`' at 1:32

Fuzz '|><&F(+"+/>&<)D-M&>=!V||*)&[/*,R!"/=*[=9>{+#<-{]{h*|-r-|>='H*;*$i-&6>d/!/k>/,' caused LexerException: Unexpected character '#' at 1:45

Fuzz ''|/>-{&/{!|u>[>q,' caused LexerException: Unterminated string at 1:18

Fuzz ':/&ak-||+]).||].9=&*.=R/>7*&<;'|;|E".^' caused LexerException: Unterminated string at 1:39

Fuzz '{"<{=.+;'*<+*'[==+M']|={(b<|_&>//{/*-+\)!&p;e!+!>b}2.>;&-=&-E/NEi!--]*!>&+(<*j[+'-'>f&//+|>(*&)+' caused LexerException: Unknown escape sequence '\)' at 1:40

Fuzz '=>}(F.**=<.&|,;#a-]-+,!' caused LexerException: Unexpected character '#' at 1:17

Fuzz ' *0({<c/)!"`++,|]-Z-&E-|(/)=>D\<!'-,7<|h-n.' caused LexerException: Unknown escape sequence '\<' at 1:32

Fuzz '5)[=-<X>]|<]d*&+<;'=+)[l=T));>-.Od{{$/)=!=.*>!-[+*]==|>*=-Ym{_/&*+' caused LexerException: Unterminated string at 1:67

Fuzz '--/{)|(<*-K&>>'#.(V=-<-|!}[&-/r"$-]-}>+6+!<J!;>xK=[>;!+K/F<>>[-1&]'!{)"].!,},&k|H&[]]' caused LexerException: Unterminated string at 1:86

Fuzz 'Ay*=F!qC.+[i<}{<(b,-+<r-[=!>;&Y|+<<{"M;}/X{l|_"S)=)-'>)*-+G=(G"<a/!'j"//Z<{-.[!+]' caused LexerException: Unterminated string at 1:82

Fuzz ',!^*''!!<Nz!<|'=M=}+-+|>Q-XU)R'"|<("**f]'+}||<S+)*[q!*&]!*-!$-]T*>&=' caused LexerException: Unterminated string at 1:69

Fuzz '{>++&/[V<'*&(/.,"&+-! --[j"|&;,+[=qc|-{S[>*|=)'.b)')&">!<*K`=CC=+?d&)-+|[.' caused LexerException: Unterminated string at 1:75

Fuzz ' {'+(!>}/-/}!>!-,!,|;*/+n>&u4?/&N=]<*]*-!]|/[||&p;.=[uh[-}f/!*-]/,Is/' caused LexerException: Unterminated string at 1:70

Fuzz '|"<'_-Z75=)[Zq'<!{{[,<=&*--&?,=(/=!!<}"/A&6/=]=!`<}+<d/D{(s?&' caused LexerException: Unexpected character '`' at 1:50

Fuzz ')!=.x<+/!56']=}!.|C--+>/=.Q>/)&A+!=<b]@/==!==P|)[-#!{||,''j<&[J[(:(!},'."<i'{>+<-=/.>' caused LexerException: Unterminated string at 1:86

Fuzz '$}I)/-'-//]'['/;,=o{!$G]M=,-d?=]Y/>+,s/-{O#{w|/#>><-<&&-{>Z-!;]'==/`!0]4)<L!=.))$/>&!<!|"]("Y?|!!' caused LexerException: Unexpected character '$' at 1:2. Did you mean '$"...'?

Fuzz '-!+!+'&+z!+?>O#)h}@|' caused LexerException: Unterminated string at 1:21

Fuzz '={,g2|!(!--(<j-'--!T,2!,//!/' caused LexerException: Unterminated string at 1:29

Fuzz '*>&};>2*_*=o[>=!/-,(|L(.\|++."|(&q{!y/|IP+]!<>{.*'<+> T.=&/"!(*5{-K!h,-&S--*/)&&<!]Q-/+/+*>+-;}' caused LexerException: Unexpected character '\' at 1:26

Fuzz '*>|.<=I>.'",!>.<;/?[,&v,'"&aq5+;{<=*h>[[X==!&!"#![(n&-}/{y*[=-' caused LexerException: Unexpected character '#' at 1:49

Fuzz '|>&-;]!+!]'#;pZ.!}(|/M-I(r' caused LexerException: Unterminated string at 1:27

Fuzz ')>}.+]-|&=9z[/[/(=/>.&\h|!6'<+|>z}=&#<]=#_/.."!\R=,6-->]2/"ko&>[' caused LexerException: Unexpected character '\' at 1:24

Fuzz '!&_|8|-S<,;>)R|b>;!=<=!3&{++l"++!&pe>.?='' caused LexerException: Unterminated string at 1:42

Fuzz '\=<&G0/{&P&+!)+/)&}.n>/(&}]*KX+Q/=/6<),!([<|{'<' caused LexerException: Unexpected character '\' at 1:2

Fuzz '&(><$<**I!-[<&}l"{h=<&7&*_*Z/+{V&"|f+/!;|-)<-4/);B&(-/]/''>' caused LexerException: Unexpected character '$' at 1:6. Did you mean '$"...'?

Fuzz '+&w&&.#e//-|}*<-&A!+T<-|*/(/!-/}]]@]/[/&](l--/#-)[|m<h;{&&!|O^-@[-]|G-)|2&/}c&!*.8[/u*(Oh' caused LexerException: Unexpected character '#' at 1:8

Fuzz '&rdOl;(&&|*'g=e+>}|..*"-!X+/<!+];g3;"|!' caused LexerException: Unterminated string at 1:40

Fuzz '#,>+8(*&|+'7P)<')S'!)(<<.*&/!P!{M",'|Y(L=eC9[=*+{:w+&|[/[}/}<h|!1-+' caused LexerException: Unexpected character '#' at 1:2

Fuzz ']]}<=-=H-'*=-*N&D'}{]!V!D!>,"H=T+-,**}!(}!,l6{}aGa|)j)' caused LexerException: Unterminated string at 1:55

Fuzz '/=!}*/!&T;}"'<%<*/>4=|]{<[[;&&*<}-}>+;:|}[<-*=<}r!.+!lC_=|/-[|/(!=<|5Z++='&F+(&('.<:' caused LexerException: Unterminated string at 1:85

Fuzz '|<)=|"3!P++w|@R5]/}/"=|"+|,_>s9</-i[|*"|+*>|/_|*{P+-+PO+C;|=*K]=(-|[-(0|-,|/<=!(]"v' caused LexerException: Unterminated string at 1:84

Fuzz '.]t"S&>|>-=>P*ozO)+!['{+!!;{</-|3-->)x<<"/=("o=<|e,'m&m;,-&!*<|r>-=H' caused LexerException: Unterminated string at 1:69

Fuzz ';-]'*[*{{-/*=&]"7+B=&(;[&[=[/&L&$+|+dY3]|!=|+*=++[d-c;)!JO)Z1,|[8!|/*|}!/-=+]' caused LexerException: Unterminated string at 1:78

Fuzz ',/&<t!/p,e!&=w!`n{*="-)}(!&|p'.|!j'&&#}//*R/' caused LexerException: Unexpected character '`' at 1:17

Fuzz 'W>.?.*h\=ng</*.&U">[;(/_j' caused LexerException: Unexpected character '\' at 1:9

Fuzz '/p]8Fu}>)/I-y(|P/!/![/!*)>k{/+T"D<[<*&**w;|kGX)[(<>[(+;|{' caused LexerException: Unterminated string at 1:58

Fuzz '{L+Q!-+|/SD">==J*+,Ncl|*W+&!>' caused LexerException: Unterminated string at 1:30

Fuzz '#!((>+,<!..!<|=++&-&]u}"-f.*+}"<OC;}=' caused LexerException: Unexpected character '#' at 1:2

Fuzz '[`:<,!;/+h=k)<}>8-+;S',+-.!I{k*}/(^d>51;[}]*!<>>7' caused LexerException: Unexpected character '`' at 1:3

Fuzz '>/=&[H*<!"*/><@(<.=(}&]"(-!)-(J<=+h&&)<,;|){.c'+[)]s&<!a>{&0"*;-%1-' caused LexerException: Unterminated string at 1:68

Fuzz 'SwCq))-+->!+"|*>Av)4(*=/,\>'L<<[;-|!&*>+>K;7-d&<>|(U,(5&"]>||Zh-<>.J>[+3.<' caused LexerException: Unknown escape sequence '\>' at 1:27

Fuzz '/)|'&}>-FJ+>.^|,>-&.e''],+*!=|>/>$&`^]=*)"' caused LexerException: Unterminated string at 1:43

Fuzz '+[<[*!+)>2*N)/|>"D<(-<)<2f!<P|!k./' caused LexerException: Unterminated string at 1:35

Fuzz '"}j><'!=.(<>|X!g{='&=--!</.-+[[/[p*?})' caused LexerException: Unterminated string at 1:39

Fuzz 'X&|<{q(/>!.*")'!>S({}B<!*'C' caused LexerException: Unterminated string at 1:28

Fuzz 'v*3|=- )/>-ib*!+\*<+=|*;(-M/+<J//=?(>J|3,$]*8y&' caused LexerException: Unexpected character '\' at 1:18

Fuzz '+></k<>[*),||-.+,,|"k&|&&.]=**!' caused LexerException: Unterminated string at 1:32

Fuzz '[-!&-/!&U=("-+J:-n=/+wV*;!;'R&f>/'(+!;*|[U!' caused LexerException: Unterminated string at 1:44

Fuzz 'x+&">!"S->=+[}<_-|}',*|'&|.q<!=d/(+}}|}>+{,;!=<)'+<|&O);=><},< &{>[^/' caused LexerException: Unterminated string at 1:70

Fuzz '==O!)r;6';}!\;='|&{&=|*/[|n/*|*&!>!<;]-[M=|>\*)>"[]'|<*s-#x|' caused LexerException: Unknown escape sequence '\;' at 1:14

Fuzz 'T-<4*b!(!'&,<Z@'>"[R/<=><>+=[{-'|/x>vx*}/l=-=<e1}%/!(' caused LexerException: Unterminated string at 1:54

Fuzz '}&>+>/{"->!f[A&b>!&/<<-{;}}"|*(>_*dj.?<Z=*|'Hg!<|-<}!&](' caused LexerException: Unterminated string at 1:57

Fuzz 'Fo|!+>|.[+>(<>S&--pf=A/<4"2L?='-/][{*!/{+*++*-+&]>/-{|/<|;f('!|.+&&x*/+;\$B-='|><>,`)",|-*&' caused LexerException: Unknown escape sequence '\$' at 1:74

Fuzz '-*>m-(}./t+*'|<7h->7+.t,[+>]+(|<>++|O7--/!;+V-[!!=/#!' caused LexerException: Unterminated string at 1:54

Fuzz '=}+)<%|M[+[.![)B+)c|<*&&/]"}j"').b=|r,.[;6!<}!}*=/{&-/</>'{+!';-]'/).>k)<bD->|&[&=<u">' caused LexerException: Unterminated string at 1:87

Fuzz '>"#*>?*/<*))<>[=;>&;->}=->(-*|!(-//!+<.|(X>,/<\!/||,/+=>>|*<>6*-")|{]|>+|}*}y<,(./-X//}>=["+M' caused LexerException: Unknown escape sequence '\!' at 1:48

Fuzz '["-**+\]<!)-,&<=;|.Q=x=(":'{)-<-['{;(<&=+>#;|/<' caused LexerException: Unknown escape sequence '\]' at 1:8

Fuzz 'c.|+]!!'!/./{.:s/{'s>\",'>\^]=.-[!'+)<}<>W"<#t"<|">\}>)=|<|><=.|<b{!<-*',u!.' caused LexerException: Unexpected character '\' at 1:23

Fuzz '&]-B{[-*!M*&}>}*/<(>\+/}+-/-=/.!&*=;*<9=<' caused LexerException: Unexpected character '\' at 1:22

Fuzz '||Z=K])=-}N"t|*`*};*(P{-/I>>}+||<*>.=);+|+f>V</U"(j|u+L+U=&+|R[|">.<+|b}P&%{<3s<2(}//' caused LexerException: Unterminated string at 1:86

Fuzz '/\&@=}]'=q'|,+*>-=;x<++-+*=*|..|.x-[&->-*)&*}m+t=/<]&<aR/=<C%'*u=/y/R&,|<(][*//>V}>)}Ba>&' caused LexerException: Unexpected character '\' at 1:3

Fuzz '(/('-/.(i|}*!U-'''<O*+;)<d*-r&*+I-|>d+|\&.}<={./..)['K>9"->*+]&&A<;/)$"*=<-Z;!{}' caused LexerException: Unexpected character '\' at 1:41

Fuzz 'd[-{z!^&<1/'-V=G=&D;A>!/-=!t^=+)[u=/;+*+-M)<>><*<-(+]/)&|;(!E<.||' caused LexerException: Unterminated string at 1:66

Fuzz '<{<)+!Z]I[EH)4>>+&`"=->@e{'f<}(<]>j}}|(&/'5}!]<(>'[/`7'<*'}|!|&).2;'+[(|@'[;},!(_<yi"-{+!<' caused LexerException: Unexpected character '`' at 1:20

Fuzz '-q0, &"*|>|-]|-->;<&&">{'(+}(>>,->q||*' caused LexerException: Unterminated string at 1:39

Fuzz '=>>]*'J|;"-[;/|+>>|{=y)>)O*,_.Z=y+&//)&!!=!<*)'){*&{,{>x,.'</}/|>' caused LexerException: Unterminated string at 1:66

Fuzz '{-_|$+-<V(({[{-(([.T}!?;^A;/<}<|!s*g)|+F("&!!|//>F/=**,&*|' caused LexerException: Unexpected character '$' at 1:6. Did you mean '$"...'?

Fuzz ',.]<1=]!&[**>yu<N,-n-,cP|&(,>'5-&+J**>&f'!]!<=[-(oL<<)wQ*->-,"n"}-Ab>/!B/<=(l[.*&L,`*"/-/+*' caused LexerException: Unexpected character '`' at 1:85

Fuzz 'ir62$&)(=(FC}+Q=.>(l.!("' caused LexerException: Unexpected character '$' at 1:6. Did you mean '$"...'?

Fuzz ')||-{==BTV/-\,<>.!=U+=<>}g*u|<+t*1B2E*|]=Y=/<=&*/"!!|-">*<|;=<=+,&=*/'>Wd1+"P}"=/S' caused LexerException: Unexpected character '\' at 1:14

Fuzz '=(&y</-!,|>="-r+Thf&<++]3+"-@'f|(+==}))&.,{>&* >2!*>*;' caused LexerException: Unexpected character '@' at 1:30. Did you mean '@"...'?

Fuzz '&`(h.|[u[/',+<T&+=*C,;&!<+&>t,y-f{=p<&*+>>![|&,+lHT"+'-,)=' caused LexerException: Unexpected character '`' at 1:3

Fuzz ''a{P{K&))(D>[!V<{'}*.-Z|<-.=&'&x>Ig<>&=(/|&&|(+}{&)/=-U{2"T}&-=!]-,)<&' caused LexerException: Unterminated string at 1:71

Fuzz '-|*>>&|-#<,-)!]]"' caused LexerException: Unexpected character '#' at 1:10

Fuzz '="*+*,<(9t!0*T0,-4|)'{.&|-+{e-`'\=<)_*'("C>j+[,|-(|,;_W!]>/|Bg=|' caused LexerException: Unknown escape sequence '\=' at 1:34

Fuzz ''<!,[-)={&'*=!&&=.F+/.}--F">*/)|=o')>4+1-,!/2.,Fl**]*=1<*>!;]i.,;=>/&/]|%+&/o|/h*(<]}+(>'')/{+' caused LexerException: Unterminated string at 1:95

Fuzz '=}&<&)>&&(|j'<@#A"*+>!;[!E9' caused LexerException: Unterminated string at 1:28

Fuzz '3/]{*=|j\D|>>gX+/!]]s+}!;/q+/$v<>*=='>|<*[&>|\//<,[./'=<m**-,+=*.#,+Z)@/+=!-(G;.' caused LexerException: Unexpected character '\' at 1:10

Fuzz 'e(]/-+&)&&!?<<|>&%"!&=+//0-' caused LexerException: Unterminated string at 1:28

Fuzz '/_)"/|w*5V*"&VP-*-+)`/--,!=*/>'[U!b|=6,<"*' caused LexerException: Unexpected character '`' at 1:22

Fuzz ''"!&*/W=}9<S}+&q!=!<)' caused LexerException: Unterminated string at 1:22

Fuzz '/|!?<*q!z=+-@>.\=T=/O>g|&=.*'E"&>,&+wk' caused LexerException: Unexpected character '@' at 1:14. Did you mean '@"...'?

Fuzz '.)_|,"3&<'h]<N>!g=(=.|/}-]++"!<P&</-l[;&"x!*'/' caused LexerException: Unterminated string at 1:47

Fuzz 'K*{&R+=(,<'|)}>xq*2=/.&+>;5>!-gc><|>=9'*"' caused LexerException: Unterminated string at 1:42

Fuzz '<&<><X*&"]|!}<}pf-3-C-"++<=>=+#*)'&|="{/[*2c!p-g3;&+*%/8=+=!;E*.' caused LexerException: Unexpected character '#' at 1:32

Fuzz '|-?<|-u&+y=-;=;,/!'*>#=>b/<==",vQT&!-p*!$mB,b+r<.*,,+/-J>>|;!m=>&*<)/+<;' caused LexerException: Unterminated string at 1:73

Fuzz '}='=q==**q/;n>!N-|'!+.<>)(D >C<{&**-q;{&<*!]%<{{!7'>=/)!I'-/D=7,=&-}.}=y}tB,z{'k}!)>&' caused LexerException: Unterminated string at 1:86

Fuzz '<(*c</`>--<4>/{&{<`{uI|S)m)'))|);t[,[N=*k-{,+X!*<+!]' caused LexerException: Unexpected character '`' at 1:8

Fuzz '*/:*rE(<;!!{(f&"B&=i&[,-';>"|Zm>}-[[,s+)(+'"W<<*PM' caused LexerException: Unterminated string at 1:51

Fuzz '+s){><v$<='{<>!&g(@<[{a<.={>+|"=/!+r:**<<=wdn{*0/+-n}*['[X,<}o1-]{<a.!-].(&|,!*&+}=(' caused LexerException: Unexpected character '$' at 1:9. Did you mean '$"...'?

Fuzz 'b|;X/p+K/=C+!*/<!=}[|=5>+|F"%: ,][;Z=&**=+>[*6!,*!M=>!c]|t-<+<!=(`+E-c({' caused LexerException: Unterminated string at 1:73

Fuzz '&*(]=<}_(g-;W{)H;-;|&,>"{L' caused LexerException: Unterminated string at 1:27

Fuzz ')</&+!(h&<|0?>/>r&/=}!W!x)<|&C"{(&=*.k).xF/<+7*s' caused LexerException: Unterminated string at 1:49

Fuzz '=,]'(!*(;|<(.+|+/|B-&*/<-|'!=++<+</**0.V.*s"+!g{'<>r@G=k[D|J|*<>*!*{[*+[5TH+!'*/&-O/-S;_|N!'?PN>"<<' caused LexerException: Unterminated string at 1:100

Fuzz ']-]-=&+*-cmuK'4 |=+;<>!' caused LexerException: Unterminated string at 1:24

Fuzz '**>+">+-+{|./8/|+")&$|<(>+./*[!-/R/<e"==&*$*?{{!}./*|//hb5' caused LexerException: Unexpected character '$' at 1:22. Did you mean '$"...'?

Fuzz '}D|],!Ma(s.|<+,{&=h|&\l>=];&(,/N++*".;L(!"].E[&-+'/++="*+*{`!r!=/"}|(';'!;<*[<!R)/' caused LexerException: Unexpected character '\' at 1:23

Fuzz 'd/,,c,|((\-&\n}>^/-/,B|ch|z)&(;>E<|*-}|*V*!*I">' caused LexerException: Unexpected character '\' at 1:11

Fuzz '*>&*"-&|!<>-]>*J>n,[M=-?;!<O' caused LexerException: Unterminated string at 1:29

Fuzz '=/='(*+1$.=,)<<(<]|](]a$"&;|-Zi-;&+)/{++<I}{.+|)}8:-.!/]-.*<>&!>'"/*W.(>&)' caused LexerException: Unterminated string at 1:75

Fuzz ''&*[3<+<()|(->/Ih*nr!')|!&|;.n+!+*/|&>]'(A/'5=&@&' caused LexerException: Unexpected character '@' at 1:49. Did you mean '@"...'?

Fuzz ')<)",<2g/>>' caused LexerException: Unterminated string at 1:12

Fuzz '+&]=,<'&!&L*}</!?*//!+/&};*!/-(>|[&|!*>G*S}!*&-!,/&',*-Z<=}+s+&|))*|}*!U>+<\!*(+*_D+-`l+-,' caused LexerException: Unexpected character '\' at 1:77

Fuzz 'J*.[[Z/>x)*-'"]}|,,({!5a(=jt'.*!>HQ+q{*h-]=;}@&{pk$i+|]-y,.B*k2@+w"!d&*<+j,/+|/FE}>' caused LexerException: Unexpected character '@' at 1:47. Did you mean '@"...'?

Fuzz '&),<!=("(3!-|;Y>)&*-*[*&,'};=h/<;*=)>*+}*{;=!/"<|-12e+/]*&\B-E+&|<"/&/m'<!/*(*9+=((-"&[{>*.|}.;:5E' caused LexerException: Unexpected character '\' at 1:60

Fuzz '|+!!<<-|ut>==/C"|l*s-%-&{][>{.X<' caused LexerException: Unterminated string at 1:33

Fuzz '&7|;!:>>**&<]/"[/]F*>!*+D<!K<+*//U<P=' [|&'></||P&S>!V7,>n}0&}'(||J*]!2eFr/*]l&},!*!\{&J<)+*r=j' caused LexerException: Unknown escape sequence '\{' at 1:86

Fuzz '|<-}-++]<->;;)>"&<?;;*/)Y<=/,+=&' caused LexerException: Unterminated string at 1:33

Fuzz '?,v-T+=.<<.+|s-[R*<z;}<>=&i>|oF<=>&>,,;>-[u==|&q+DT)'&.m+)/!">.' caused LexerException: Unterminated string at 1:64

Fuzz '.{<T^)X1+>+.%-<,*;<<<")<(&X!)=|={]D2|"{>-C*/=+&+6!!@%/[.o|,|=n<Z;,<<' caused LexerException: Unexpected character '@' at 1:53. Did you mean '@"...'?

Fuzz '|]'V/|>>&]"(|&[' caused LexerException: Unterminated string at 1:16

Fuzz ']=!"|-.!p<-|]*W-+&|(&*--"k|)!<,>q)O,v><'<;/' caused LexerException: Unterminated string at 1:44

Fuzz '=dn+>]f|><<h{|=}=+[ !|)&-(O=+[ *4w*;>-.-',]>'(p*=[.'}/1' caused LexerException: Unterminated string at 1:56

Fuzz ']/(!*<*.+=*&)O>&&/;>P{]+CB;+>y*|*|>t}!]'r|'*c=[!*!!"Q.gj=|>' caused LexerException: Unterminated string at 1:60

Fuzz '&{|-4}>!g=[++O/)';,}&*YRC&-=&<9-,=9h&@<-.'{|+!*!<;|*,|@'A9>!-!<<.&? =%{]*{>P(L6f+'/m;}*-=>'' caused LexerException: Unexpected character '@' at 1:56. Did you mean '@"...'?

Fuzz '|=U-|>L*!&|;c(B[&-|}'>=-C=.'j.=/",&"|G|9`+^.|*>(&;=N3=+W"(+;=Q+'Q!>=-X"'"V/--![{tw{<a#)*\/' caused LexerException: Unexpected character '`' at 1:42

Fuzz ''O-O<=f}.|e&!=**&++N!\|>.[*-"/<-.=/*-.|+K<E|-+[!>/aM-&>&>[b;0/("(&u-*Y}[.(]!/O*/Z&/-!&-e5O>J/,+*' caused LexerException: Unknown escape sequence '\|' at 1:23

Fuzz ',&!|{}--+J*+T>>>[`&.H,-Wn&i )'|-*+<u,"<*/{!/-*W"'/=-*p*>]("|&>=>|!*;' caused LexerException: Unexpected character '`' at 1:19

Fuzz '&|/'>|3/!S[!n6<+a(]S-}(.<U=|*[>["+.]]h!/J<=`=<.X;[-h(-+Q+V+)!;-q}*.]>x#"' caused LexerException: Unterminated string at 1:73

Fuzz ',>>{*!|DJ|/:|},C|m*-=[>'E,&}&')+&Q</}|;"-/-<}!,$_q<>-*E|/+!|!]=>'|-->;(>*(|![](;QJ||;=g' caused LexerException: Unterminated string at 1:88

Fuzz '}>=-+>|M]{`(?!-{>*=+<)-)>t()+>;.*<[/>+-;!*|=|}/B==m ]#)[&==,!=>' caused LexerException: Unexpected character '`' at 1:12

Fuzz 't[$*8+!<*."<&k=[|>,f[|6=|==J>&.!*t->"D).|='{*<)/+;==|-}H<?_)!'|' caused LexerException: Unexpected character '$' at 1:4. Did you mean '$"...'?

Fuzz '.,[}!-<!<'2/:){' caused LexerException: Unterminated string at 1:16

Fuzz '![(BC!*'(|>?=m=Y!+[=]R[-n<*-()g>X' caused LexerException: Unterminated string at 1:34

Fuzz '|}"+!_!k)x+|!.r;<' caused LexerException: Unterminated string at 1:18

Fuzz '<+/"=|[{x>t>(/>}-%]>!,p' caused LexerException: Unterminated string at 1:24

Fuzz 'e&/>@Wi/>>!*=>-<.*,&T=!,]|-=([(/p/==.+&*)H1"8+!-=*>';?=;.]'/t)-;{n?}'>' caused LexerException: Unexpected character '@' at 1:6. Did you mean '@"...'?

Fuzz '-.{!=)"M&-;>-,=n&>&>{|>}<<P'|{>-#;{k)d.(<-,>(*"}+ &='|"]=H(U;)-&*.;.&o"&|*!!-Z' caused LexerException: Unterminated string at 1:79

Fuzz '>/}/.</q/-Z_!]&!!Z-+=&}"3><}.,N|;x{|=&dv!'*pG58' caused LexerException: Unterminated string at 1:48

Fuzz '.<)<$/=&+<]*/ih-[h')|>!//>"!.-><,&-N+3|(;.h!s*P](V]=&>q=(|p:}/=!/->|*>+<1<<YY-(|=*[<'+>+}j{++',-]' caused LexerException: Unexpected character '$' at 1:6. Did you mean '$"...'?

Fuzz 'G,#k|&!({|+|>&><|={w+></L&-!|-|F+|>*/}{-+s).]-K(g>>=*/V[m<<1,"*Z]' caused LexerException: Unexpected character '#' at 1:4

Fuzz '&'\<*-k<\<@m&;=en+*[|/-, .|=}"(2w||,&>"**==-[9;.+&!2*-"!}<I<!!_,+]|>zF]/|='|<-(+>u' caused LexerException: Unknown escape sequence '\<' at 1:4

Fuzz '=;r%],;<+/P||(*;<-}/0"-=!?&+/|-&=|u!&=' caused LexerException: Unterminated string at 1:39

Fuzz '"+>![/=(*.<<{+K/-{-!(W;(|p[+{]'&=*&[d.[*|,`/+-=}.'!!.*[;u}+>['q/|!]|>}=<>+8])==_=./4U`' caused LexerException: Unterminated string at 1:87

Fuzz '>!}+;]g,b[H!!>&',/R/&];=//+x?<!|/{s|\{&!(<.&>:$+<-&[+=/+"!-,v&**|&!(e**-[+->4<??}B.")-=<S|>' caused LexerException: Unknown escape sequence '\{' at 1:38

Fuzz 'I-+'/=*]+}&!=-;}*>"p<<!' caused LexerException: Unterminated string at 1:24

Fuzz ',]*z/{;L<*&>!>[.y-=|{^*,}=.;(Q/&&-]KE=/,/{-{!!;Z')l2.!,A,]+* (;)V>]*e'{t-#+|' caused LexerException: Unexpected character '#' at 1:75

Fuzz '{-=b.-#+]F+>>a!z&-*q>"-}*.;6`*8w`"]&>/!2,/>+/"_<>/&)*;(8+M&-@&{8[{+>*/(,.<=*s|&*}&.=&|(+.&>B=;!=' caused LexerException: Unexpected character '#' at 1:8

Fuzz '}u[++*!w(*>|<+>;=[[)F<,+^dy={*=<ns=|&>`},&-#-!{}*!,[&d.""<'=(*]<>=9b)^-<>M?<.C' caused LexerException: Unexpected character '`' at 1:40

Fuzz '*+'^/&!(""<' caused LexerException: Unterminated string at 1:12

Fuzz ''\{<=+"![*=++-]=.<+q!;*<)'=!]*-:<,*n-=_|A|!./!*|-B,]}O+-j{|' caused LexerException: Unknown escape sequence '\{' at 1:3

Fuzz '-(>|s<o-(+*+=e\|;!6+L*|+{-(}//#];-)-=!!<(!|*uW-xu,(/"C|*' caused LexerException: Unexpected character '\' at 1:16

Fuzz 'V{BK+|H[*y/3+&=\%-S;s=).(!}+]>5|=&-9|;u=-}v+&>' caused LexerException: Unexpected character '\' at 1:17

Fuzz '-R$eSe*}<)*-=(**+]-X;+Y!!*|;],*6!;"m(}!|(</=,+)&F]]/[4)"=<+/{|ErZD&B*x|)--|/+'<1;+][+' caused LexerException: Unexpected character '$' at 1:4. Did you mean '$"...'?

Fuzz '|(<!.*-{>=(!!!<}*,}Y-!/K"{*!b*);/|<$==;!G;<kX*+]++-{[=;.;N;*!*]/<m/f&/9>[!=' caused LexerException: Unterminated string at 1:76

Fuzz '*{e=\T[=)]<=0{=!!!{&|{*|,}L*A+>n*,+|!)-;-<.</|-,<}>|,=,=!"++!>'m|!*' caused LexerException: Unexpected character '\' at 1:6

Fuzz ''=z&]v&,/|'(>-)}/<[+}!<*];&4]]+>S">/F*' caused LexerException: Unterminated string at 1:39

Fuzz 'q*<&}]{&-&&I/<!-++;r+(=<p&]/|&*+|>><*#-'"|A|P;><}[Y./e' caused LexerException: Unexpected character '#' at 1:39

Fuzz '</<!+*<^<+&!/)<;s!;A>'&`<A+<-.>]P" R/,>E=y).\**8(8<"!' caused LexerException: Unknown escape sequence '\*' at 1:46

Fuzz '=/(..&f(I(--*{|-}):-|"&+"'Q<z2&;=/&[/U+.!y(!|}D.!;&-{>+'!\|&a!")+,'/P|<!&+[]+<*>/*N1{Ag"5;;6/a<<;i' caused LexerException: Unexpected character '\' at 1:59

Fuzz '=;-||P.!*>==O!=tr[|"+Z/!=/N-&w<!/|IN--}<'|>>+;]}|/|(;/>{;#/h!]'!' caused LexerException: Unterminated string at 1:65

Fuzz '["!B+{<>q/,<p*<"=/'Q-;..--+&!!!>/-?|;=-*-R'/5>*{&--|[=<x"}!!,-' caused LexerException: Unterminated string at 1:63

Fuzz 'Q=)y}|[+.+!z;'+/[+W[<+jw+);d/!=&-P[][,"k.-']>>==}'?!*.+1>->|-u<,*A*">;[>1=}/M&/=-./>>""' caused LexerException: Unterminated string at 1:88

Fuzz '.|*]-;>*&(*\_.;<R!(,+9&"I'>v'!/<(,s]"+*C<<{|<!{&=|o)' caused LexerException: Unexpected character '\' at 1:13

Fuzz 'U');5=>-/,*'-<.=*=[+S,{*-R>|||'(G{VY*<![.`->{M<SmO)z+(.,]<{!|&1.>>.+=Z' caused LexerException: Unterminated string at 1:71

Fuzz '!!sh"D)e=r6>+L-}&;!c[|(>8&<|==zY.].k",&**4f-M;J,+O/[!&{z?*/-/=(+=,;g!';|=q{/{' caused LexerException: Unterminated string at 1:78

Fuzz '=(KT<(&@]>}*-N&"&<SL",/+;!0,mD#>.||&' caused LexerException: Unexpected character '@' at 1:9. Did you mean '@"...'?

Fuzz '+[+n&*Y(===Q&=!(**!&y{|[/(*-}|;-!-+.=.][+<{3|s(@)!+<)//![$>,/)]>-..-}x=$/)/->#-!!==n-,]+' caused LexerException: Unexpected character '@' at 1:49. Did you mean '@"...'?

Fuzz '!g<*f[+;+!"[|)*>|.3-<8"![&<!=K!$|'{|"-*!-&et\)!<+.]+=[|]J[=K<-&-}{-!Q*,6H)*<(|>d.-+,;&"&&|)'!]=(>/*' caused LexerException: Unexpected character '$' at 1:33. Did you mean '$"...'?

Fuzz '+-}}=+;wF**p|H=,J({*-,|<,(><.{<'*!'*(a,"+r."</|>!;&m{,e}]*/;({(*->&e;]>"<>]!3]|' caused LexerException: Unterminated string at 1:80

Fuzz '?++>/2=;}!-[(&>|&q,+(_!'<*:=qE/'1)(|)/-[=*!'k!/?=='"*5,+{.HN' caused LexerException: Unterminated string at 1:61

Fuzz '!*+&;)+Mg'K)&g[2V,]"&/.,&&&-*-|/' caused LexerException: Unterminated string at 1:33

Fuzz '=D-*w=";+*<*A![<!.{-w6"_y<>28K&!=]/"O=">.+0+-y|];!|)!*n(-!%.,)1'&,"!v>=;;e/!>,<-/]><>==|+Oj&m>[;[.4' caused LexerException: Unterminated string at 1:100

Fuzz 'i!<>,/"</a-->[}rR&= (>^W={G&!>*-'w;-|[/<vR,-;|(H>,=K>]"L,R>&l"/n)'e"=>*'><' caused LexerException: Unterminated string at 1:75

Fuzz '!T[D<*.p+'/-;--<&B.<"@>|d+"]' caused LexerException: Unterminated string at 1:29

Fuzz 'P.-:<S:.)+y|\<&]-&{;f-*<!}=/<)w***' caused LexerException: Unexpected character '\' at 1:14

Fuzz '!'|.!x/|/*<!.<];>+C+G!/Qv}|{|>**!!*<|!]' caused LexerException: Unterminated string at 1:40

Fuzz '!f|<1>->-(`;'>&>+=[{>[c/+*w$|;</{--!,C!G>&nz=>><>}' caused LexerException: Unexpected character '`' at 1:12

Fuzz '()}!;[>'!$;W|*;(&,}l=!++b|-+&n;u|;=|a!Q!<g>/[(!;!' caused LexerException: Unterminated string at 1:50

Fuzz '>&-h,[>&*&|=<\!V+.D;)|*!|>&-[/b+[;R/!<.3>9<|+!>]k=)G' caused LexerException: Unexpected character '\' at 1:15

Fuzz '.-&r[))_||!++|.!||S!!g!-+g/oo*|,*=/>+]+=].=|[=>[*<*&5]>;$=/f{'' caused LexerException: Unexpected character '$' at 1:58. Did you mean '$"...'?

Fuzz '-![+:/',/j-l*r{!;+>;'<<+@'=/>'!/<!dA+//]!(y+}T='<<5/*h;-/y*G|/"' caused LexerException: Unexpected character '@' at 1:26. Did you mean '@"...'?

Fuzz '/!](&-+s;)]?&/e=*-ha..|"|.>)o<;{/5|*'{/>>!N)`-|=!!|' caused LexerException: Unterminated string at 1:52

Fuzz '}='lv}H;&*=<&|' caused LexerException: Unterminated string at 1:15

Fuzz '!+&!>}-=>|!&=&7{=,;d>[7|)=|-.>Yu=,/>;*/B'o;{|].3*|a<-|u.M|*|G&-=&C_/F(={e-*=H*|}-' caused LexerException: Unterminated string at 1:82

Fuzz '+/'=>-(=p>*-y<<!*a;+/'++(>=%>"e-&Q>+&>=T/.|NL*/&+J/[}-(A2>,</]{'!&&&E;!-x<|' caused LexerException: Unterminated string at 1:76

Fuzz '/;=<V--u<-/U<+F=</,(&-+&[=[*to/G@' caused LexerException: Unexpected character '@' at 1:34. Did you mean '@"...'?

Fuzz ';C[(s{[M/[])A[{!*;`_(>/x)]\|<]&y<&{''j\R/<j'|*;|b'{!&..*@(([' caused LexerException: Unexpected character '`' at 1:20

Fuzz '{1}p[(}|=:*:-7(;)).|*tO&&r(|0-k-<}/,+>i!(&+|&!/:>;*7!3'x-U|Z|&=|,"[;"P7&>[*-//1|B-|[]/' caused LexerException: Unterminated string at 1:87

Fuzz '*={]"|n!="}/;S&/^&4[p!{/!,)[]&|!+|s/,[m[)&/|.!&Sh'(|=}|->}-,' caused LexerException: Unterminated string at 1:61

Fuzz ';c\S=*-?/<P@)+>[|*]<;;'<+' caused LexerException: Unexpected character '\' at 1:4

Fuzz '|=!+&=<=>YN'!\//Z+H/>B!|&-!'[/!6'&}--LL*W!|/]],{&*[&</+;(-,*-#oH' caused LexerException: Unknown escape sequence '\/' at 1:15

Fuzz '>-]=**&'&<<>/-.&o"-I!]3&*=!S&.!<"' caused LexerException: Unterminated string at 1:34

Fuzz '(||'[<*)&[<=!&]i/" Bz={+&9*|F.g[+<' caused LexerException: Unterminated string at 1:35

Fuzz '.-/>|<<.<![|-=/s|#/*!&&[U'{-){;I**]+&>*}[/=_|&|Z.-!-"){]<K&}'/-Z/&*';[[>!|[](+{*+W|*|<!!<&|;=+/=!' caused LexerException: Unexpected character '#' at 1:19

Fuzz '@('|r-'|(C/(-4--' caused LexerException: Unexpected character '@' at 1:2. Did you mean '@"...'?

Fuzz '={&2){!/(=!|!,m&&}=.&p&8}]]/t=b+!+/!<="-&!*' caused LexerException: Unterminated string at 1:44

Fuzz ']g!H%3{n'p*]+<')(;!|=-;]-|-./`n&T<+{-/$U' caused LexerException: Unexpected character '`' at 1:31

Fuzz '-[&e>|;=*>u[7<-+&m;>]f{[u#s[<{!+`&'/+"|(++!/,/5.=&E}|!|&<{*#>=(0>],{,-(<Ah"><-5>;-&<<=+/.,Hc&)<'C' caused LexerException: Unexpected character '#' at 1:27

Fuzz '=!5Y.*=-=>-T!>*&-|+>VUT*!>>=![=/5z+/^j"\R,G>/;&>4}@/&|(}.&)2}&Y'/|/|&>' caused LexerException: Unknown escape sequence '\R' at 1:41

Fuzz '\*+0+{>)-"XE@//;=u/(]*+K&*&'4.(-[;={}<++f)<=w]<'-]&]!]!}/j-Xo}=nv'p]|';|l&-*/C)&*&*,=6'(t<G/||!*' caused LexerException: Unexpected character '\' at 1:2

Fuzz 'P,#[+mZ|+|>Y>'[*-|j"/4/,>`]S|'+"(Y";(>?}[=}&* ./'<-;]{!*' caused LexerException: Unexpected character '#' at 1:4

Fuzz '(!))/{+/9,e<@'}[d+(->>*)">{JS**Q);{p)M'<=[*'={/}<.,*! ->=|k|m/+>L|--[' caused LexerException: Unexpected character '@' at 1:14. Did you mean '@"...'?

Fuzz '.=*O==[#-PC+<}|/'//;*';& =)i<>),(,<}){+*'/>8),!<<m/Z++<5|*"q|Z(&>_n@L>/n/!>*/!@>&->/&' caused LexerException: Unexpected character '#' at 1:9

Fuzz '/{<=[=]Y/<>!,&*<$SZ<&]' caused LexerException: Unexpected character '$' at 1:18. Did you mean '$"...'?

Fuzz '><[*-B)"*r+,.>>}/;/^*]n*-.<!&/*]Q|p"kJ-*`;|.]!*>*}' caused LexerException: Unexpected character '`' at 1:42

Fuzz 'o}%,J!"*!/G(.|' caused LexerException: Unterminated string at 1:15

Fuzz '/K*3=}]{'n=/&+=</"<*=<>/4.&,!+Y-M>|&!</,+wz!!\x=>+}=>=="<}{][' caused LexerException: Unknown escape sequence '\x' at 1:47

Fuzz '"$;&[]Dp;[v}m|&N=&|&{>*=)&/dr]!'bN***.)*<\G'&!=>)=&!5!/&'cp;!<[!!{}7&' caused LexerException: Unknown escape sequence '\G' at 1:43

Fuzz '(W]{=w+.>K('=Ee*(' caused LexerException: Unterminated string at 1:18

Fuzz 'Xa/&r('"*&*=|}-|;-*k|"-p,*((><<].]%-&<.&$(0),*."[&;=-}&(<v{v+,F+<<<[=#>U|!' caused LexerException: Unterminated string at 1:75

Fuzz 'r!'4/-&:;x'x-.&>l/&!&N.*+|4(*/</]]<{=)=]<-)'1!J)%)+"i/q/' caused LexerException: Unterminated string at 1:57

Fuzz ')*&jA&%*</-u|]*"-(Nt+c*<=4;n4[{>(|->|E*)3&&<[;'<]&e)/R+(>]*+-' caused LexerException: Unterminated string at 1:62

Fuzz ',<&m--*/<$}({6&:+<P/2,>=!-h&!||=&,(>W&}+,|O?|]/'_)>(+@=*>{<)>[[]//9>-B' caused LexerException: Unexpected character '$' at 1:11. Did you mean '$"...'?

Fuzz '}<&-!|">y&#D=I)x<D/>/!)c-=\ [1]*>]/=!,+"<>&+U>nn< m&-];.&'m}*F,$((()}].O)*=><.+/&-!;&1)[*J->=' caused LexerException: Unknown escape sequence '\ ' at 1:28

Fuzz '&[*<[**/&2R&[|":+<>=[|.)|d<J)-}>/**(=r." |tD|n*/[+c=k*h{/r;|Y<]-_-*g-W?Y-(.!]/-.;r'' caused LexerException: Unterminated string at 1:84

Fuzz '=={U)&&k"*@b>,|=)&<*+9&{"|>&[!=Li+-}|h]a,+N]|!'[<!9|&!-;|)Sz-=G)z|{'[2'y]->-!' caused LexerException: Unterminated string at 1:78

Fuzz '<,+"'C)a<=:-}>|"=+'**' caused LexerException: Unterminated string at 1:22

Fuzz '!&-;&*;}|6<{+]<!((--3/!*+}-<!"*<[!--v]i;+1&N{'*][!&&*>&,/+|,=.O[y*' caused LexerException: Unterminated string at 1:67

Fuzz '!*u*+]-=6,!;|fu!.=&/[/=}'d{=j->Jt}oH=*y,[>-!'&&m/Xx/k>|-/|*!|#<i&}]! {<' caused LexerException: Unexpected character '#' at 1:63

Fuzz '=-<+'F+&*M(+t'*<-))&+/@['>.Z;>&e*=,]>:>/>*}{^||N'-)/*;>' caused LexerException: Unexpected character '@' at 1:24. Did you mean '@"...'?

Fuzz '[[X-/*@!c){|}!("!,;"|*/}!"<8-/)1=;;[><%[-|P{>}&.>|{+q!U*/<>.D>|>!|--' caused LexerException: Unterminated string at 1:69

Fuzz 'P*|/-w<'k<|p</-@=!+>"0&*+_+/[!$G;[FK.Q*!/|,Gv*}}1)Q-<#*@"+|>|`.x</=&}{!g?+%6+D!*+}&=/*&>&' caused LexerException: Unterminated string at 1:90

Fuzz '{[|/==*(=*|+><P.&<+%*}T,=';J,>]'!-[/"{).{&!}+-={&S/qW*&O>"|>|{!.H/"L' caused LexerException: Unterminated string at 1:69

Fuzz ',-/|(}V3&<E.+|!-}>R/!-&|"' caused LexerException: Unterminated string at 1:26

Fuzz ''%Fg-+.&(|.]'{=*.\d}^-)N/R(.-]}\'&' caused LexerException: Unexpected character '\' at 1:19

Fuzz ',!{'(=*<|)q/=!/-' caused LexerException: Unterminated string at 1:17

Fuzz '}>}>)E[-(U/--=,&!!.}*a|Q!|/']{p&;m!!%f|(4+4')}>!+L!]**F{>+?*/+{V!!=!-{4<")-Q|-|'>]&L+>S' caused LexerException: Unterminated string at 1:88

Fuzz '>[*H)=[hQ.}+.{F[!,&|,S+-<L5-|'*n0#}=)&sD{k' caused LexerException: Unterminated string at 1:43

Fuzz '&,A>^=z#[/A&=>s=!*+-|D="bN{)+|;@k(}}<!-&*}=[>|*+p.)=AuG.|>>)+<&/' caused LexerException: Unexpected character '#' at 1:9

Fuzz '*/},>}/(/+"|T'|[!!J,7C+.S;!--*B=/,{*Z>&r,uz-n>'<=}N"&|}Zm&[)<}}=>*(}}*;}+)>+-]<*">.{&z&{"}g'' caused LexerException: Unterminated string at 1:93

Fuzz '|[[!;&|)-,]b[*>"*<&<)]>C)+[};ut{<|&)I!![),/-12=,4}='.(I' caused LexerException: Unterminated string at 1:56

Fuzz '%&O*''}&=F/[=.\zS[]N!|=|'<=[X-}*="o)=>&-+d&>/}<%=M--]!%Z+' caused LexerException: Unexpected character '\' at 1:16

Fuzz 'w6/o>!/=!Y)-[&T}>p>*|?*/<)F]-<%|!/-*;*=]J{>$}<;(=>&|<!);1M>[(*|&' caused LexerException: Unexpected character '$' at 1:45. Did you mean '$"...'?

Fuzz '/}8<!|}-x}&+-&{q[*=+*-]+U*C'q&;q&-&-.>FZ>+>};|/&{.),*<A**")p<}'&*[-!|<iQ+(",+' caused LexerException: Unterminated string at 1:78

Fuzz 'd<>`<!a<G.)+<*-&>===O|!(5=z;V-/>>[>,z\[]|{-+x' caused LexerException: Unexpected character '`' at 1:5

Fuzz '+n*[*1*!);q<<'-}g>|(=&/=//_\.=."p&*-m!"<<rg"+[!E&|+g>|)=' caused LexerException: Unknown escape sequence '\.' at 1:29

Fuzz '`D-{)7&*!1%!|/'"!}][}{|(<,*/`.&T&)&/=t=&|{{'-!![|/'/*[/{|*!' caused LexerException: Unexpected character '`' at 1:2

Fuzz '"&[+-->>={&lb><.{!!(*<U=[z[-!]*!->|+*..+<^=x$-|{;{#-&2{t(3]||!G#}&|{!{ <Q/H,+!' caused LexerException: Unterminated string at 1:79

Fuzz '!S<f*|=|*:=+{/<,,-<|=-+=N|}|G=)/-!=<{=6]+j/|}->i="}|-`Q|'<*'>/|;3"=%^>'|(J->' caused LexerException: Unterminated string at 1:77

Fuzz 'q-.{V->.fA/-,->2<?>|/"T|/!+' caused LexerException: Unterminated string at 1:28

Fuzz ',&D{!1*)>*!/)N<>-/]MJ|=/A+)v>>[=</#O+-<e.[=}i;Q*>!&+a*&/&;//+(=&>v*=K/vKQO,!&:'|'' caused LexerException: Unexpected character '#' at 1:36

Fuzz '+*+$(&]]];.&iH,;='EZQu!,>>-0j&-U;=|}>*<*|)|,!>/&<+>/<-' caused LexerException: Unexpected character '$' at 1:5. Did you mean '$"...'?

Fuzz '|>!*=7"&.J*<|c({' caused LexerException: Unterminated string at 1:17

Fuzz '*Q|-(>r1<{-[(>o*|;-.)|>'|!+"Z-+=)";/>/)&&E&k;=<+=<=.=*{--;\|o+P&{[]|I,=' caused LexerException: Unknown escape sequence '\|' at 1:60

Fuzz ',&=*H=H.+*-!`|)!;+}=]A=p-=.P*&,/Ei>' caused LexerException: Unexpected character '`' at 1:14

Fuzz '!!|/'*<<&[$=}>+=[*)(&}=^,/!-*+/-<}'I[;<}6+><=>./>*}8'&+[4&|,+?-;>/.' caused LexerException: Unterminated string at 1:68

Fuzz '!"RF)>b<''>-D4|)&-soG=[|+0=)>*+&c|>dQ&&=!=+0\")|>"-;6<*!"+w]>' caused LexerException: Unterminated string at 1:62

Fuzz ')))=-S('&Q.G.]<]-</>[|)>;>[(IQ[.=YG+>y!E+&|{(4"J|L---)[*!*{h&"+/tF&&<*/!+V!"} (&<]?/"ru,></&*;=-<*!' caused LexerException: Unterminated string at 1:100

Fuzz '.f%[|&!-V=/'n_=&'&>.q/f<[[>+!+'y4&vz*C<(]='***-%.-&(<+>(^*\' caused LexerException: Unexpected character '\' at 1:60

Fuzz '9 {]>*+,D!><-N/$(;+[x|&>}==-|!fI' caused LexerException: Unexpected character '$' at 1:17. Did you mean '$"...'?

Fuzz ']-&P5!=(t.-|>,*=+Z=A*E+*<]])k*'Il]+;|>./yJ[-|]/=|}&>*(+>:><,={',/[|/8)eL[}[j"(+n86j$=](o-*!/&++' caused LexerException: Unterminated string at 1:96

Fuzz '"|w<!&n-[=f-/<.L}!;/|;8<>(5+**=<G?&;!Q&l-' caused LexerException: Unterminated string at 1:42

Fuzz '<>-=/@/];(}+==cZB'{\/v<&D+.]D]zV]k,!"}r</!R[&W''{[|-.1=/Bm+L//!'//L+["}]=&'=,,o./(9+[`].=' caused LexerException: Unexpected character '@' at 1:7. Did you mean '@"...'?

Fuzz '>T;+']$|@'<-'x=<' caused LexerException: Unterminated string at 1:17

Fuzz '=L<<'}.&'++}!yEo[&t)<>M-2&=.Y'./*=!{=)&|&H+;}[&{+D=<H]&=n![.>}++>=>C)&;&=C)/>&<=+%' caused LexerException: Unterminated string at 1:83

Fuzz '+!&/&,F*+-<+{A>$'(+=}' caused LexerException: Unexpected character '$' at 1:17. Did you mean '$"...'?

Fuzz '+=!k,&.+--*h||=H<&=g/>.&hLs>}Q}"!d[<(*[<>(w{)<+&"=[')AF>Tp!/{]>!<>'-)!}Y<}'&!*<|>' caused LexerException: Unterminated string at 1:82

Fuzz ']|<{6-}"/,&-,></_<*f,(,/,|,vqy>*_[<[(-})+></ [-5](>{T,+-+)&3*/,>>-,;+d',/+.}*A]"|!({*/@=/>&h/]=|","' caused LexerException: Unexpected character '@' at 1:88. Did you mean '@"...'?

Fuzz ';}"*8AZ|-H}p/&"I()2]^p\}|)=K (+v4)j>*>+!]-1|-&>&|,*' caused LexerException: Unexpected character '\' at 1:24

Fuzz '=Jg<*/h|W[r*},]&/H+"Y|",{<>-7&/=<Q!>,J'".&j+|+{&|K/.|M!!*!UC<+/uk"&{z"];l{-=*=*_>)\+.' caused LexerException: Unknown escape sequence '\+' at 1:84

Fuzz '-]>=|{,Cj'&+<//' caused LexerException: Unterminated string at 1:16

Fuzz '7{};*+*]'/=*.!*f!"&<.,>[;[(/}/!;-<&]='\\\[&=|,++&<|5-;*];+K>=)!|/-Q)' caused LexerException: Unexpected character '\' at 1:40

Fuzz '!&/]=.[-R-*<&/D"**r,<//<;h(}}s*}[|*D*{!)<z:.("c!&<'' caused LexerException: Unterminated string at 1:52

Fuzz '+]=,|_{<!+k[[.]**-=*'yC;B]".+=/*.{,<{&H1|p><|&>/]{*.'"!@t(jpk/<>]+<+>,[<;&!-'=-=c!'](&=)}>|*|-' caused LexerException: Unterminated string at 1:95

Fuzz '$v[$>>&V(}-+&<={==)=+(|'],%7*(<>=*' caused LexerException: Unexpected character '$' at 1:2. Did you mean '$"...'?

Fuzz '{{*&{.**}-|-.b('|},)|/={+D;'A"&}' caused LexerException: Unterminated string at 1:33

Fuzz ';A<-;/Q]&>z/+-=>=#[//!I!&|&{'!.r+(a+!.>}=/h-/]&+*!-|*}xO&<<{>&]!&)<<&X{"Uq*;-).|=;Ko<]+*}rZ!&(,' caused LexerException: Unexpected character '#' at 1:19

Fuzz ',=l{-Kf"!Q&-3#<+=#!=B-{{!|{6/=Cw*+=|{' caused LexerException: Unterminated string at 1:38

Fuzz '-[-['|=_.|=2=7|+>&O(<l:\8+#&)?*+8Cy&/[=*3tz++"=++",+"-!9|;ro>upF-{v/(%;<>Oi*]'k<={&|'' caused LexerException: Unknown escape sequence '\8' at 1:25

Fuzz '>"+S>'|)l|!*=[=!X'}!&.'&[=0-.R"?&&hU|<)+,;,z"}!=+-c[x*||!,]--v=;!<--|R!|;-/|'+>q<=<>*-];(!-/'+' caused LexerException: Unterminated string at 1:95

Fuzz '+)+W=>+<*!;7!<@*&-w6=>&i!>>(=;(a}i>>/[+V*;<,>=F/.;h`&|h{"|!<*/+{<-|(U<!+}/' caused LexerException: Unexpected character '@' at 1:16. Did you mean '@"...'?

Fuzz '>]"<-p)*s+|!-.' caused LexerException: Unterminated string at 1:15

Fuzz '<>)}$-+<!|'<;!>!+,M+' caused LexerException: Unexpected character '$' at 1:6. Did you mean '$"...'?

Fuzz '*-{'|!<=;X-;.+>o{=' caused LexerException: Unterminated string at 1:19

Fuzz '(E];<>;;/{|/&+{[+"<G!]}\<!<.#|*+{=[=*-!<+(!d/+g>m"=I*,,!5*(=H0+}-)/*"&'<U/&<O>z>[{o|>'/}i;0^'+(' caused LexerException: Unknown escape sequence '\<' at 1:25

Fuzz '*K>+i'<++)/+!t.&|>*K\*.-+>)}-/_(**-;xV}T=}/d+-^3<!fBJ'*]!&5*+).]M-)&=|/}<-H>*{[6>=cM/#-^//!-*(t=' caused LexerException: Unknown escape sequence '\*' at 1:22

Fuzz '=]|**;$| =&[<">P+,!"<+"&/BM<!' caused LexerException: Unexpected character '$' at 1:8. Did you mean '$"...'?

Fuzz 'a,/i%!>=>w>-=xB}V/+;&|*^*t--'-!}w+|&D*m>?"&|.-*{(,<>`c,+.-;h4!=' caused LexerException: Unterminated string at 1:64

Fuzz '(+N,<@< <x`y;>|@(-+=5/=}+>&x&-=' caused LexerException: Unexpected character '@' at 1:7. Did you mean '@"...'?

Fuzz '-uF'")><A!]I}!-h/(W&!|$.=n>,*]|)|'&,|'(+&' caused LexerException: Unterminated string at 1:42

Fuzz ':Dm"=<?|!&']**+|=<>&<&}]*>!`>*`*#=/&w)n4/*\{=E/=&*!||<&i}!/{,`h]sI)}/' caused LexerException: Unknown escape sequence '\{' at 1:44

Fuzz ',9!n.><,&!;=!;\[-+]|/E!G>|'&'/>,/-*]c!!-^({[Z,]r"/H'.<>""6)/!&U>R*&<&-' caused LexerException: Unexpected character '\' at 1:16

Fuzz '->[|g{[=][>})j'/)>!!+{>(*h+]=&=-!|+*{-=)!.|{.&//<O#='&+!{?"W<*!](!k/!|)-,&=W.*=' caused LexerException: Unterminated string at 1:80

Fuzz 'm/]>I(-*Ub)</&&;;*/g>{!/&Yd-\&|<&{{T|"*r&*)"3<'=6?!|!>]++|*!/|`!>&=}!=>('&>{N' caused LexerException: Unexpected character '\' at 1:30

Fuzz '/;R/'r]Q&--)][>&!-=y}=>"'++-/]"}+=j>t><=&|<;;}_<!</*'m'w"=->'j|3||b=-<<';>*^N|*|->}*.-"*!' caused LexerException: Unterminated string at 1:90

Fuzz '}|(/+*/+]/&>'e,r<=:;)|;Y;{},/([=[I>}:!-]=-]n}|e*|/' caused LexerException: Unterminated string at 1:51

Fuzz 'P*"|+/&{[k{+/G[|/|+*+>{+' caused LexerException: Unterminated string at 1:25

Fuzz '*y.,*A*g>&A*>|<",<]=}&=]+ 6]+i)[|,&&' caused LexerException: Unterminated string at 1:37

Fuzz '5"";"+}&}=!./*=>/+-,!;/!]+<-!->}Y,|!]<o}x,>R{u';/5p<'-=S]/' caused LexerException: Unterminated string at 1:59

Fuzz '=*@+<>!;L,!/n({/=]M!|=!(/G&X}' caused LexerException: Unexpected character '@' at 1:4. Did you mean '@"...'?

Fuzz '(}+S%&{#=|+{>x=/>]g?>}<|=/.(&,">|&<)?>+>&)L!=,-<&*'+O*5"+|!;|!/F-/(-=-<[-&|)|;>'||,E}].&L;' caused LexerException: Unexpected character '#' at 1:9

Fuzz '&!>)}{!**&/.)>-/(|L;8B{]!K(&&"<;|"}+-,&+)*Q-;&>l|)!=)=&<&!(;|{|&[|r*9t![.{Q&[!]-T</=>$G"/u!;!=' caused LexerException: Unexpected character '$' at 1:87. Did you mean '$"...'?

Fuzz ']#l]R]><"nw!]*|`-%*2|*-]>fru=&'|"//=3]'$-//;/|.|!g,-!<,|,.]Ux=*,)+})*i!{=<&|=.'*->'' caused LexerException: Unexpected character '#' at 1:3

Fuzz '"*,=t[/<'b;;{}4*{!X6)[[;/]:[eT>}V''/>&+za.m&{+E.</]=-*]-|+|>&\+/U|/8={"!|=>=/' caused LexerException: Unknown escape sequence '\+' at 1:63

Fuzz '&V-|!==;&>*-/}/<[=)*5.+/(=,/+[-&,+,{|=-/FL;&|'+.<<&,].:-:>&>-Z,!>>*}[=E'++-c]".>->*,,|<<<' caused LexerException: Unterminated string at 1:90

Fuzz '=*/)X=|(W/-k>+/|+++& &]-{4-,|"(' caused LexerException: Unterminated string at 1:32

Fuzz '<<+|-T..`b)!_>]H,' caused LexerException: Unexpected character '`' at 1:10

Fuzz '!+BW|/<|[h"]&[<3|!/>-M=>.'|.!W[/!/=Cq%&-&<'.(*rH>=J=//",/>A|;!|'>-|!!=#+|-,)-)|+&.m=._]!>(=|<' caused LexerException: Unterminated string at 1:94

Fuzz '|D{|/|+.}v<}!|/c<||*[(^+;<s<(*&/-[/!<++-+CZ/.2m}*=c(-;*"**{>*Q'|]c|K' caused LexerException: Unterminated string at 1:69

Fuzz '|v=(M\[><+';>[>8}=' caused LexerException: Unexpected character '\' at 1:7

Fuzz ']*<>&!={,<{j'--z )+jw;!='<,|+,{:|x=*])-& =.,!./z$++=>k{-}+|t{|"`&&X'=}>&^0>[+=^>/!"</{&=!/-><&@[|' caused LexerException: Unexpected character '$' at 1:50. Did you mean '$"...'?

Fuzz '(7!Ex||++&\<-&]".-)ew*67>Sp[|r<.&&-]/&K|>|+||](]}ws{.=>{=7c&,Aj!>' caused LexerException: Unexpected character '\' at 1:12

Fuzz '!>>+;+&-{A+*=,)+N/=?|=!+/=[>|>1=|!!Z<]<d]&A*={o|!;[{]<{[+=.>!+;!!<'|+&5' caused LexerException: Unterminated string at 1:72

Fuzz '}*|}0*^<7=+;-<,={==&><>*&..&>fi|.{-,{,/;+-ri;-]/&u(=0*-!n&]<'/'*p&.,cc;[./=,'n-!]8>*(.<>.->l{R(|*' caused LexerException: Unterminated string at 1:98

Fuzz 'k`<'T!+(\<O]*+>(={]'}&[>/(|&>=&}{(),|[X]/&' caused LexerException: Unexpected character '`' at 1:3

Fuzz '|='/(!&*>&X{/I)]>|-"-<+>;;=-&"/!-/[==}-,!'\;^1*J=!*&'|>i-",|/+<&X(!6=>}T/<{&k{C{(' caused LexerException: Unexpected character '\' at 1:44

Fuzz '-.<;}]-<|j>*=((-=x!7=+!>l!<-}"=<n[[G|/>\;|"Lr|-|*}Y-O|' caused LexerException: Unknown escape sequence '\;' at 1:41

Fuzz ''[}L/\!o8)=*\=!<+--<-+/`.m[] }!&(1C!(6L|(|]>&}' caused LexerException: Unknown escape sequence '\!' at 1:7

Fuzz '['!(|,}+@-{;[v>-P[*(L[&R<.<>;,,w_[(>;!J/' caused LexerException: Unterminated string at 1:41

Fuzz '*6+*XB&D!a,d{/!M@K`*|||x->E|' caused LexerException: Unexpected character '@' at 1:18. Did you mean '@"...'?

Fuzz '"z,-<|>=*<*./h-+' caused LexerException: Unterminated string at 1:17

Fuzz '+!=W[<++'S*",-%*&!;.+-<*x=>[!(B(';V</)"&b='*(|-';*' caused LexerException: Unterminated string at 1:51

Fuzz '&{6&'!+)3o=>L;||&+<>!)=!k!&3&9{;+|[*W-T=7,--'|==h;<-a=u&Y!>Y>,](|]/.+d(],['-/{[|"pjG![<*+*-.<<' caused LexerException: Unterminated string at 1:95

Fuzz '&*|.+&HV(/<5"-(/2a!/&%-)!=W*#=><i<!&=>/!)}yb/>>*!)|!j/+*{->]|=|&I*"i">]+,*#>[k' caused LexerException: Unterminated string at 1:79

Fuzz '|*>![pe/+!.,&'"!w!|'}{*p/&H&)&!|.].`&' caused LexerException: Unexpected character '`' at 1:37

Fuzz '!&>({&*/>"J><p/yV|u<-*]' caused LexerException: Unterminated string at 1:24

Fuzz '<3.{}"k({W@}!{a}*5=!j[@& e;-!ks,*'&/i{-V-(>&=|iro[-.$;t/_!|=,<{m)S&')!&-)i]|)x' caused LexerException: Unterminated string at 1:79

Fuzz '*9<>!D&<!;/;)&AK,),M=T*&}<;g+|`*+>++o(6,' caused LexerException: Unexpected character '`' at 1:32

Fuzz ';(>r)f,!'v;<W{|M!&*]-=P}<[{*;&+-;b(/<]>-!DC)'*hh*<>zC)!</">''|!&<./=T|=L!*+7W'|m<1'*Y)_-+' caused LexerException: Unterminated string at 1:90

Fuzz '!!",;P=+|;>==*' caused LexerException: Unterminated string at 1:15

Fuzz '&.)*2U-V|*-&,=>}</S+@+';{>>!+]!,==>,;,.!;/+=Z(}[;;4+!.m!)d*/[]/}}' caused LexerException: Unexpected character '@' at 1:22. Did you mean '@"...'?

Fuzz '/][*-<"o/),/>+=' caused LexerException: Unterminated string at 1:16

Fuzz '*}&*&@+,P"*B>|>[q&([!$,=>|.=-=-<=*"}/.-=>+-&}*(5y/,Rq!|-&+!]<|=!(*>|' caused LexerException: Unexpected character '@' at 1:7. Did you mean '@"...'?

Fuzz '.();X/Db,{2|*<>>"=|^[,+=-{}!]--C!=|>'>,/(=<++M>&;"./|.#t"-<](+T|rx!*<]}+9=:+' caused LexerException: Unexpected character '#' at 1:56

Fuzz ')+,n;*;.&|./({{>|,&}&"(/=!>(U|<' caused LexerException: Unterminated string at 1:32

Fuzz 'k|a=[^*'=.*/->=-[x+' caused LexerException: Unterminated string at 1:20

Fuzz '-/<*&!{[-&-&-&<&-|;W=L}&6'&>kpNB/c,u.=\&l!>==>)-*<h!|XEH/,Pz,>&'[/&u>Nz>F,'<&!',' caused LexerException: Unknown escape sequence '\&' at 1:40

Fuzz '.*/'.>-=Z'/"|)&*T<&<|/*==++w&!C!{,-W=&/<]-+&{&=^+ &0-' caused LexerException: Unterminated string at 1:54

Fuzz '}<0<+.|L*]<]|++>/==hb]+@Y>",-&-N]![.-..<'<[.)y&<J|A/=-}4|[Z+!+=,)<&|,><N>&=;-' caused LexerException: Unexpected character '@' at 1:25. Did you mean '@"...'?

Fuzz '.q"=(*=/**,&&$=><{/+'Ih!*|C[{+=.(-]**|".#|,.8|''\:=||&/||O-5^}<(;!f/!!"|&&/*"' caused LexerException: Unexpected character '#' at 1:42

Fuzz ',[*=[}(&j!+o'mDs=|&=<!]O}Sl,!u!c+*} |<+,nu++(|-/]<' caused LexerException: Unterminated string at 1:51

Fuzz ')k3X}<>**-K=/).9'[+A*?=>,*};%Dc(&.r>+s;,|x*!.{,==*uf<,>=(B.,\' caused LexerException: Unknown escape sequence '\ ' at 1:62

Fuzz '>+(+"U=[.+_/E|&7&R<{|!+|.;=*(`q' caused LexerException: Unterminated string at 1:32

Fuzz 'r-H'//,/<";VP&**|4;]C<&>;*,=y/>+'+|{|<!++-G2,!>{*}Q*'!;' caused LexerException: Unterminated string at 1:56

Fuzz '}!}"z!<|'|.;|><)!&->w*-,=v&F.R(-<)+i>>,*yd.=+=&k&+!-|!!' caused LexerException: Unterminated string at 1:56

Fuzz ')<'>N()*AC]="]|+v[1-s!-.y|(={[&|](6=*(/|H],}.=+=&9&]{|<}|-<*/,B;.=e!]l*<m' caused LexerException: Unterminated string at 1:74

Fuzz '&++Q=!<<|!$q;!s<v*|"-!>^d*>=;+++="r##*=>+|)-!<}+E>/"RH&/Q-N+&@!jx/)"&r<*>=+{&[|*+/-' caused LexerException: Unexpected character '$' at 1:12. Did you mean '$"...'?

Fuzz ')P<*/<!=;1i!;=b-)SH[:!#+{|&+e})O&{(!,*-<{7&/!)"<!4K.!/}{8/|<"F&[+|)<;\r/F<!!=p-|"<.}}|"sq/=]<F-"*N' caused LexerException: Unexpected character '#' at 1:24

Fuzz 'n+&$Or,{{]*|)!*|;D-F=;(8=.)=<]Y=&"->*>}f/"'`=.*'+{|)'?|'|,/-"*<-[' caused LexerException: Unexpected character '$' at 1:5. Did you mean '$"...'?

Fuzz '+!/+'J/e!|&!(R' caused LexerException: Unterminated string at 1:15

Fuzz 'l+)^/=!*9|;*,|["|(*+6";-'=}*8W!+&-D[&<#=+=+|=p><!+<d.' caused LexerException: Unterminated string at 1:54

Fuzz '<y]+Q<""oK*}a!||c)!+;*w<m)d|'}-![=U{'\}uo;U/&+/-.ycN-N-&`1,/{(+>),!+=-.!P;>t{<-<&>VY' caused LexerException: Unexpected character '\' at 1:39

Fuzz '*Au-1)]|W(*=/!+*'=&&=' caused LexerException: Unterminated string at 1:22

Fuzz '--<("=/+})(/;!!<_)!1F*|*&(*!<=*<[&m/X.,[;['>*=,3!-{.'>'==({/U"w-*\ge<8-"^/*|,6C>&l|[""<'m|veJEf+-' caused LexerException: Unexpected character '\' at 1:67

Fuzz '8<'=&ej+/=p/&O[(}[B<"+'&*&&/|x'(!!]' caused LexerException: Unterminated string at 1:36

Fuzz '/}*l!=&-<|[+M9v(!(+(+"&@)&/+.+[,<+//{' caused LexerException: Unterminated string at 1:38

Fuzz '<*>/[xbNg|[+,)}<>B&,.<|u[")&=*>>}=>I\&4|'+=]-)||,</.+;(.<|-i**d%<=R?]*+(+m*' caused LexerException: Unknown escape sequence '\&' at 1:38

Fuzz ')*^,/s!f-Z'uSp*F]^}{<Z/+,>p-/{<-|&^<\-+/|*)!+*{,>P&+\/<A!!=;)I'P)>I!;'={NP' caused LexerException: Unknown escape sequence '\-' at 1:38

Fuzz '--}-[)<+,"/**>"|.(+,u<|)/{-/->](}p/-'!1>}-]*<?o[-*/&-)<*}..>|{.!X>wnV' caused LexerException: Unterminated string at 1:70

Fuzz 'R}=>I|h!}}p)|)!|>Qjk|<K*]|,-|"(r&-"|*"nc&&>H</]}' caused LexerException: Unterminated string at 1:49

Fuzz '+c!|'j-.*>!:/|'<N.3;f>**/{--|{-!*<]w(|i8*+!"i>[*=Z/&+)L-}+-,<' caused LexerException: Unterminated string at 1:62

Fuzz ''+DoH{|/+rh/{+M+k/=;*z<>h(L"">&>/<+!H.=+&7,/)+*--&=- aa)"8/==/,,-ZW=[&U' caused LexerException: Unterminated string at 1:72

Fuzz '{|{>>=);-{}"+{[+y.3&!-}*+'*0"|X"+-k;]^6"s|+"o,/.<w}k|**;=WZ|=)-!' caused LexerException: Unterminated string at 1:65

Fuzz ''*[<N+'a=W=/+(=/'+-"&"+.,'./"AL%,>|!M=-|.|;'(-/-*>>>.{=+|,]+&=/+|' caused LexerException: Unterminated string at 1:66

Fuzz '&<>|+*+m|y#<;=+|"!A-< ;.<++(]6++&};=-+(}0!+h);>Zdd?}]*y!'!);|' caused LexerException: Unexpected character '#' at 1:12

Fuzz 'V">=/=)=.{' caused LexerException: Unterminated string at 1:11

Fuzz '(>=]w<C/|><>/>||'=>&[W;/!]/></"/k&7+4}?]**|[&*)*|&/D=-/&/<i/">(!' caused LexerException: Unterminated string at 1:65

Fuzz '<-;>!&=!-M<=&T{+=+(.:;<c<>!*n=*-I-i!,&k&3"/].&n'5' caused LexerException: Unterminated string at 1:50

Fuzz '&)y|];{&+-"<-{/!#>+!B&;+));&=|!+*W-v=*}+</&,+&=/;|' caused LexerException: Unterminated string at 1:51

Fuzz '&=--.}!D>,<})>i[Z-<<=<=;,|> "|-! /+]"!]><\]';>5,'!K( +],4y>+L|*-<!,L/.)mw{#i!==.-*|&-wm' caused LexerException: Unexpected character '\' at 1:43

Fuzz '}<&$<'/8/&|*!-&-,|V"&+W(>;[/nN{/j;+}-LpA].|-!*o|,d"})l-:&M-/n--' caused LexerException: Unexpected character '$' at 1:5. Did you mean '$"...'?

Fuzz '.K/'er=|-<|!+-xmX&v//"w*+<|!*!///=J*&;[<9(){//6U/-*!B<}//W+&:<v[+}|/&&{{[/&+{|/}+;>[)' caused LexerException: Unterminated string at 1:86

Fuzz '!<{=*>|{=O>=-[/-"!="/(>{&L/&{|*=#!>[=&;!<[,>;&#P"=;*=&E}!#;!&K]=qF#;[[*!+"/>**&=&,|=+|!/;' caused LexerException: Unexpected character '#' at 1:34

Fuzz '((;<|>$*}>.&D}v' caused LexerException: Unexpected character '$' at 1:8. Did you mean '$"...'?

Fuzz '|/&+<-aR=6]<,6[}w=&?/<.>",((>}.>)."[}|!!=|78=/'[?{<E=Z' caused LexerException: Unterminated string at 1:55

Fuzz '.<),&(<D/!<5*!'&D*}r<?-(*]|)Y|({{-[>&!/!&?/*_j*}(-E->U{< +,Q<v<{-a]&}[(&,!>' caused LexerException: Unterminated string at 1:76

Fuzz 'Z <;5&+p>=&/&x..&|L>/>"<;},*|!>>+f|h>.S-,' caused LexerException: Unterminated string at 1:42

Fuzz '<;?/ui&++{"&[<(/<"d*{&/,]-y&)%>|+c<-&""_(||'>|{<-|Vd{{' caused LexerException: Unterminated string at 1:55

Fuzz '[->>./L,+>;]+&&;&=#<!;{}*-l};i}/}}*!=/}/-j}=&[*},>G,3I*/!-<i<>|!<:&"(' caused LexerException: Unexpected character '#' at 1:20

Fuzz '|)/!|(>l|&;!"]</<m},<B-m\z>0`i>!+"v=<`>[K<|*+Q-:.<.K/' caused LexerException: Unknown escape sequence '\z' at 1:26

Fuzz '>=-AC.<*; b[*&[([L**d|=&<,}&*8'!="=|k,,+*&*.+!}/|*U&):-,,&bR*,==}|<s&*Xn&!"{<^(}6/**->.,&>p=<|' caused LexerException: Unterminated string at 1:95

Fuzz '==(<J!+&(&&(|/(|{!<<[](+&"&*>K&:*!B&+=>S<^==||">'&+V-!>}*|{*A"^}O-)' caused LexerException: Unterminated string at 1:68

Fuzz '"&b<+-F.3,=a}={|+-4.F*|*<<+[&&[<>"KO|"1!z||.!(<I&,'/h>(=.v'(M)$|hH+==s{."H.K/>|{;=b-}+&.(]||"N'}' caused LexerException: Unterminated string at 1:97

Fuzz 'ov&=}<|x&"<*];- -^&>&$$lX!<;!-}[>![}&<<|(n-(-*+=*2="J`;+>3.=-!k<>[=*;j||5w/]<{R;</!&*&Tq*+//F=' caused LexerException: Unexpected character '`' at 1:55

Fuzz ';>*>|a.|*]*V=&!<!"*)My>![{+"i(,0)r!/%!+|*/-[-/]{P*>=}<']={<+*>>;<v&>,Jh;o>|>+<I<!-])"O' caused LexerException: Unterminated string at 1:87

Fuzz '2'|"+]+#=rw=m{.).*"wg"|R&'*-"){=' caused LexerException: Unterminated string at 1:33

Fuzz '|V|!>w[A*&5=4"*]|wT/|`0//},>h>&' caused LexerException: Unterminated string at 1:32

Fuzz '+>-)b1>&T<Z[Y]>p]4["OI{!o/*<*}j.G}{,&[)}=!=k;<+N>q[' caused LexerException: Unterminated string at 1:52

Fuzz '}|`|!!^}+*>V=&["[=!'*)4@=,)`-{*+{!;1,+'|;*/>>. $|/,|/+[$Q*!<&=[&=|&<|*|/>[*' caused LexerException: Unexpected character '`' at 1:4

Fuzz '>."'}-H=-+&$>';!{|J*;|;*{o,*iy+<<>||(./&xw' caused LexerException: Unterminated string at 1:43

Fuzz '<!b[/<<|{;!/<,=W<_:]`[+>&,p<"','/$,]E})]*</-)/;/F|)n&>[>*O&/[EO+--3!|}U}-&W-F=>**|];**]=&>,<=]"{0&' caused LexerException: Unexpected character '`' at 1:22

Fuzz ']/.<>;->.}-[<|<[]|(wy<i*!(,].)};P-,&>!(=<F("{+]|,+,!'' caused LexerException: Unterminated string at 1:54

Fuzz '<,z-]*+'9;)/|>5)&-)-p,x+&)''f/|+"!!)T.' caused LexerException: Unterminated string at 1:39

Fuzz ';,>/Qp&&--+{5+&(.;=+,&}<*=,/)<' =|!'</h]-<!{/2-<<.'=[<,&|O/{kW,&*<+!=>})=8' caused LexerException: Unterminated string at 1:75

Fuzz ']](;'>-=>&<}<>&/-R+' caused LexerException: Unterminated string at 1:20

Fuzz '*'&>y/*''{(/]}&.,<="|&*P&*MV;>'].s=A{<&U[=-|h*p=!,/!+T/h|&}|!"' caused LexerException: Unterminated string at 1:63

Fuzz '&'!5M*'<*->-/|)/"|.!G(,)Q+m' caused LexerException: Unterminated string at 1:28

Fuzz '>r*,!2*<b>5<,#r}{' caused LexerException: Unexpected character '#' at 1:15

Fuzz '+<>=|av('<V+=&>/#[N</='gq/>/|=+d-!;:|>'u]/+).({)9<&4(-S<{+]y=x!+L](!&/C{+Z==&-]-!=G' caused LexerException: Unterminated string at 1:84

Fuzz '"*&<}&-|>&&Y>'<;/><' caused LexerException: Unterminated string at 1:20

Fuzz '&)v*_*>'h+_*}*}<||<<>]|(6+>(&F]&|-"}a&"+S>*-E]+=<=&GS' caused LexerException: Unterminated string at 1:54

Fuzz '</-|w!"-jw!<W[[!,f +=!+aS*=/T/4{q+i>=}/|/Y<W<<-.-(=/|]'7*>t};=/})"<iFK<([[*&8|{/]*('*[>%**#' caused LexerException: Unterminated string at 1:92

Fuzz '>=="]#)}|*[8><=*/|'{ -w(-+!]+<3-={*&*;=+&!=)' caused LexerException: Unterminated string at 1:45

Fuzz '(hX&)>%#+X|=!:*!'*+",|' caused LexerException: Unexpected character '#' at 1:9

Fuzz '|*{/b>X`'+z={/>.[}-|c<6{&PDar(<++-<S);+<<*/='=*&T' caused LexerException: Unexpected character '`' at 1:9

Fuzz ''-9x|D-+))&|}\=Z<]}@Z/.>+&&/&a/>T+&!/[.+]>>+'8n,+[' caused LexerException: Unknown escape sequence '\=' at 1:15

Fuzz '52(**j&#"*[<*<(>/(*"t' caused LexerException: Unexpected character '#' at 1:9

Fuzz '-mM!!([G,%{|is&+-+[;/-&+};*$=//|>z(.'&&{>Fb7))}|$A<f+)&$===;<|&0|+%g.t;*</1(^E-sPD' caused LexerException: Unexpected character '$' at 1:29. Did you mean '$"...'?

Fuzz 'h>+.q./r>+m."/T-(]+<+U|=*R<-/!'' caused LexerException: Unterminated string at 1:32

Fuzz '!,*/V[-.<W<(=&W++te|>.]-*|t'MY>y=_X'-9>0!->&-'r<"<(%(!>h&==*!#>4*>{y;<>*f)>{;(-' caused LexerException: Unterminated string at 1:80

Fuzz '-_#<j!'Nn]*<<6!>>>Q+)>)(=+T>(W/0;&y<"|;+&<"?;|>-*!F]S/**|"->*+&|)!'".=-_""' caused LexerException: Unexpected character '#' at 1:4

Fuzz '"=-+(+K/@Qt9/=(-}|,<[!,Q'd(W,' caused LexerException: Unterminated string at 1:30

Fuzz '$)}S*P./<;){b=<|={>?>=&{>)+)]"' caused LexerException: Unexpected character '$' at 1:2. Did you mean '$"...'?

Fuzz '$-,k7<=;X3]&&N|*=]/.`I{;=[4(*/}.*|*|[-!&s**;f-8b+*c' caused LexerException: Unexpected character '$' at 1:2. Did you mean '$"...'?

Fuzz '+I>*'&=H=>||]/+=*'+V'r{ \=|--l,<<!**-+z>Sp(+}r=!<>="+>=+-{&' caused LexerException: Unknown escape sequence '\=' at 1:26

Fuzz '*/<}&[!z,D.-;{"&=-}X!}{[C>.<\?j8/wl>/*B=)/<)<(+/,' caused LexerException: Unknown escape sequence '\?' at 1:30

Fuzz '>*&+-|=&=a+P*R&*]*+/|K!=v>+,>g=s}>`=[>'|M!.|!">+[-!<'M*"[&<&->/}}/!E&=;=+'|/""<!)>(!>,' caused LexerException: Unexpected character '`' at 1:36

Fuzz 'l>]>r>">Xw^/.>+{&!-1-|+;/}[|+![/' caused LexerException: Unterminated string at 1:33

Fuzz '&sy>4n<!)WN's-*=i&/||*!<K+".R.*!|-&+()P|+]={{/.|=)u-;' caused LexerException: Unterminated string at 1:54

Fuzz '<>;;U+)+}[k(;>$//K&9&+}=>-'/!&(&<</"<!>!-[<}/*|.eu'/w],4'!ke!*<<&+['+.+L-.@;S*].=>;U' caused LexerException: Unexpected character '$' at 1:16. Did you mean '$"...'?

Fuzz '[|{"i-)=-',&*+*X!' caused LexerException: Unterminated string at 1:18

Fuzz '&r!">>)./]!|w!=-{}62)c|iG".*!+K](=.x;*3!)(->|/['/./-+d**/.)=s<&}=+&=-&-/=!>|",>.)!&' caused LexerException: Unterminated string at 1:84

Fuzz '&=+}c;-/-[;>|!(/N<|/-[W*6/#![>L>*==+>,&|r' caused LexerException: Unexpected character '#' at 1:28

Fuzz '</!;;]/}:<>[<.oL&'=><}x+0)(]!*&>*+/&&"`'-"}-/)<' caused LexerException: Unterminated string at 1:48

Fuzz '-=)=><z"@*O|[<!./.-' caused LexerException: Unterminated string at 1:20

Fuzz 'z*>*)>}(+z(s*(+%9M&{=.*>->G>/|i|<w'+/!7/!+I=-->6-|/}<}DKM*>,$;>`,|]/f<|>*]6.' caused LexerException: Unterminated string at 1:77

Fuzz ';&W**[--|>]*-=:{|['+u>{/+/=+/|*<!*-+!!' caused LexerException: Unterminated string at 1:39

Fuzz '.&><-Q<::+;"}(-{;.'*"T&*{'</<P;d-O',|Q!=J,>'' caused LexerException: Unterminated string at 1:45

Fuzz '-n=|&!&Q7(|q >(!"*Q*/7(^("q7|/k=|q=s!w>&)E)|7"(-H!!,};=&'/![*/|>' caused LexerException: Unterminated string at 1:65

Fuzz '$==)K}-H;({.+]-+|,<Mb{' caused LexerException: Unexpected character '$' at 1:2. Did you mean '$"...'?

Fuzz '<,{=O^b>^&|&<+>?>>_+!)'(=.,,v-.%-=;]*=N=@8*]!&`>)&' caused LexerException: Unterminated string at 1:51

Fuzz ''<!/<.{!)&e/}!r/&w3v./<&+*+/;<;|*<-< Q//`t<4,(*)'*}V}">>9;+n&=>|=[-V!$]<!3!*#=}]),&<+*@=--S>-[E>' caused LexerException: Unterminated string at 1:97

Fuzz ')"[!,>/{;]7*"'=-({+/!w7*E+<">{p/*<Z<{/Sz*]("W[**&' caused LexerException: Unterminated string at 1:50

Fuzz ')+!=!*=>,"*!;/*w<|=|/|,|>'v-c+.+/w=+){('=!=!||{{+/..,' caused LexerException: Unterminated string at 1:54

Fuzz ')1+hT)+|**+!#;=;"'-+<!<}6e>='' caused LexerException: Unexpected character '#' at 1:14

Fuzz '=!:|<=/).k(/,/,+{U7x{/@=<|B!' caused LexerException: Unexpected character '@' at 1:24. Did you mean '@"...'?

Fuzz '.'S>=|&<-*><-.|&-k[!!*+]|*("u;b;,,^I[0]>*<g!&&|<//[7+B{+*&[<-*//|o+<<&/}"<&-yC=|D>(}-"}:])-Zz}!!,p/' caused LexerException: Unterminated string at 1:100

Fuzz ')0.[`'H<&wH+/-||+;/*'W]+>:''K*+!("!<ah]<*b<"[}*+q.&' caused LexerException: Unexpected character '`' at 1:6

Fuzz ']]=.'>7|+=C{!|);-K.,/[>/+}*!|".|<-/4/_T(-||["(' caused LexerException: Unterminated string at 1:47

Fuzz '}}[|+}]$?=+*O>&!=!+=9</|n'><' caused LexerException: Unexpected character '$' at 1:9. Did you mean '$"...'?

Fuzz '}!*-=![/[>>|=Ud*,>[(}(+/|*=U,-|+8+,>-![&'M-+'`w=d=);D' caused LexerException: Unexpected character '`' at 1:47

Fuzz ''+&!><+&n])-+Q<>g-]<&")&' caused LexerException: Unterminated string at 1:25

Fuzz '|.<f.*r'"]]>-*|)k<.{|+NG!]/{;-//=!"=*C*!3)&d>&=+;=*&#' caused LexerException: Unterminated string at 1:54

Fuzz '+)]]&H=!);/!-E<"'*<-)z-w|}!"(>-!?#&=/"<u{*|;)h"/|!+)0[&(/*!E,-<' caused LexerException: Unexpected character '#' at 1:35

Fuzz '|-;N&J<|};+R<S/|_.c*'B!,=|}&,+-A/]!)>j*>!|))Ex.[W,[=>|v]"-">*B|&,<<.>}>>}l-+;C-' caused LexerException: Unterminated string at 1:80

Fuzz '}/|/.$+|C,&"</<+;#.-P""|])){OE{./D>=}}.!&(&=!(d<!&=]/*vc-,!')`]!1*=/@&>h}}%}</|/M1' caused LexerException: Unexpected character '$' at 1:7. Did you mean '$"...'?

  Skipped ManyChainedPropertyAccesses_ShouldNotStackOverflow(100) [< 1 ms]
  Skipped ManyChainedPropertyAccesses_ShouldNotStackOverflow(1000) [< 1 ms]
  Skipped DeeplyNestedParentheses_ShouldNotCrashProcess [< 1 ms]
  Skipped ExtremelyLongExpression_ShouldParseWithinReasonableTime [< 1 ms]
  Skipped ManyChainedPropertyAccesses_ShouldNotStackOverflow(100) [< 1 ms]
  Skipped ManyChainedPropertyAccesses_ShouldNotStackOverflow(1000) [< 1 ms]
  Skipped DeeplyNestedParentheses_ShouldNotCrashProcess [< 1 ms]
  Skipped ExtremelyLongExpression_ShouldParseWithinReasonableTime [< 1 ms]

Failed!  - Failed:    12, Passed:  4173, Skipped:     0, Total:  4185, Duration: 7 s - CsEval.Test.dll (net7.0)
